Archive member included to satisfy reference by file (symbol)

c:/program files (x86)/atmel/studio/7.0/toolchain/arm/arm-gnu-toolchain/bin/../lib/gcc/arm-none-eabi/5.3.1/armv6-m\libgcc.a(_udivsi3.o)
                              src/ASF/sam0/drivers/sercom/i2c/i2c_sam0/i2c_master.o (__aeabi_uidiv)
c:/program files (x86)/atmel/studio/7.0/toolchain/arm/arm-gnu-toolchain/bin/../lib/gcc/arm-none-eabi/5.3.1/armv6-m\libgcc.a(_dvmd_tls.o)
                              c:/program files (x86)/atmel/studio/7.0/toolchain/arm/arm-gnu-toolchain/bin/../lib/gcc/arm-none-eabi/5.3.1/armv6-m\libgcc.a(_udivsi3.o) (__aeabi_idiv0)
c:/program files (x86)/atmel/studio/7.0/toolchain/arm/arm-gnu-toolchain/bin/../lib/gcc/arm-none-eabi/5.3.1/armv6-m\libgcc.a(_muldi3.o)
                              src/ASF/sam0/drivers/sercom/sercom.o (__aeabi_lmul)
c:/program files (x86)/atmel/studio/7.0/toolchain/arm/arm-gnu-toolchain/bin/../lib/gcc/arm-none-eabi/5.3.1/armv6-m\libgcc.a(_fixunsdfsi.o)
                              src/main.o (__aeabi_d2uiz)
c:/program files (x86)/atmel/studio/7.0/toolchain/arm/arm-gnu-toolchain/bin/../lib/gcc/arm-none-eabi/5.3.1/armv6-m\libgcc.a(adddf3.o)
                              src/ASF/sam0/drivers/sercom/i2c/i2c_sam0/i2c_master.o (__aeabi_dadd)
c:/program files (x86)/atmel/studio/7.0/toolchain/arm/arm-gnu-toolchain/bin/../lib/gcc/arm-none-eabi/5.3.1/armv6-m\libgcc.a(divdf3.o)
                              src/ASF/sam0/drivers/sercom/i2c/i2c_sam0/i2c_master.o (__aeabi_ddiv)
c:/program files (x86)/atmel/studio/7.0/toolchain/arm/arm-gnu-toolchain/bin/../lib/gcc/arm-none-eabi/5.3.1/armv6-m\libgcc.a(muldf3.o)
                              src/ASF/sam0/drivers/sercom/i2c/i2c_sam0/i2c_master.o (__aeabi_dmul)
c:/program files (x86)/atmel/studio/7.0/toolchain/arm/arm-gnu-toolchain/bin/../lib/gcc/arm-none-eabi/5.3.1/armv6-m\libgcc.a(subdf3.o)
                              src/ASF/sam0/drivers/sercom/i2c/i2c_sam0/i2c_master.o (__aeabi_dsub)
c:/program files (x86)/atmel/studio/7.0/toolchain/arm/arm-gnu-toolchain/bin/../lib/gcc/arm-none-eabi/5.3.1/armv6-m\libgcc.a(fixdfsi.o)
                              src/ASF/sam0/drivers/sercom/i2c/i2c_sam0/i2c_master.o (__aeabi_d2iz)
c:/program files (x86)/atmel/studio/7.0/toolchain/arm/arm-gnu-toolchain/bin/../lib/gcc/arm-none-eabi/5.3.1/armv6-m\libgcc.a(floatunsidf.o)
                              src/ASF/sam0/drivers/sercom/i2c/i2c_sam0/i2c_master.o (__aeabi_ui2d)
c:/program files (x86)/atmel/studio/7.0/toolchain/arm/arm-gnu-toolchain/bin/../lib/gcc/arm-none-eabi/5.3.1/armv6-m\libgcc.a(_arm_cmpdf2.o)
                              c:/program files (x86)/atmel/studio/7.0/toolchain/arm/arm-gnu-toolchain/bin/../lib/gcc/arm-none-eabi/5.3.1/armv6-m\libgcc.a(_fixunsdfsi.o) (__aeabi_dcmpge)
c:/program files (x86)/atmel/studio/7.0/toolchain/arm/arm-gnu-toolchain/bin/../lib/gcc/arm-none-eabi/5.3.1/armv6-m\libgcc.a(_clzsi2.o)
                              c:/program files (x86)/atmel/studio/7.0/toolchain/arm/arm-gnu-toolchain/bin/../lib/gcc/arm-none-eabi/5.3.1/armv6-m\libgcc.a(adddf3.o) (__clzsi2)
c:/program files (x86)/atmel/studio/7.0/toolchain/arm/arm-gnu-toolchain/bin/../lib/gcc/arm-none-eabi/5.3.1/armv6-m\libgcc.a(eqdf2.o)
                              c:/program files (x86)/atmel/studio/7.0/toolchain/arm/arm-gnu-toolchain/bin/../lib/gcc/arm-none-eabi/5.3.1/armv6-m\libgcc.a(_arm_cmpdf2.o) (__eqdf2)
c:/program files (x86)/atmel/studio/7.0/toolchain/arm/arm-gnu-toolchain/bin/../lib/gcc/arm-none-eabi/5.3.1/armv6-m\libgcc.a(gedf2.o)
                              c:/program files (x86)/atmel/studio/7.0/toolchain/arm/arm-gnu-toolchain/bin/../lib/gcc/arm-none-eabi/5.3.1/armv6-m\libgcc.a(_arm_cmpdf2.o) (__gedf2)
c:/program files (x86)/atmel/studio/7.0/toolchain/arm/arm-gnu-toolchain/bin/../lib/gcc/arm-none-eabi/5.3.1/armv6-m\libgcc.a(ledf2.o)
                              c:/program files (x86)/atmel/studio/7.0/toolchain/arm/arm-gnu-toolchain/bin/../lib/gcc/arm-none-eabi/5.3.1/armv6-m\libgcc.a(_arm_cmpdf2.o) (__ledf2)
c:/program files (x86)/atmel/studio/7.0/toolchain/arm/arm-gnu-toolchain/bin/../lib/gcc/arm-none-eabi/5.3.1/../../../../arm-none-eabi/lib/armv6-m\libc_nano.a(lib_a-exit.o)
                              c:/program files (x86)/atmel/studio/7.0/toolchain/arm/arm-gnu-toolchain/bin/../lib/gcc/arm-none-eabi/5.3.1/../../../../arm-none-eabi/lib/armv6-m/crt0.o (exit)
c:/program files (x86)/atmel/studio/7.0/toolchain/arm/arm-gnu-toolchain/bin/../lib/gcc/arm-none-eabi/5.3.1/../../../../arm-none-eabi/lib/armv6-m\libc_nano.a(lib_a-impure.o)
                              c:/program files (x86)/atmel/studio/7.0/toolchain/arm/arm-gnu-toolchain/bin/../lib/gcc/arm-none-eabi/5.3.1/../../../../arm-none-eabi/lib/armv6-m\libc_nano.a(lib_a-exit.o) (_global_impure_ptr)
c:/program files (x86)/atmel/studio/7.0/toolchain/arm/arm-gnu-toolchain/bin/../lib/gcc/arm-none-eabi/5.3.1/../../../../arm-none-eabi/lib/armv6-m\libc_nano.a(lib_a-init.o)
[...]
Memory Configuration

Name             Origin             Length             Attributes
rom              0x00000000         0x00040000         xr
ram              0x20000000         0x00008000         xrw
*default*        0x00000000         0xffffffff

Linker script and memory map

LOAD c:/program files (x86)/atmel/studio/7.0/toolchain/arm/arm-gnu-toolchain/bin/../lib/gcc/arm-none-eabi/5.3.1/armv6-m/crti.o
LOAD c:/program files (x86)/atmel/studio/7.0/toolchain/arm/arm-gnu-toolchain/bin/../lib/gcc/arm-none-eabi/5.3.1/armv6-m/crtbegin.o
LOAD c:/program files (x86)/atmel/studio/7.0/toolchain/arm/arm-gnu-toolchain/bin/../lib/gcc/arm-none-eabi/5.3.1/../../../../arm-none-eabi/lib/armv6-m/crt0.o
LOAD src/ASF/common/services/sleepmgr/samd/sleepmgr.o
LOAD src/ASF/sam0/drivers/extint/extint_sam_d_r/extint.o
LOAD src/ASF/sam0/drivers/rtc/rtc_sam_d_r/rtc_count.o
LOAD src/ASF/sam0/drivers/rtc/rtc_sam_d_r/rtc_count_interrupt.o
LOAD src/wheel.o
LOAD src/ASF/sam0/drivers/extint/extint_callback.o
LOAD src/ASF/sam0/drivers/sercom/i2c/i2c_sam0/i2c_master.o
LOAD src/ASF/sam0/drivers/sercom/i2c/i2c_sam0/i2c_master_interrupt.o
LOAD src/ASF/sam0/drivers/tcc/tcc.o
LOAD src/ASF/sam0/drivers/tcc/tcc_callback.o
LOAD src/ASF/sam0/drivers/tc/tc_sam_d_r/tc.o
LOAD src/ASF/sam0/drivers/tc/tc_interrupt.o
LOAD src/ASF/sam0/drivers/sercom/spi/spi.o
LOAD src/ASF/sam0/drivers/sercom/spi/spi_interrupt.o
LOAD src/ASF/sam0/drivers/sercom/sercom.o
LOAD src/ASF/sam0/drivers/sercom/sercom_interrupt.o
LOAD src/ASF/sam0/drivers/port/port.o
LOAD src/ASF/common2/boards/user_board/init.o
LOAD src/ASF/common/utils/interrupt/interrupt_sam_nvic.o
LOAD src/ASF/sam0/drivers/system/clock/clock_samd21_r21_da/clock.o
LOAD src/ASF/sam0/drivers/system/clock/clock_samd21_r21_da/gclk.o
LOAD src/ASF/sam0/drivers/system/interrupt/system_interrupt.o
LOAD src/ASF/sam0/drivers/system/pinmux/pinmux.o
LOAD src/ASF/sam0/drivers/system/system.o
LOAD src/ASF/sam0/utils/cmsis/samd21/source/gcc/startup_samd21.o
LOAD src/ASF/sam0/utils/cmsis/samd21/source/system_samd21.o
LOAD src/ASF/sam0/utils/syscalls/gcc/syscalls.o
LOAD src/main.o
START GROUP
LOAD ../src/ASF/thirdparty/CMSIS/Lib/GCC\libarm_cortexM0l_math.a
LOAD c:/program files (x86)/atmel/studio/7.0/toolchain/arm/arm-gnu-toolchain/bin/../lib/gcc/arm-none-eabi/5.3.1/../../../../arm-none-eabi/lib/armv6-m\libm.a
END GROUP
START GROUP
LOAD c:/program files (x86)/atmel/studio/7.0/toolchain/arm/arm-gnu-toolchain/bin/../lib/gcc/arm-none-eabi/5.3.1/armv6-m\libgcc.a
LOAD c:/program files (x86)/atmel/studio/7.0/toolchain/arm/arm-gnu-toolchain/bin/../lib/gcc/arm-none-eabi/5.3.1/../../../../arm-none-eabi/lib/armv6-m\libc_nano.a
END GROUP
START GROUP
LOAD c:/program files (x86)/atmel/studio/7.0/toolchain/arm/arm-gnu-toolchain/bin/../lib/gcc/arm-none-eabi/5.3.1/armv6-m\libgcc.a
LOAD c:/program files (x86)/atmel/studio/7.0/toolchain/arm/arm-gnu-toolchain/bin/../lib/gcc/arm-none-eabi/5.3.1/../../../../arm-none-eabi/lib/armv6-m\libc_nano.a
END GROUP
LOAD c:/program files (x86)/atmel/studio/7.0/toolchain/arm/arm-gnu-toolchain/bin/../lib/gcc/arm-none-eabi/5.3.1/armv6-m/crtend.o
LOAD c:/program files (x86)/atmel/studio/7.0/toolchain/arm/arm-gnu-toolchain/bin/../lib/gcc/arm-none-eabi/5.3.1/armv6-m/crtn.o
                0x00002000                STACK_SIZE = DEFINED (STACK_SIZE)?STACK_SIZE:DEFINED (__stack_size__)?__stack_size__:0x2000

.text           0x00000000     0x9004
                0x00000000                . = ALIGN (0x4)
                0x00000000                _sfixed = .
 *(.vectors .vectors.*)
 .vectors       0x00000000       0xb4 src/ASF/sam0/utils/cmsis/samd21/source/gcc/startup_samd21.o
                0x00000000                exception_table
 *(.text .text.* .gnu.linkonce.t.*)
 .text          0x000000b4       0x60 c:/program files (x86)/atmel/studio/7.0/toolchain/arm/arm-gnu-toolchain/bin/../lib/gcc/arm-none-eabi/5.3.1/armv6-m/crtbegin.o
 .text.system_gclk_chan_get_config_defaults
                0x00000114       0x18 src/ASF/sam0/drivers/extint/extint_sam_d_r/extint.o
 .text.system_apb_clock_set_mask
                0x0000012c       0x5c src/ASF/sam0/drivers/extint/extint_sam_d_r/extint.o
 .text.system_pinmux_get_config_defaults
                0x00000188       0x28 src/ASF/sam0/drivers/extint/extint_sam_d_r/extint.o
 .text.system_interrupt_enable
                0x000001b0       0x2c src/ASF/sam0/drivers/extint/extint_sam_d_r/extint.o
 .text._extint_get_eic_from_channel
                0x000001dc       0x4c src/ASF/sam0/drivers/extint/extint_sam_d_r/extint.o
 .text.extint_is_syncing
                0x00000228       0x48 src/ASF/sam0/drivers/extint/extint_sam_d_r/extint.o
 .text._system_extint_init
                0x00000270       0xe0 src/ASF/sam0/drivers/extint/extint_sam_d_r/extint.o
                0x00000270                _system_extint_init
 .text._extint_enable
                0x00000350       0x64 src/ASF/sam0/drivers/extint/extint_sam_d_r/extint.o
 .text.extint_chan_get_config_defaults
                0x000003b4       0x34 src/ASF/sam0/drivers/extint/extint_sam_d_r/extint.o
                0x000003b4                extint_chan_get_config_defaults
 .text.extint_chan_set_config
                0x000003e8       0xfc src/ASF/sam0/drivers/extint/extint_sam_d_r/extint.o
                0x000003e8                extint_chan_set_config
 .text.system_gclk_chan_get_config_defaults
                0x000004e4       0x18 src/ASF/sam0/drivers/rtc/rtc_sam_d_r/rtc_count.o
 .text.system_apb_clock_set_mask
                0x000004fc       0x5c src/ASF/sam0/drivers/rtc/rtc_sam_d_r/rtc_count.o
 .text.system_interrupt_enable
                0x00000558       0x2c src/ASF/sam0/drivers/rtc/rtc_sam_d_r/rtc_count.o
 .text.system_interrupt_disable
                0x00000584       0x30 src/ASF/sam0/drivers/rtc/rtc_sam_d_r/rtc_count.o
 .text.rtc_count_is_syncing
                0x000005b4       0x28 src/ASF/sam0/drivers/rtc/rtc_sam_d_r/rtc_count.o
 .text.rtc_count_enable
                0x000005dc       0x44 src/ASF/sam0/drivers/rtc/rtc_sam_d_r/rtc_count.o
                0x000005dc                rtc_count_enable
 .text.rtc_count_disable
                0x00000620       0x44 src/ASF/sam0/drivers/rtc/rtc_sam_d_r/rtc_count.o
                0x00000620                rtc_count_disable
 .text.rtc_count_reset
                0x00000664       0x50 src/ASF/sam0/drivers/rtc/rtc_sam_d_r/rtc_count.o
                0x00000664                rtc_count_reset
 .text._rtc_count_set_config
                0x000006b4      0x130 src/ASF/sam0/drivers/rtc/rtc_sam_d_r/rtc_count.o
 .text.rtc_count_init
                0x000007e4       0x90 src/ASF/sam0/drivers/rtc/rtc_sam_d_r/rtc_count.o
                0x000007e4                rtc_count_init
 .text.rtc_count_set_count
                0x00000874       0x60 src/ASF/sam0/drivers/rtc/rtc_sam_d_r/rtc_count.o
                0x00000874                rtc_count_set_count
 .text.rtc_count_get_count
                0x000008d4       0x68 src/ASF/sam0/drivers/rtc/rtc_sam_d_r/rtc_count.o
                0x000008d4                rtc_count_get_count
 .text.rtc_count_set_compare
                0x0000093c       0x8c src/ASF/sam0/drivers/rtc/rtc_sam_d_r/rtc_count.o
                0x0000093c                rtc_count_set_compare
 .text.rtc_count_set_period
                0x000009c8       0x44 src/ASF/sam0/drivers/rtc/rtc_sam_d_r/rtc_count.o
                0x000009c8                rtc_count_set_period
 .text._rtc_interrupt_handler
                0x00000a0c       0xd4 src/ASF/sam0/drivers/rtc/rtc_sam_d_r/rtc_count_interrupt.o
 .text.RTC_Handler
                0x00000ae0       0x14 src/ASF/sam0/drivers/rtc/rtc_sam_d_r/rtc_count_interrupt.o
                0x00000ae0                RTC_Handler
 .text.system_pinmux_get_group_from_gpio_pin
                0x00000af4       0x60 src/wheel.o
 .text.port_get_group_from_gpio_pin
                0x00000b54       0x24 src/wheel.o
 .text.port_pin_get_input_level
                0x00000b78       0x44 src/wheel.o
 .text.init_wheel
                0x00000bbc       0x4c src/wheel.o
                0x00000bbc                init_wheel
 .text.update_values
                0x00000c08       0xa4 src/wheel.o
                0x00000c08                update_values
 .text.saveValues
                0x00000cac       0x5c src/wheel.o
                0x00000cac                saveValues
 .text.getState
                0x00000d08       0x5c src/wheel.o
                0x00000d08                getState
 .text._extint_get_eic_from_channel
                0x00000d64       0x4c src/ASF/sam0/drivers/extint/extint_callback.o
 .text.extint_chan_is_detected
                0x00000db0       0x44 src/ASF/sam0/drivers/extint/extint_callback.o
 .text.extint_chan_clear_detected
                0x00000df4       0x3c src/ASF/sam0/drivers/extint/extint_callback.o
 .text.extint_register_callback
                0x00000e30       0x64 src/ASF/sam0/drivers/extint/extint_callback.o
                0x00000e30                extint_register_callback
 .text.extint_chan_enable_callback
                0x00000e94       0x48 src/ASF/sam0/drivers/extint/extint_callback.o
                0x00000e94                extint_chan_enable_callback
 .text.EIC_Handler
                0x00000edc       0x6c src/ASF/sam0/drivers/extint/extint_callback.o
                0x00000edc                EIC_Handler
 .text.system_gclk_chan_get_config_defaults
                0x00000f48       0x18 src/ASF/sam0/drivers/sercom/i2c/i2c_sam0/i2c_master.o
 .text.system_apb_clock_set_mask
                0x00000f60       0x5c src/ASF/sam0/drivers/sercom/i2c/i2c_sam0/i2c_master.o
 .text.system_pinmux_get_config_defaults
                0x00000fbc       0x28 src/ASF/sam0/drivers/sercom/i2c/i2c_sam0/i2c_master.o
 .text.system_is_debugger_present
                0x00000fe4       0x20 src/ASF/sam0/drivers/sercom/i2c/i2c_sam0/i2c_master.o
 .text.i2c_master_is_syncing
                0x00001004       0x24 src/ASF/sam0/drivers/sercom/i2c/i2c_sam0/i2c_master.o
 .text._i2c_master_wait_for_sync
                0x00001028       0x24 src/ASF/sam0/drivers/sercom/i2c/i2c_sam0/i2c_master.o
 .text._i2c_master_set_config
                0x0000104c      0x3f4 src/ASF/sam0/drivers/sercom/i2c/i2c_sam0/i2c_master.o
 .text.i2c_master_init
                0x00001440      0x134 src/ASF/sam0/drivers/sercom/i2c/i2c_sam0/i2c_master.o
                0x00001440                i2c_master_init
 .text._i2c_master_address_response
                0x00001574       0x60 src/ASF/sam0/drivers/sercom/i2c/i2c_sam0/i2c_master.o
                0x00001574                _i2c_master_address_response
 .text._i2c_master_wait_for_bus
                0x000015d4       0x60 src/ASF/sam0/drivers/sercom/i2c/i2c_sam0/i2c_master.o
                0x000015d4                _i2c_master_wait_for_bus
 .text._i2c_master_send_hs_master_code
                0x00001634       0x54 src/ASF/sam0/drivers/sercom/i2c/i2c_sam0/i2c_master.o
                0x00001634                _i2c_master_send_hs_master_code
 .text._i2c_master_read_packet
                0x00001688      0x274 src/ASF/sam0/drivers/sercom/i2c/i2c_sam0/i2c_master.o
 .text.i2c_master_read_packet_wait
                0x000018fc       0x40 src/ASF/sam0/drivers/sercom/i2c/i2c_sam0/i2c_master.o
                0x000018fc                i2c_master_read_packet_wait
 .text._i2c_master_write_packet
                0x0000193c      0x178 src/ASF/sam0/drivers/sercom/i2c/i2c_sam0/i2c_master.o
 .text.i2c_master_write_packet_wait
                0x00001ab4       0x40 src/ASF/sam0/drivers/sercom/i2c/i2c_sam0/i2c_master.o
                0x00001ab4                i2c_master_write_packet_wait
 .text.i2c_master_is_syncing
                0x00001af4       0x24 src/ASF/sam0/drivers/sercom/i2c/i2c_sam0/i2c_master_interrupt.o
 .text._i2c_master_wait_for_sync
                0x00001b18       0x24 src/ASF/sam0/drivers/sercom/i2c/i2c_sam0/i2c_master_interrupt.o
 .text._i2c_master_read
                0x00001b3c       0xf0 src/ASF/sam0/drivers/sercom/i2c/i2c_sam0/i2c_master_interrupt.o
 .text._i2c_master_write
                0x00001c2c       0x7c src/ASF/sam0/drivers/sercom/i2c/i2c_sam0/i2c_master_interrupt.o
 .text._i2c_master_async_address_response
                0x00001ca8       0xbc src/ASF/sam0/drivers/sercom/i2c/i2c_sam0/i2c_master_interrupt.o
 .text._i2c_master_interrupt_handler
                0x00001d64      0x274 src/ASF/sam0/drivers/sercom/i2c/i2c_sam0/i2c_master_interrupt.o
                0x00001d64                _i2c_master_interrupt_handler
 .text.system_gclk_chan_get_config_defaults
                0x00001fd8       0x18 src/ASF/sam0/drivers/tcc/tcc.o
 .text.system_apb_clock_set_mask
                0x00001ff0       0x5c src/ASF/sam0/drivers/tcc/tcc.o
 .text.system_pinmux_get_config_defaults
                0x0000204c       0x28 src/ASF/sam0/drivers/tcc/tcc.o
 .text._tcc_get_inst_index
                0x00002074       0x3c src/ASF/sam0/drivers/tcc/tcc.o
                0x00002074                _tcc_get_inst_index
 .text.tcc_get_config_defaults
                0x000020b0      0x2d0 src/ASF/sam0/drivers/tcc/tcc.o
                0x000020b0                tcc_get_config_defaults
 .text._tcc_build_ctrla
                0x00002380       0xa4 src/ASF/sam0/drivers/tcc/tcc.o
 .text._tcc_build_ctrlb
                0x00002424       0x5c src/ASF/sam0/drivers/tcc/tcc.o
 .text._tcc_build_faults
                0x00002480      0x11c src/ASF/sam0/drivers/tcc/tcc.o
 .text._tcc_build_drvctrl
                0x0000259c       0xd8 src/ASF/sam0/drivers/tcc/tcc.o
 .text._tcc_build_waves
                0x00002674       0x98 src/ASF/sam0/drivers/tcc/tcc.o
 .text.tcc_init
                0x0000270c      0x3cc src/ASF/sam0/drivers/tcc/tcc.o
                0x0000270c                tcc_init
 .text._tcc_set_compare_value
                0x00002ad8       0xdc src/ASF/sam0/drivers/tcc/tcc.o
 .text.tcc_set_compare_value
                0x00002bb4       0x38 src/ASF/sam0/drivers/tcc/tcc.o
                0x00002bb4                tcc_set_compare_value
 .text.TCC0_Handler
                0x00002bec       0x14 src/ASF/sam0/drivers/tcc/tcc_callback.o
                0x00002bec                TCC0_Handler
 .text.TCC1_Handler
                0x00002c00       0x14 src/ASF/sam0/drivers/tcc/tcc_callback.o
                0x00002c00                TCC1_Handler
 .text.TCC2_Handler
                0x00002c14       0x14 src/ASF/sam0/drivers/tcc/tcc_callback.o
                0x00002c14                TCC2_Handler
 .text._tcc_interrupt_handler
                0x00002c28       0x7c src/ASF/sam0/drivers/tcc/tcc_callback.o
                0x00002c28                _tcc_interrupt_handler
 .text.TC3_Handler
                0x00002ca4       0x14 src/ASF/sam0/drivers/tc/tc_interrupt.o
                0x00002ca4                TC3_Handler
 .text.TC4_Handler
                0x00002cb8       0x14 src/ASF/sam0/drivers/tc/tc_interrupt.o
                0x00002cb8                TC4_Handler
 .text.TC5_Handler
                0x00002ccc       0x14 src/ASF/sam0/drivers/tc/tc_interrupt.o
                0x00002ccc                TC5_Handler
 .text._tc_interrupt_handler
                0x00002ce0       0xb8 src/ASF/sam0/drivers/tc/tc_interrupt.o
                0x00002ce0                _tc_interrupt_handler
 .text.system_pinmux_get_config_defaults
                0x00002d98       0x28 src/ASF/sam0/drivers/sercom/spi/spi.o
 .text.system_pinmux_get_group_from_gpio_pin
                0x00002dc0       0x60 src/ASF/sam0/drivers/sercom/spi/spi.o
 .text.port_get_group_from_gpio_pin
                0x00002e20       0x24 src/ASF/sam0/drivers/sercom/spi/spi.o
 .text.port_pin_set_output_level
                0x00002e44       0x54 src/ASF/sam0/drivers/sercom/spi/spi.o
 .text.system_gclk_chan_get_config_defaults
                0x00002e98       0x18 src/ASF/sam0/drivers/sercom/spi/spi.o
 .text.system_apb_clock_set_mask
                0x00002eb0       0x5c src/ASF/sam0/drivers/sercom/spi/spi.o
 .text.system_is_debugger_present
                0x00002f0c       0x20 src/ASF/sam0/drivers/sercom/spi/spi.o
 .text.spi_is_ready_to_write
                0x00002f2c       0x28 src/ASF/sam0/drivers/sercom/spi/spi.o
 .text.spi_is_ready_to_read
                0x00002f54       0x28 src/ASF/sam0/drivers/sercom/spi/spi.o
 .text.spi_write
                0x00002f7c       0x48 src/ASF/sam0/drivers/sercom/spi/spi.o
 .text.spi_read
                0x00002fc4       0x88 src/ASF/sam0/drivers/sercom/spi/spi.o
 .text._spi_set_config
                0x0000304c      0x250 src/ASF/sam0/drivers/sercom/spi/spi.o
 .text.spi_init
                0x0000329c      0x1a4 src/ASF/sam0/drivers/sercom/spi/spi.o
                0x0000329c                spi_init
 .text.spi_transceive_wait
                0x00003440      0x14c src/ASF/sam0/drivers/sercom/spi/spi.o
                0x00003440                spi_transceive_wait
 .text.spi_select_slave
                0x0000358c       0xf0 src/ASF/sam0/drivers/sercom/spi/spi.o
                0x0000358c                spi_select_slave
 .text._spi_write
                0x0000367c       0x7c src/ASF/sam0/drivers/sercom/spi/spi_interrupt.o
 .text._spi_write_dummy
                0x000036f8       0x34 src/ASF/sam0/drivers/sercom/spi/spi_interrupt.o
 .text._spi_read_dummy
                0x0000372c       0x38 src/ASF/sam0/drivers/sercom/spi/spi_interrupt.o
 .text._spi_read
                0x00003764       0x70 src/ASF/sam0/drivers/sercom/spi/spi_interrupt.o
 .text._spi_interrupt_handler
                0x000037d4      0x30c src/ASF/sam0/drivers/sercom/spi/spi_interrupt.o
                0x000037d4                _spi_interrupt_handler
 .text.system_gclk_chan_get_config_defaults
                0x00003ae0       0x18 src/ASF/sam0/drivers/sercom/sercom.o
 .text._sercom_get_sync_baud_val
                0x00003af8       0x7c src/ASF/sam0/drivers/sercom/sercom.o
                0x00003af8                _sercom_get_sync_baud_val
 .text.sercom_set_gclk_generator
                0x00003b74       0x8c src/ASF/sam0/drivers/sercom/sercom.o
                0x00003b74                sercom_set_gclk_generator
 .text._sercom_get_default_pad
                0x00003c00      0x1bc src/ASF/sam0/drivers/sercom/sercom.o
                0x00003c00                _sercom_get_default_pad
 .text._sercom_get_sercom_inst_index
                0x00003dbc       0x50 src/ASF/sam0/drivers/sercom/sercom.o
                0x00003dbc                _sercom_get_sercom_inst_index
 .text._sercom_default_handler
                0x00003e0c       0x14 src/ASF/sam0/drivers/sercom/sercom_interrupt.o
 .text._sercom_set_handler
                0x00003e20       0x6c src/ASF/sam0/drivers/sercom/sercom_interrupt.o
                0x00003e20                _sercom_set_handler
 .text._sercom_get_interrupt_vector
                0x00003e8c       0x4c src/ASF/sam0/drivers/sercom/sercom_interrupt.o
                0x00003e8c                _sercom_get_interrupt_vector
 .text.SERCOM0_Handler
                0x00003ed8       0x18 src/ASF/sam0/drivers/sercom/sercom_interrupt.o
                0x00003ed8                SERCOM0_Handler
 .text.SERCOM1_Handler
                0x00003ef0       0x18 src/ASF/sam0/drivers/sercom/sercom_interrupt.o
                0x00003ef0                SERCOM1_Handler
 .text.SERCOM2_Handler
                0x00003f08       0x18 src/ASF/sam0/drivers/sercom/sercom_interrupt.o
                0x00003f08                SERCOM2_Handler
 .text.SERCOM3_Handler
                0x00003f20       0x18 src/ASF/sam0/drivers/sercom/sercom_interrupt.o
                0x00003f20                SERCOM3_Handler
 .text.SERCOM4_Handler
                0x00003f38       0x18 src/ASF/sam0/drivers/sercom/sercom_interrupt.o
                0x00003f38                SERCOM4_Handler
 .text.SERCOM5_Handler
                0x00003f50       0x18 src/ASF/sam0/drivers/sercom/sercom_interrupt.o
                0x00003f50                SERCOM5_Handler
 .text.system_pinmux_get_config_defaults
                0x00003f68       0x28 src/ASF/sam0/drivers/port/port.o
 .text.port_pin_set_config
                0x00003f90       0x60 src/ASF/sam0/drivers/port/port.o
                0x00003f90                port_pin_set_config
 .text.system_board_init
                0x00003ff0        0xc src/ASF/common2/boards/user_board/init.o
                0x00003ff0                board_init
                0x00003ff0                system_board_init
 .text.cpu_irq_enter_critical
                0x00003ffc       0x54 src/ASF/common/utils/interrupt/interrupt_sam_nvic.o
                0x00003ffc                cpu_irq_enter_critical
 .text.cpu_irq_leave_critical
                0x00004050       0x40 src/ASF/common/utils/interrupt/interrupt_sam_nvic.o
                0x00004050                cpu_irq_leave_critical
 .text.system_gclk_gen_get_config_defaults
                0x00004090       0x30 src/ASF/sam0/drivers/system/clock/clock_samd21_r21_da/clock.o
 .text.system_clock_source_osc32k_get_config_defaults
                0x000040c0       0x34 src/ASF/sam0/drivers/system/clock/clock_samd21_r21_da/clock.o
 .text.system_clock_source_osc8m_get_config_defaults
                0x000040f4       0x24 src/ASF/sam0/drivers/system/clock/clock_samd21_r21_da/clock.o
 .text.system_cpu_clock_set_divider
                0x00004118       0x20 src/ASF/sam0/drivers/system/clock/clock_samd21_r21_da/clock.o
 .text.system_apb_clock_set_divider
                0x00004138       0x54 src/ASF/sam0/drivers/system/clock/clock_samd21_r21_da/clock.o
 .text.system_flash_set_waitstates
                0x0000418c       0x34 src/ASF/sam0/drivers/system/clock/clock_samd21_r21_da/clock.o
 .text._system_dfll_wait_for_sync
                0x000041c0       0x1c src/ASF/sam0/drivers/system/clock/clock_samd21_r21_da/clock.o
 .text._system_clock_source_dfll_set_config_errata_9905
                0x000041dc       0x44 src/ASF/sam0/drivers/system/clock/clock_samd21_r21_da/clock.o
 .text.system_clock_source_get_hz
                0x00004220       0xbc src/ASF/sam0/drivers/system/clock/clock_samd21_r21_da/clock.o
                0x00004220                system_clock_source_get_hz
 .text.system_clock_source_osc8m_set_config
                0x000042dc       0x78 src/ASF/sam0/drivers/system/clock/clock_samd21_r21_da/clock.o
                0x000042dc                system_clock_source_osc8m_set_config
 .text.system_clock_source_osc32k_set_config
                0x00004354       0xcc src/ASF/sam0/drivers/system/clock/clock_samd21_r21_da/clock.o
                0x00004354                system_clock_source_osc32k_set_config
 .text.system_clock_source_enable
                0x00004420       0xac src/ASF/sam0/drivers/system/clock/clock_samd21_r21_da/clock.o
                0x00004420                system_clock_source_enable
 .text._switch_peripheral_gclk
                0x000044cc       0x38 src/ASF/sam0/drivers/system/clock/clock_samd21_r21_da/clock.o
 .text.system_clock_init
                0x00004504      0x184 src/ASF/sam0/drivers/system/clock/clock_samd21_r21_da/clock.o
                0x00004504                system_clock_init
 .text.system_apb_clock_set_mask
                0x00004688       0x5c src/ASF/sam0/drivers/system/clock/clock_samd21_r21_da/gclk.o
 .text.system_interrupt_enter_critical_section
                0x000046e4       0x14 src/ASF/sam0/drivers/system/clock/clock_samd21_r21_da/gclk.o
 .text.system_interrupt_leave_critical_section
                0x000046f8       0x14 src/ASF/sam0/drivers/system/clock/clock_samd21_r21_da/gclk.o
 .text.system_gclk_is_syncing
                0x0000470c       0x20 src/ASF/sam0/drivers/system/clock/clock_samd21_r21_da/gclk.o
 .text.system_gclk_init
                0x0000472c       0x30 src/ASF/sam0/drivers/system/clock/clock_samd21_r21_da/gclk.o
                0x0000472c                system_gclk_init
 .text.system_gclk_gen_set_config
                0x0000475c      0x124 src/ASF/sam0/drivers/system/clock/clock_samd21_r21_da/gclk.o
                0x0000475c                system_gclk_gen_set_config
 .text.system_gclk_gen_enable
                0x00004880       0x5c src/ASF/sam0/drivers/system/clock/clock_samd21_r21_da/gclk.o
                0x00004880                system_gclk_gen_enable
 .text.system_gclk_gen_get_hz
                0x000048dc       0xd8 src/ASF/sam0/drivers/system/clock/clock_samd21_r21_da/gclk.o
                0x000048dc                system_gclk_gen_get_hz
 .text.system_gclk_chan_set_config
                0x000049b4       0x44 src/ASF/sam0/drivers/system/clock/clock_samd21_r21_da/gclk.o
                0x000049b4                system_gclk_chan_set_config
 .text.system_gclk_chan_enable
                0x000049f8       0x48 src/ASF/sam0/drivers/system/clock/clock_samd21_r21_da/gclk.o
                0x000049f8                system_gclk_chan_enable
 .text.system_gclk_chan_disable
                0x00004a40       0x98 src/ASF/sam0/drivers/system/clock/clock_samd21_r21_da/gclk.o
                0x00004a40                system_gclk_chan_disable
 .text.system_gclk_chan_get_hz
                0x00004ad8       0x58 src/ASF/sam0/drivers/system/clock/clock_samd21_r21_da/gclk.o
                0x00004ad8                system_gclk_chan_get_hz
 .text.system_pinmux_get_group_from_gpio_pin
                0x00004b30       0x60 src/ASF/sam0/drivers/system/pinmux/pinmux.o
 .text._system_pinmux_config
                0x00004b90      0x110 src/ASF/sam0/drivers/system/pinmux/pinmux.o
 .text.system_pinmux_pin_set_config
                0x00004ca0       0x48 src/ASF/sam0/drivers/system/pinmux/pinmux.o
                0x00004ca0                system_pinmux_pin_set_config
 .text._system_dummy_init
                0x00004ce8        0xc src/ASF/sam0/drivers/system/system.o
                0x00004ce8                _system_events_init
                0x00004ce8                _system_dummy_init
                0x00004ce8                _system_divas_init
 .text.system_init
                0x00004cf4       0x34 src/ASF/sam0/drivers/system/system.o
                0x00004cf4                system_init
 .text.Reset_Handler
                0x00004d28       0xf8 src/ASF/sam0/utils/cmsis/samd21/source/gcc/startup_samd21.o
                0x00004d28                Reset_Handler
 .text.Dummy_Handler
                0x00004e20        0x8 src/ASF/sam0/utils/cmsis/samd21/source/gcc/startup_samd21.o
                0x00004e20                DMAC_Handler
                0x00004e20                HardFault_Handler
                0x00004e20                AC_Handler
                0x00004e20                SysTick_Handler
                0x00004e20                PendSV_Handler
                0x00004e20                NMI_Handler
                0x00004e20                ADC_Handler
                0x00004e20                WDT_Handler
                0x00004e20                USB_Handler
                0x00004e20                Dummy_Handler
                0x00004e20                PM_Handler
                0x00004e20                SVC_Handler
                0x00004e20                EVSYS_Handler
                0x00004e20                I2S_Handler
                0x00004e20                NVMCTRL_Handler
                0x00004e20                DAC_Handler
                0x00004e20                PTC_Handler
                0x00004e20                SYSCTRL_Handler
 .text.system_pinmux_get_group_from_gpio_pin
                0x00004e28       0x60 src/main.o
 .text.port_get_group_from_gpio_pin
                0x00004e88       0x24 src/main.o
 .text.port_get_config_defaults
                0x00004eac       0x24 src/main.o
 .text.port_pin_get_input_level
                0x00004ed0       0x44 src/main.o
 .text.port_pin_set_output_level
                0x00004f14       0x54 src/main.o
 .text.system_interrupt_enable_global
                0x00004f68       0x1c src/main.o
 .text.system_interrupt_disable_global
                0x00004f84       0x1c src/main.o
 .text.system_interrupt_enable
                0x00004fa0       0x2c src/main.o
 .text.rtc_count_get_config_defaults
                0x00004fcc       0x5c src/main.o
 .text.i2c_master_is_syncing
                0x00005028       0x24 src/main.o
 .text._i2c_master_wait_for_sync
                0x0000504c       0x24 src/main.o
 .text.i2c_master_get_config_defaults
                0x00005070       0x84 src/main.o
 .text.i2c_master_enable
                0x000050f4       0x74 src/main.o
 .text.spi_is_syncing
                0x00005168       0x20 src/main.o
 .text.spi_get_config_defaults
                0x00005188       0x84 src/main.o
 .text.spi_slave_inst_get_config_defaults
                0x0000520c       0x24 src/main.o
 .text.spi_attach_slave
                0x00005230       0x64 src/main.o
 .text.spi_enable
                0x00005294       0x50 src/main.o
 .text.tcc_enable
                0x000052e4       0x30 src/main.o
 .text.configure_port_pins
                0x00005314       0x30 src/main.o
                0x00005314                configure_port_pins
 .text.configure_extint_channel
                0x00005344       0x40 src/main.o
                0x00005344                configure_extint_channel
 .text.configure_extint_callbacks
                0x00005384       0x2c src/main.o
                0x00005384                configure_extint_callbacks
 .text.configure_RFM69_spi
                0x000053b0       0xc0 src/main.o
                0x000053b0                configure_RFM69_spi
 .text.configure_rtc_count
                0x00005470       0x64 src/main.o
                0x00005470                configure_rtc_count
 .text.reset_millis
                0x000054d4       0x28 src/main.o
                0x000054d4                reset_millis
 .text.millis   0x000054fc       0x28 src/main.o
                0x000054fc                millis
 .text.sendFrame
                0x00005524      0x184 src/main.o
                0x00005524                sendFrame
 .text.RFM_setHighPower
                0x000056a8       0x84 src/main.o
                0x000056a8                RFM_setHighPower
 .text.RFM69    0x0000572c       0x34 src/main.o
                0x0000572c                RFM69
 .text.RFM_initialize
                0x00005760      0x364 src/main.o
                0x00005760                RFM_initialize
 .text.setMode  0x00005ac4      0x148 src/main.o
                0x00005ac4                setMode
 .text.canSend  0x00005c0c       0x44 src/main.o
                0x00005c0c                canSend
 .text.RFM_send
                0x00005c50       0xa0 src/main.o
                0x00005c50                RFM_send
 .text.interruptHandler
                0x00005cf0      0x1b8 src/main.o
                0x00005cf0                interruptHandler
 .text.isr0     0x00005ea8       0x24 src/main.o
 .text.receiveBegin
                0x00005ecc       0x94 src/main.o
                0x00005ecc                receiveBegin
 .text.RFM_receiveDone
                0x00005f60       0x5c src/main.o
                0x00005f60                RFM_receiveDone
 .text.RFM_encrypt
                0x00005fbc       0xb4 src/main.o
                0x00005fbc                RFM_encrypt
 .text.readRSSI
                0x00006070       0x40 src/main.o
                0x00006070                readRSSI
 .text.readReg  0x000060b0       0x68 src/main.o
                0x000060b0                readReg
 .text.writeReg
                0x00006118       0x60 src/main.o
                0x00006118                writeReg
 .text.radioselect
                0x00006178       0x2c src/main.o
                0x00006178                radioselect
 .text.unselect
                0x000061a4       0x2c src/main.o
                0x000061a4                unselect
 .text.setHighPowerRegs
                0x000061d0       0x44 src/main.o
                0x000061d0                setHighPowerRegs
 .text.maybeInterrupts
                0x00006214       0x28 src/main.o
                0x00006214                maybeInterrupts
 .text.configure_i2c_master
                0x0000623c       0x5c src/main.o
                0x0000623c                configure_i2c_master
 .text.lipo_begin
                0x00006298       0x5c src/main.o
                0x00006298                lipo_begin
 .text.lipo_setCapacity
                0x000062f4       0x58 src/main.o
                0x000062f4                lipo_setCapacity
 .text.lipo_current
                0x0000634c       0x70 src/main.o
                0x0000634c                lipo_current
 .text.lipo_soc
                0x000063bc       0x54 src/main.o
                0x000063bc                lipo_soc
 .text.deviceType
                0x00006410       0x18 src/main.o
                0x00006410                deviceType
 .text.enterConfig
                0x00006428       0x98 src/main.o
                0x00006428                enterConfig
 .text.exitConfig
                0x000064c0       0xac src/main.o
                0x000064c0                exitConfig
 .text.flags    0x0000656c       0x18 src/main.o
                0x0000656c                flags
 .text.status   0x00006584       0x18 src/main.o
                0x00006584                status
 .text.sealed   0x0000659c       0x2c src/main.o
                0x0000659c                sealed
 .text.seal     0x000065c8       0x1c src/main.o
                0x000065c8                seal
 .text.unseal   0x000065e4       0x34 src/main.o
                0x000065e4                unseal
 .text.softReset
                0x00006618       0x18 src/main.o
                0x00006618                softReset
 .text.readWord
                0x00006630       0x44 src/main.o
                0x00006630                readWord
 .text.readControlWord
                0x00006674       0xa0 src/main.o
                0x00006674                readControlWord
 .text.executeControlWord
                0x00006714       0x70 src/main.o
                0x00006714                executeControlWord
 .text.blockDataControl
                0x00006784       0x2c src/main.o
                0x00006784                blockDataControl
 .text.blockDataClass
                0x000067b0       0x2c src/main.o
                0x000067b0                blockDataClass
 .text.blockDataOffset
                0x000067dc       0x2c src/main.o
                0x000067dc                blockDataOffset
 .text.blockDataChecksum
                0x00006808       0x24 src/main.o
                0x00006808                blockDataChecksum
 .text.writeBlockData
                0x0000682c       0x44 src/main.o
                0x0000682c                writeBlockData
 .text.computeBlockChecksum
                0x00006870       0x64 src/main.o
                0x00006870                computeBlockChecksum
 .text.writeBlockChecksum
                0x000068d4       0x2c src/main.o
                0x000068d4                writeBlockChecksum
 .text.writeExtendedData
                0x00006900      0x124 src/main.o
                0x00006900                writeExtendedData
 .text.i2cReadBytes
                0x00006a24      0x100 src/main.o
                0x00006a24                i2cReadBytes
 .text.i2cWriteBytes
                0x00006b24       0xc4 src/main.o
                0x00006b24                i2cWriteBytes
 .text.configure_LED_PWM
                0x00006be8       0xf0 src/main.o
                0x00006be8                configure_LED_PWM
 .text.configure_IO_pins
                0x00006cd8       0xac src/main.o
                0x00006cd8                configure_IO_pins
 .text.main     0x00006d84      0x34c src/main.o
                0x00006d84                main
 .text.setTrackBallRGBW
                0x000070d0       0x74 src/main.o
                0x000070d0                setTrackBallRGBW
 .text.ColorCycle
                0x00007144       0xc0 src/main.o
                0x00007144                ColorCycle
 .text.colorGradient
                0x00007204       0xd4 src/main.o
                0x00007204                colorGradient
 .text.blinkRed
                0x000072d8       0x78 src/main.o
                0x000072d8                blinkRed
 .text.colorSolid
                0x00007350       0x64 src/main.o
                0x00007350                colorSolid
 .text          0x000073b4      0x114 c:/program files (x86)/atmel/studio/7.0/toolchain/arm/arm-gnu-toolchain/bin/../lib/gcc/arm-none-eabi/5.3.1/armv6-m\libgcc.a(_udivsi3.o)
                0x000073b4                __aeabi_uidiv
                0x000073b4                __udivsi3
                0x000074c0                __aeabi_uidivmod
 .text          0x000074c8        0x4 c:/program files (x86)/atmel/studio/7.0/toolchain/arm/arm-gnu-toolchain/bin/../lib/gcc/arm-none-eabi/5.3.1/armv6-m\libgcc.a(_dvmd_tls.o)
                0x000074c8                __aeabi_idiv0
                0x000074c8                __aeabi_ldiv0
 .text          0x000074cc      0x658 c:/program files (x86)/atmel/studio/7.0/toolchain/arm/arm-gnu-toolchain/bin/../lib/gcc/arm-none-eabi/5.3.1/armv6-m\libgcc.a(adddf3.o)
                0x000074cc                __aeabi_dadd
 .text          0x00007b24      0x62c c:/program files (x86)/atmel/studio/7.0/toolchain/arm/arm-gnu-toolchain/bin/../lib/gcc/arm-none-eabi/5.3.1/armv6-m\libgcc.a(divdf3.o)
                0x00007b24                __aeabi_ddiv
 .text          0x00008150      0x4f4 c:/program files (x86)/atmel/studio/7.0/toolchain/arm/arm-gnu-toolchain/bin/../lib/gcc/arm-none-eabi/5.3.1/armv6-m\libgcc.a(muldf3.o)
                0x00008150                __aeabi_dmul
 .text          0x00008644      0x6a8 c:/program files (x86)/atmel/studio/7.0/toolchain/arm/arm-gnu-toolchain/bin/../lib/gcc/arm-none-eabi/5.3.1/armv6-m\libgcc.a(subdf3.o)
                0x00008644                __aeabi_dsub
 .text          0x00008cec       0x6c c:/program files (x86)/atmel/studio/7.0/toolchain/arm/arm-gnu-toolchain/bin/../lib/gcc/arm-none-eabi/5.3.1/armv6-m\libgcc.a(fixdfsi.o)
                0x00008cec                __aeabi_d2iz
 .text          0x00008d58       0x70 c:/program files (x86)/atmel/studio/7.0/toolchain/arm/arm-gnu-toolchain/bin/../lib/gcc/arm-none-eabi/5.3.1/armv6-m\libgcc.a(floatunsidf.o)
                0x00008d58                __aeabi_ui2d
 .text          0x00008dc8       0x3c c:/program files (x86)/atmel/studio/7.0/toolchain/arm/arm-gnu-toolchain/bin/../lib/gcc/arm-none-eabi/5.3.1/armv6-m\libgcc.a(_clzsi2.o)
                0x00008dc8                __clzsi2
 .text.__libc_init_array
                0x00008e04       0x4c c:/program files (x86)/atmel/studio/7.0/toolchain/arm/arm-gnu-toolchain/bin/../lib/gcc/arm-none-eabi/5.3.1/../../../../arm-none-eabi/lib/armv6-m\libc_nano.a(lib_a-init.o)
                0x00008e04                __libc_init_array
 .text.memcpy   0x00008e50       0x12 c:/program files (x86)/atmel/studio/7.0/toolchain/arm/arm-gnu-toolchain/bin/../lib/gcc/arm-none-eabi/5.3.1/../../../../arm-none-eabi/lib/armv6-m\libc_nano.a(lib_a-memcpy-stub.o)
                0x00008e50                memcpy
 .text.memset   0x00008e62       0x10 c:/program files (x86)/atmel/studio/7.0/toolchain/arm/arm-gnu-toolchain/bin/../lib/gcc/arm-none-eabi/5.3.1/../../../../arm-none-eabi/lib/armv6-m\libc_nano.a(lib_a-memset.o)
                0x00008e62                memset
 *(.glue_7t)
 .glue_7t       0x00008e72        0x0 linker stubs
 *(.glue_7)
 .glue_7        0x00008e72        0x0 linker stubs
 *(.rodata .rodata* .gnu.linkonce.r.*)
 *fill*         0x00008e72        0x2 
 .rodata.tcc_modules
                0x00008e74        0xc src/ASF/sam0/drivers/tcc/tcc.o
                0x00008e74                tcc_modules
 .rodata._tcc_gclk_ids
                0x00008e80        0x3 src/ASF/sam0/drivers/tcc/tcc.o
                0x00008e80                _tcc_gclk_ids
 *fill*         0x00008e83        0x1 
 .rodata._tcc_apbcmasks
                0x00008e84        0xc src/ASF/sam0/drivers/tcc/tcc.o
                0x00008e84                _tcc_apbcmasks
 .rodata._tcc_maxs
                0x00008e90        0xc src/ASF/sam0/drivers/tcc/tcc.o
                0x00008e90                _tcc_maxs
 .rodata._tcc_cc_nums
                0x00008e9c        0x3 src/ASF/sam0/drivers/tcc/tcc.o
                0x00008e9c                _tcc_cc_nums
 *fill*         0x00008e9f        0x1 
 .rodata._tcc_ow_nums
                0x00008ea0        0x3 src/ASF/sam0/drivers/tcc/tcc.o
                0x00008ea0                _tcc_ow_nums
 *fill*         0x00008ea3        0x1 
 .rodata._tcc_intflag
                0x00008ea4       0x30 src/ASF/sam0/drivers/tcc/tcc_callback.o
                0x00008ea4                _tcc_intflag
 .rodata        0x00008ed4       0x18 src/ASF/sam0/drivers/sercom/sercom.o
 .rodata        0x00008eec        0x6 src/ASF/sam0/drivers/sercom/sercom_interrupt.o
 *fill*         0x00008ef2        0x2 
 .rodata.system_clock_source_get_hz
                0x00008ef4       0x24 src/ASF/sam0/drivers/system/clock/clock_samd21_r21_da/clock.o
 .rodata.system_clock_source_enable
                0x00008f18       0x24 src/ASF/sam0/drivers/system/clock/clock_samd21_r21_da/clock.o
 .rodata.setMode
                0x00008f3c       0x14 src/main.o
 .rodata        0x00008f50       0x11 src/main.o
 *fill*         0x00008f61        0x3 
 .rodata        0x00008f64       0x40 c:/program files (x86)/atmel/studio/7.0/toolchain/arm/arm-gnu-toolchain/bin/../lib/gcc/arm-none-eabi/5.3.1/armv6-m\libgcc.a(divdf3.o)
 .rodata        0x00008fa4       0x40 c:/program files (x86)/atmel/studio/7.0/toolchain/arm/arm-gnu-toolchain/bin/../lib/gcc/arm-none-eabi/5.3.1/armv6-m\libgcc.a(muldf3.o)
 *(.ARM.extab* .gnu.linkonce.armextab.*)
                0x00008fe4                . = ALIGN (0x4)
 *(.init)
 .init          0x00008fe4        0x4 c:/program files (x86)/atmel/studio/7.0/toolchain/arm/arm-gnu-toolchain/bin/../lib/gcc/arm-none-eabi/5.3.1/armv6-m/crti.o
                0x00008fe4                _init
 .init          0x00008fe8        0x8 c:/program files (x86)/atmel/studio/7.0/toolchain/arm/arm-gnu-toolchain/bin/../lib/gcc/arm-none-eabi/5.3.1/armv6-m/crtn.o
                0x00008ff0                . = ALIGN (0x4)
                0x00008ff0                __preinit_array_start = .
 *(.preinit_array)
                0x00008ff0                __preinit_array_end = .
                0x00008ff0                . = ALIGN (0x4)
                0x00008ff0                __init_array_start = .
 *(SORT(.init_array.*))
 *(.init_array)
 .init_array    0x00008ff0        0x4 c:/program files (x86)/atmel/studio/7.0/toolchain/arm/arm-gnu-toolchain/bin/../lib/gcc/arm-none-eabi/5.3.1/armv6-m/crtbegin.o
                0x00008ff4                __init_array_end = .
                0x00008ff4                . = ALIGN (0x4)
 *crtbegin.o(.ctors)
 *(EXCLUDE_FILE(*crtend.o) .ctors)
 *(SORT(.ctors.*))
 *crtend.o(.ctors)
                0x00008ff4                . = ALIGN (0x4)
 *(.fini)
 .fini          0x00008ff4        0x4 c:/program files (x86)/atmel/studio/7.0/toolchain/arm/arm-gnu-toolchain/bin/../lib/gcc/arm-none-eabi/5.3.1/armv6-m/crti.o
                0x00008ff4                _fini
 .fini          0x00008ff8        0x8 c:/program files (x86)/atmel/studio/7.0/toolchain/arm/arm-gnu-toolchain/bin/../lib/gcc/arm-none-eabi/5.3.1/armv6-m/crtn.o
                0x00009000                . = ALIGN (0x4)
                0x00009000                __fini_array_start = .
 *(.fini_array)
 .fini_array    0x00009000        0x4 c:/program files (x86)/atmel/studio/7.0/toolchain/arm/arm-gnu-toolchain/bin/../lib/gcc/arm-none-eabi/5.3.1/armv6-m/crtbegin.o
 *(SORT(.fini_array.*))
                0x00009004                __fini_array_end = .
 *crtbegin.o(.dtors)
 *(EXCLUDE_FILE(*crtend.o) .dtors)
 *(SORT(.dtors.*))
 *crtend.o(.dtors)
                0x00009004                . = ALIGN (0x4)
                0x00009004                _efixed = .
                [!provide]                PROVIDE (__exidx_start, .)

.vfp11_veneer   0x00009004        0x0
 .vfp11_veneer  0x00009004        0x0 linker stubs

.v4_bx          0x00009004        0x0
 .v4_bx         0x00009004        0x0 linker stubs

.iplt           0x00009004        0x0
 .iplt          0x00009004        0x0 c:/program files (x86)/atmel/studio/7.0/toolchain/arm/arm-gnu-toolchain/bin/../lib/gcc/arm-none-eabi/5.3.1/armv6-m/crtbegin.o

.eh_frame       0x00009004        0x0
 .eh_frame      0x00009004        0x0 c:/program files (x86)/atmel/studio/7.0/toolchain/arm/arm-gnu-toolchain/bin/../lib/gcc/arm-none-eabi/5.3.1/armv6-m/crtbegin.o

.rel.dyn        0x00009004        0x0
 .rel.iplt      0x00009004        0x0 c:/program files (x86)/atmel/studio/7.0/toolchain/arm/arm-gnu-toolchain/bin/../lib/gcc/arm-none-eabi/5.3.1/armv6-m/crtbegin.o

.jcr            0x00009004        0x0
 .jcr           0x00009004        0x0 c:/program files (x86)/atmel/studio/7.0/toolchain/arm/arm-gnu-toolchain/bin/../lib/gcc/arm-none-eabi/5.3.1/armv6-m/crtbegin.o

.igot.plt       0x00009004        0x0
 .igot.plt      0x00009004        0x0 c:/program files (x86)/atmel/studio/7.0/toolchain/arm/arm-gnu-toolchain/bin/../lib/gcc/arm-none-eabi/5.3.1/armv6-m/crtbegin.o

.ARM.exidx
 *(.ARM.exidx* .gnu.linkonce.armexidx.*)
                [!provide]                PROVIDE (__exidx_end, .)
                0x00009004                . = ALIGN (0x4)
                0x00009004                _etext = .

.relocate       0x20000000       0x10 load address 0x00009004
                0x20000000                . = ALIGN (0x4)
                0x20000000                _srelocate = .
 *(.ramfunc .ramfunc.*)
 *(.data .data.*)
 .data.g_interrupt_enabled
                0x20000000        0x1 src/ASF/common/utils/interrupt/interrupt_sam_nvic.o
                0x20000000                g_interrupt_enabled
 *fill*         0x20000001        0x3 
 .data.speed.14499
                0x20000004        0x4 src/main.o
 .data.speed.14506
                0x20000008        0x4 src/main.o
 .data.time_on.14510
                0x2000000c        0x4 src/main.o
                0x20000010                . = ALIGN (0x4)
                0x20000010                _erelocate = .

.bss            0x20000010      0x2a8 load address 0x00009014
                0x20000010                . = ALIGN (0x4)
                0x20000010                _sbss = .
                0x20000010                _szero = .
 *(.bss .bss.*)
 .bss           0x20000010       0x1c c:/program files (x86)/atmel/studio/7.0/toolchain/arm/arm-gnu-toolchain/bin/../lib/gcc/arm-none-eabi/5.3.1/armv6-m/crtbegin.o
 .bss._sercom_config
                0x2000002c        0x2 src/ASF/sam0/drivers/sercom/sercom.o
 .bss._handler_table_initialized
                0x2000002e        0x1 src/ASF/sam0/drivers/sercom/sercom_interrupt.o
 *fill*         0x2000002f        0x1 
 .bss._sercom_interrupt_handlers
                0x20000030       0x18 src/ASF/sam0/drivers/sercom/sercom_interrupt.o
 .bss.cpu_irq_critical_section_counter
                0x20000048        0x4 src/ASF/common/utils/interrupt/interrupt_sam_nvic.o
 .bss.cpu_irq_prev_interrupt_state
                0x2000004c        0x1 src/ASF/common/utils/interrupt/interrupt_sam_nvic.o
 *fill*         0x2000004d        0x3 
 .bss._system_clock_inst
                0x20000050       0x18 src/ASF/sam0/drivers/system/clock/clock_samd21_r21_da/clock.o
 .bss.read_buf  0x20000068        0x2 src/main.o
                0x20000068                read_buf
 .bss.button.14481
                0x2000006a        0x1 src/main.o
 .bss.lbutton.14482
                0x2000006b        0x1 src/main.o
 .bss.laserState.14483
                0x2000006c        0x1 src/main.o
 *fill*         0x2000006d        0x3 
 .bss.count.14484
                0x20000070        0x4 src/main.o
 .bss.index.14500
                0x20000074        0x4 src/main.o
 .bss.color.14498
                0x20000078        0x4 src/main.o
 .bss.gradient.14504
                0x2000007c        0x4 src/main.o
 .bss.updown.14505
                0x20000080        0x4 src/main.o
 .bss.count.14511
                0x20000084        0x4 src/main.o
 .bss.updown.14512
                0x20000088        0x4 src/main.o
 *(COMMON)
 COMMON         0x2000008c       0x40 src/ASF/sam0/drivers/extint/extint_sam_d_r/extint.o
                0x2000008c                _extint_dev
 COMMON         0x200000cc        0x4 src/ASF/sam0/drivers/rtc/rtc_sam_d_r/rtc_count.o
                0x200000cc                _rtc_instance
 COMMON         0x200000d0        0xc src/wheel.o
                0x200000d0                wheel
 COMMON         0x200000dc        0x1 src/ASF/sam0/drivers/extint/extint_callback.o
                0x200000dc                _current_channel
 *fill*         0x200000dd        0x3 
 COMMON         0x200000e0        0xc src/ASF/sam0/drivers/tcc/tcc_callback.o
                0x200000e0                _tcc_instances
 COMMON         0x200000ec        0xc src/ASF/sam0/drivers/tc/tc_interrupt.o
                0x200000ec                _tc_instances
 COMMON         0x200000f8        0x2 src/ASF/sam0/drivers/sercom/spi/spi_interrupt.o
                0x200000f8                dummy_write
 *fill*         0x200000fa        0x2 
 COMMON         0x200000fc       0x18 src/ASF/sam0/drivers/sercom/sercom_interrupt.o
                0x200000fc                _sercom_instances
 COMMON         0x20000114      0x1a3 src/main.o
                0x20000114                _interruptNum
                0x20000116                RFM_SENDERID
                0x20000118                rtc_instance
                0x20000130                _powerLevel
                0x20000131                _inISR
                0x20000134                tcc0
                0x20000174                _address
                0x20000175                _deviceAddress
                0x20000176                _userConfigControl
                0x20000178                ACK_RECEIVED
                0x2000017a                RFM_DATALEN
                0x2000017c                _promiscuousMode
                0x2000017d                _interruptPin
                0x20000180                RFM_DATA
                0x200001fa                _slaveSelectPin
                0x200001fc                PAYLOADLEN
                0x20000200                i2c_master_instance
                0x20000228                _sealFlag
                0x2000022a                ACK_REQUESTED
                0x2000022c                TARGETID
                0x2000022e                _mode
                0x20000230                _isRFM69HW
                0x20000234                spi_master_instance
                0x20000270                RFM_RSSI
                0x20000274                tcc1
                0x200002b4                slave
                0x200002b8                . = ALIGN (0x4)
 *fill*         0x200002b7        0x1 
                0x200002b8                _ebss = .
                0x200002b8                _ezero = .

.stack          0x200002b8     0x2000 load address 0x000092bc
                0x200002b8                . = ALIGN (0x8)
                0x200002b8                _sstack = .
                0x200022b8                . = (. + STACK_SIZE)
 *fill*         0x200002b8     0x2000 
                0x200022b8                . = ALIGN (0x8)
                0x200022b8                _estack = .
                0x200022b8                . = ALIGN (0x4)
                0x200022b8                _end = .
OUTPUT(Laser Module.elf elf32-littlearm)

.ARM.attributes
                0x00000000       0x28
 .ARM.attributes
                0x00000000       0x1e c:/program files (x86)/atmel/studio/7.0/toolchain/arm/arm-gnu-toolchain/bin/../lib/gcc/arm-none-eabi/5.3.1/armv6-m/crti.o
 .ARM.attributes
                0x0000001e       0x2c c:/program files (x86)/atmel/studio/7.0/toolchain/arm/arm-gnu-toolchain/bin/../lib/gcc/arm-none-eabi/5.3.1/armv6-m/crtbegin.o
 .ARM.attributes
                0x0000004a       0x32 src/ASF/sam0/drivers/extint/extint_sam_d_r/extint.o
 .ARM.attributes
                0x0000007c       0x32 src/ASF/sam0/drivers/rtc/rtc_sam_d_r/rtc_count.o
 .ARM.attributes
                0x000000ae       0x32 src/ASF/sam0/drivers/rtc/rtc_sam_d_r/rtc_count_interrupt.o
 .ARM.attributes
                0x000000e0       0x32 src/wheel.o
 .ARM.attributes
                0x00000112       0x32 src/ASF/sam0/drivers/extint/extint_callback.o
 .ARM.attributes
                0x00000144       0x32 src/ASF/sam0/drivers/sercom/i2c/i2c_sam0/i2c_master.o
 .ARM.attributes
                0x00000176       0x32 src/ASF/sam0/drivers/sercom/i2c/i2c_sam0/i2c_master_interrupt.o
 .ARM.attributes
                0x000001a8       0x32 src/ASF/sam0/drivers/tcc/tcc.o
 .ARM.attributes
                0x000001da       0x32 src/ASF/sam0/drivers/tcc/tcc_callback.o
 .ARM.attributes
                0x0000020c       0x32 src/ASF/sam0/drivers/tc/tc_interrupt.o
 .ARM.attributes
                0x0000023e       0x32 src/ASF/sam0/drivers/sercom/spi/spi.o
 .ARM.attributes
                0x00000270       0x32 src/ASF/sam0/drivers/sercom/spi/spi_interrupt.o
 .ARM.attributes
                0x000002a2       0x32 src/ASF/sam0/drivers/sercom/sercom.o
 .ARM.attributes
                0x000002d4       0x32 src/ASF/sam0/drivers/sercom/sercom_interrupt.o
 .ARM.attributes
                0x00000306       0x32 src/ASF/sam0/drivers/port/port.o
 .ARM.attributes
                0x00000338       0x32 src/ASF/common2/boards/user_board/init.o
 .ARM.attributes
                0x0000036a       0x32 src/ASF/common/utils/interrupt/interrupt_sam_nvic.o
 .ARM.attributes
                0x0000039c       0x32 src/ASF/sam0/drivers/system/clock/clock_samd21_r21_da/clock.o
 .ARM.attributes
                0x000003ce       0x32 src/ASF/sam0/drivers/system/clock/clock_samd21_r21_da/gclk.o
 .ARM.attributes
                0x00000400       0x32 src/ASF/sam0/drivers/system/pinmux/pinmux.o
 .ARM.attributes
                0x00000432       0x32 src/ASF/sam0/drivers/system/system.o
 .ARM.attributes
                0x00000464       0x32 src/ASF/sam0/utils/cmsis/samd21/source/gcc/startup_samd21.o
 .ARM.attributes
                0x00000496       0x32 src/main.o
 .ARM.attributes
                0x000004c8       0x1e c:/program files (x86)/atmel/studio/7.0/toolchain/arm/arm-gnu-toolchain/bin/../lib/gcc/arm-none-eabi/5.3.1/armv6-m\libgcc.a(_udivsi3.o)
 .ARM.attributes
                0x000004e6       0x1e c:/program files (x86)/atmel/studio/7.0/toolchain/arm/arm-gnu-toolchain/bin/../lib/gcc/arm-none-eabi/5.3.1/armv6-m\libgcc.a(_dvmd_tls.o)
 .ARM.attributes
                0x00000504       0x2c c:/program files (x86)/atmel/studio/7.0/toolchain/arm/arm-gnu-toolchain/bin/../lib/gcc/arm-none-eabi/5.3.1/armv6-m\libgcc.a(adddf3.o)
 .ARM.attributes
                0x00000530       0x2c c:/program files (x86)/atmel/studio/7.0/toolchain/arm/arm-gnu-toolchain/bin/../lib/gcc/arm-none-eabi/5.3.1/armv6-m\libgcc.a(divdf3.o)
 .ARM.attributes
                0x0000055c       0x2c c:/program files (x86)/atmel/studio/7.0/toolchain/arm/arm-gnu-toolchain/bin/../lib/gcc/arm-none-eabi/5.3.1/armv6-m\libgcc.a(muldf3.o)
 .ARM.attributes
                0x00000588       0x2c c:/program files (x86)/atmel/studio/7.0/toolchain/arm/arm-gnu-toolchain/bin/../lib/gcc/arm-none-eabi/5.3.1/armv6-m\libgcc.a(subdf3.o)
 .ARM.attributes
                0x000005b4       0x2c c:/program files (x86)/atmel/studio/7.0/toolchain/arm/arm-gnu-toolchain/bin/../lib/gcc/arm-none-eabi/5.3.1/armv6-m\libgcc.a(fixdfsi.o)
 .ARM.attributes
                0x000005e0       0x2c c:/program files (x86)/atmel/studio/7.0/toolchain/arm/arm-gnu-toolchain/bin/../lib/gcc/arm-none-eabi/5.3.1/armv6-m\libgcc.a(floatunsidf.o)
 .ARM.attributes
                0x0000060c       0x1e c:/program files (x86)/atmel/studio/7.0/toolchain/arm/arm-gnu-toolchain/bin/../lib/gcc/arm-none-eabi/5.3.1/armv6-m\libgcc.a(_clzsi2.o)
 .ARM.attributes
                0x0000062a       0x2c c:/program files (x86)/atmel/studio/7.0/toolchain/arm/arm-gnu-toolchain/bin/../lib/gcc/arm-none-eabi/5.3.1/../../../../arm-none-eabi/lib/armv6-m\libc_nano.a(lib_a-init.o)
 .ARM.attributes
                0x00000656       0x2c c:/program files (x86)/atmel/studio/7.0/toolchain/arm/arm-gnu-toolchain/bin/../lib/gcc/arm-none-eabi/5.3.1/../../../../arm-none-eabi/lib/armv6-m\libc_nano.a(lib_a-memcpy-stub.o)
 .ARM.attributes
                0x00000682       0x2c c:/program files (x86)/atmel/studio/7.0/toolchain/arm/arm-gnu-toolchain/bin/../lib/gcc/arm-none-eabi/5.3.1/../../../../arm-none-eabi/lib/armv6-m\libc_nano.a(lib_a-memset.o)
 .ARM.attributes
                0x000006ae       0x1e c:/program files (x86)/atmel/studio/7.0/toolchain/arm/arm-gnu-toolchain/bin/../lib/gcc/arm-none-eabi/5.3.1/armv6-m/crtn.o

.comment        0x00000000       0x59
 .comment       0x00000000       0x59 src/ASF/sam0/drivers/extint/extint_sam_d_r/extint.o
                                 0x5a (size before relaxing)
 .comment       0x00000059       0x5a src/ASF/sam0/drivers/rtc/rtc_sam_d_r/rtc_count.o
 .comment       0x00000059       0x5a src/ASF/sam0/drivers/rtc/rtc_sam_d_r/rtc_count_interrupt.o
 .comment       0x00000059       0x5a src/wheel.o
 .comment       0x00000059       0x5a src/ASF/sam0/drivers/extint/extint_callback.o
 .comment       0x00000059       0x5a src/ASF/sam0/drivers/sercom/i2c/i2c_sam0/i2c_master.o
 .comment       0x00000059       0x5a src/ASF/sam0/drivers/sercom/i2c/i2c_sam0/i2c_master_interrupt.o
 .comment       0x00000059       0x5a src/ASF/sam0/drivers/tcc/tcc.o
 .comment       0x00000059       0x5a src/ASF/sam0/drivers/tcc/tcc_callback.o
 .comment       0x00000059       0x5a src/ASF/sam0/drivers/tc/tc_interrupt.o
 .comment       0x00000059       0x5a src/ASF/sam0/drivers/sercom/spi/spi.o
 .comment       0x00000059       0x5a src/ASF/sam0/drivers/sercom/spi/spi_interrupt.o
 .comment       0x00000059       0x5a src/ASF/sam0/drivers/sercom/sercom.o
 .comment       0x00000059       0x5a src/ASF/sam0/drivers/sercom/sercom_interrupt.o
 .comment       0x00000059       0x5a src/ASF/sam0/drivers/port/port.o
 .comment       0x00000059       0x5a src/ASF/common2/boards/user_board/init.o
 .comment       0x00000059       0x5a src/ASF/common/utils/interrupt/interrupt_sam_nvic.o
 .comment       0x00000059       0x5a src/ASF/sam0/drivers/system/clock/clock_samd21_r21_da/clock.o
 .comment       0x00000059       0x5a src/ASF/sam0/drivers/system/clock/clock_samd21_r21_da/gclk.o
 .comment       0x00000059       0x5a src/ASF/sam0/drivers/system/pinmux/pinmux.o
 .comment       0x00000059       0x5a src/ASF/sam0/drivers/system/system.o
 .comment       0x00000059       0x5a src/ASF/sam0/utils/cmsis/samd21/source/gcc/startup_samd21.o
 .comment       0x00000059       0x5a src/main.o

.debug_info     0x00000000    0x37de3
 .debug_info    0x00000000     0x2016 src/ASF/sam0/drivers/extint/extint_sam_d_r/extint.o
 .debug_info    0x00002016     0x29aa src/ASF/sam0/drivers/rtc/rtc_sam_d_r/rtc_count.o
 .debug_info    0x000049c0     0x1878 src/ASF/sam0/drivers/rtc/rtc_sam_d_r/rtc_count_interrupt.o
 .debug_info    0x00006238     0x2bc4 src/wheel.o
 .debug_info    0x00008dfc      0xfcb src/ASF/sam0/drivers/extint/extint_callback.o
 .debug_info    0x00009dc7     0x4160 src/ASF/sam0/drivers/sercom/i2c/i2c_sam0/i2c_master.o
 .debug_info    0x0000df27     0x268c src/ASF/sam0/drivers/sercom/i2c/i2c_sam0/i2c_master_interrupt.o
 .debug_info    0x000105b3     0x410e src/ASF/sam0/drivers/tcc/tcc.o
 .debug_info    0x000146c1     0x2753 src/ASF/sam0/drivers/tcc/tcc_callback.o
 .debug_info    0x00016e14     0x12f4 src/ASF/sam0/drivers/tc/tc_interrupt.o
 .debug_info    0x00018108     0x4c0d src/ASF/sam0/drivers/sercom/spi/spi.o
 .debug_info    0x0001cd15     0x27a8 src/ASF/sam0/drivers/sercom/spi/spi_interrupt.o
 .debug_info    0x0001f4bd     0x24a4 src/ASF/sam0/drivers/sercom/sercom.o
 .debug_info    0x00021961     0x22a0 src/ASF/sam0/drivers/sercom/sercom_interrupt.o
 .debug_info    0x00023c01      0x92e src/ASF/sam0/drivers/port/port.o
 .debug_info    0x0002452f     0x22de src/ASF/common2/boards/user_board/init.o
 .debug_info    0x0002680d      0x1ef src/ASF/common/utils/interrupt/interrupt_sam_nvic.o
 .debug_info    0x000269fc     0x2cdf src/ASF/sam0/drivers/system/clock/clock_samd21_r21_da/clock.o
 .debug_info    0x000296db     0x1289 src/ASF/sam0/drivers/system/clock/clock_samd21_r21_da/gclk.o
 .debug_info    0x0002a964      0xa97 src/ASF/sam0/drivers/system/pinmux/pinmux.o
 .debug_info    0x0002b3fb      0x141 src/ASF/sam0/drivers/system/system.o
 .debug_info    0x0002b53c     0x3a7e src/ASF/sam0/utils/cmsis/samd21/source/gcc/startup_samd21.o
 .debug_info    0x0002efba     0x8e29 src/main.o

.debug_abbrev   0x00000000     0x3ad1
 .debug_abbrev  0x00000000      0x321 src/ASF/sam0/drivers/extint/extint_sam_d_r/extint.o
 .debug_abbrev  0x00000321      0x2fd src/ASF/sam0/drivers/rtc/rtc_sam_d_r/rtc_count.o
 .debug_abbrev  0x0000061e      0x20d src/ASF/sam0/drivers/rtc/rtc_sam_d_r/rtc_count_interrupt.o
 .debug_abbrev  0x0000082b      0x2e8 src/wheel.o
 .debug_abbrev  0x00000b13      0x277 src/ASF/sam0/drivers/extint/extint_callback.o
 .debug_abbrev  0x00000d8a      0x380 src/ASF/sam0/drivers/sercom/i2c/i2c_sam0/i2c_master.o
 .debug_abbrev  0x0000110a      0x2a7 src/ASF/sam0/drivers/sercom/i2c/i2c_sam0/i2c_master_interrupt.o
 .debug_abbrev  0x000013b1      0x344 src/ASF/sam0/drivers/tcc/tcc.o
 .debug_abbrev  0x000016f5      0x291 src/ASF/sam0/drivers/tcc/tcc_callback.o
 .debug_abbrev  0x00001986      0x24e src/ASF/sam0/drivers/tc/tc_interrupt.o
 .debug_abbrev  0x00001bd4      0x37a src/ASF/sam0/drivers/sercom/spi/spi.o
 .debug_abbrev  0x00001f4e      0x294 src/ASF/sam0/drivers/sercom/spi/spi_interrupt.o
 .debug_abbrev  0x000021e2      0x274 src/ASF/sam0/drivers/sercom/sercom.o
 .debug_abbrev  0x00002456      0x213 src/ASF/sam0/drivers/sercom/sercom_interrupt.o
 .debug_abbrev  0x00002669      0x1b6 src/ASF/sam0/drivers/port/port.o
 .debug_abbrev  0x0000281f      0x242 src/ASF/common2/boards/user_board/init.o
 .debug_abbrev  0x00002a61       0xf8 src/ASF/common/utils/interrupt/interrupt_sam_nvic.o
 .debug_abbrev  0x00002b59      0x340 src/ASF/sam0/drivers/system/clock/clock_samd21_r21_da/clock.o
 .debug_abbrev  0x00002e99      0x28e src/ASF/sam0/drivers/system/clock/clock_samd21_r21_da/gclk.o
 .debug_abbrev  0x00003127      0x258 src/ASF/sam0/drivers/system/pinmux/pinmux.o
 .debug_abbrev  0x0000337f       0xad src/ASF/sam0/drivers/system/system.o
 .debug_abbrev  0x0000342c      0x20a src/ASF/sam0/utils/cmsis/samd21/source/gcc/startup_samd21.o
 .debug_abbrev  0x00003636      0x49b src/main.o

.debug_loc      0x00000000     0x508e
 .debug_loc     0x00000000      0x310 src/ASF/sam0/drivers/extint/extint_sam_d_r/extint.o
 .debug_loc     0x00000310      0x428 src/ASF/sam0/drivers/rtc/rtc_sam_d_r/rtc_count.o
 .debug_loc     0x00000738      0x144 src/ASF/sam0/drivers/rtc/rtc_sam_d_r/rtc_count_interrupt.o
 .debug_loc     0x0000087c      0x250 src/wheel.o
 .debug_loc     0x00000acc      0x1e0 src/ASF/sam0/drivers/extint/extint_callback.o
 .debug_loc     0x00000cac      0x5c6 src/ASF/sam0/drivers/sercom/i2c/i2c_sam0/i2c_master.o
 .debug_loc     0x00001272      0x3b8 src/ASF/sam0/drivers/sercom/i2c/i2c_sam0/i2c_master_interrupt.o
 .debug_loc     0x0000162a      0x5ea src/ASF/sam0/drivers/tcc/tcc.o
 .debug_loc     0x00001c14      0x244 src/ASF/sam0/drivers/tcc/tcc_callback.o
 .debug_loc     0x00001e58      0x164 src/ASF/sam0/drivers/tc/tc_interrupt.o
 .debug_loc     0x00001fbc      0x5e0 src/ASF/sam0/drivers/sercom/spi/spi.o
 .debug_loc     0x0000259c      0x310 src/ASF/sam0/drivers/sercom/spi/spi_interrupt.o
 .debug_loc     0x000028ac      0x18c src/ASF/sam0/drivers/sercom/sercom.o
 .debug_loc     0x00002a38      0x1b0 src/ASF/sam0/drivers/sercom/sercom_interrupt.o
 .debug_loc     0x00002be8       0xa8 src/ASF/sam0/drivers/port/port.o
 .debug_loc     0x00002c90       0xd4 src/ASF/common2/boards/user_board/init.o
 .debug_loc     0x00002d64       0x64 src/ASF/common/utils/interrupt/interrupt_sam_nvic.o
 .debug_loc     0x00002dc8      0x4ae src/ASF/sam0/drivers/system/clock/clock_samd21_r21_da/clock.o
 .debug_loc     0x00003276      0x388 src/ASF/sam0/drivers/system/clock/clock_samd21_r21_da/gclk.o
 .debug_loc     0x000035fe      0x150 src/ASF/sam0/drivers/system/pinmux/pinmux.o
 .debug_loc     0x0000374e       0x58 src/ASF/sam0/drivers/system/system.o
 .debug_loc     0x000037a6       0x64 src/ASF/sam0/utils/cmsis/samd21/source/gcc/startup_samd21.o
 .debug_loc     0x0000380a     0x1884 src/main.o

.debug_aranges  0x00000000      0xe18
 .debug_aranges
                0x00000000       0x88 src/ASF/sam0/drivers/extint/extint_sam_d_r/extint.o
 .debug_aranges
                0x00000088       0xb0 src/ASF/sam0/drivers/rtc/rtc_sam_d_r/rtc_count.o
 .debug_aranges
                0x00000138       0x48 src/ASF/sam0/drivers/rtc/rtc_sam_d_r/rtc_count_interrupt.o
 .debug_aranges
                0x00000180       0x70 src/wheel.o
 .debug_aranges
                0x000001f0       0x60 src/ASF/sam0/drivers/extint/extint_callback.o
 .debug_aranges
                0x00000250       0xf0 src/ASF/sam0/drivers/sercom/i2c/i2c_sam0/i2c_master.o
 .debug_aranges
                0x00000340       0xa0 src/ASF/sam0/drivers/sercom/i2c/i2c_sam0/i2c_master_interrupt.o
 .debug_aranges
                0x000003e0       0xf0 src/ASF/sam0/drivers/tcc/tcc.o
 .debug_aranges
                0x000004d0       0x70 src/ASF/sam0/drivers/tcc/tcc_callback.o
 .debug_aranges
                0x00000540       0x50 src/ASF/sam0/drivers/tc/tc_interrupt.o
 .debug_aranges
                0x00000590       0xf0 src/ASF/sam0/drivers/sercom/spi/spi.o
 .debug_aranges
                0x00000680       0x88 src/ASF/sam0/drivers/sercom/spi/spi_interrupt.o
 .debug_aranges
                0x00000708       0x50 src/ASF/sam0/drivers/sercom/sercom.o
 .debug_aranges
                0x00000758       0x60 src/ASF/sam0/drivers/sercom/sercom_interrupt.o
 .debug_aranges
                0x000007b8       0x30 src/ASF/sam0/drivers/port/port.o
 .debug_aranges
                0x000007e8       0x38 src/ASF/common2/boards/user_board/init.o
 .debug_aranges
                0x00000820       0x28 src/ASF/common/utils/interrupt/interrupt_sam_nvic.o
 .debug_aranges
                0x00000848       0xc8 src/ASF/sam0/drivers/system/clock/clock_samd21_r21_da/clock.o
 .debug_aranges
                0x00000910       0xa0 src/ASF/sam0/drivers/system/clock/clock_samd21_r21_da/gclk.o
 .debug_aranges
                0x000009b0       0x48 src/ASF/sam0/drivers/system/pinmux/pinmux.o
 .debug_aranges
                0x000009f8       0x28 src/ASF/sam0/drivers/system/system.o
 .debug_aranges
                0x00000a20       0x28 src/ASF/sam0/utils/cmsis/samd21/source/gcc/startup_samd21.o
 .debug_aranges
                0x00000a48      0x3d0 src/main.o

.debug_ranges   0x00000000      0xca8
 .debug_ranges  0x00000000       0x78 src/ASF/sam0/drivers/extint/extint_sam_d_r/extint.o
 .debug_ranges  0x00000078       0xa0 src/ASF/sam0/drivers/rtc/rtc_sam_d_r/rtc_count.o
 .debug_ranges  0x00000118       0x38 src/ASF/sam0/drivers/rtc/rtc_sam_d_r/rtc_count_interrupt.o
 .debug_ranges  0x00000150       0x60 src/wheel.o
 .debug_ranges  0x000001b0       0x50 src/ASF/sam0/drivers/extint/extint_callback.o
 .debug_ranges  0x00000200       0xe0 src/ASF/sam0/drivers/sercom/i2c/i2c_sam0/i2c_master.o
 .debug_ranges  0x000002e0       0x90 src/ASF/sam0/drivers/sercom/i2c/i2c_sam0/i2c_master_interrupt.o
 .debug_ranges  0x00000370       0xe0 src/ASF/sam0/drivers/tcc/tcc.o
 .debug_ranges  0x00000450       0x60 src/ASF/sam0/drivers/tcc/tcc_callback.o
 .debug_ranges  0x000004b0       0x40 src/ASF/sam0/drivers/tc/tc_interrupt.o
 .debug_ranges  0x000004f0       0xe0 src/ASF/sam0/drivers/sercom/spi/spi.o
 .debug_ranges  0x000005d0       0x78 src/ASF/sam0/drivers/sercom/spi/spi_interrupt.o
 .debug_ranges  0x00000648       0x40 src/ASF/sam0/drivers/sercom/sercom.o
 .debug_ranges  0x00000688       0x50 src/ASF/sam0/drivers/sercom/sercom_interrupt.o
 .debug_ranges  0x000006d8       0x20 src/ASF/sam0/drivers/port/port.o
 .debug_ranges  0x000006f8       0x28 src/ASF/common2/boards/user_board/init.o
 .debug_ranges  0x00000720       0x18 src/ASF/common/utils/interrupt/interrupt_sam_nvic.o
 .debug_ranges  0x00000738       0xb8 src/ASF/sam0/drivers/system/clock/clock_samd21_r21_da/clock.o
 .debug_ranges  0x000007f0       0x90 src/ASF/sam0/drivers/system/clock/clock_samd21_r21_da/gclk.o
 .debug_ranges  0x00000880       0x38 src/ASF/sam0/drivers/system/pinmux/pinmux.o
 .debug_ranges  0x000008b8       0x18 src/ASF/sam0/drivers/system/system.o
 .debug_ranges  0x000008d0       0x18 src/ASF/sam0/utils/cmsis/samd21/source/gcc/startup_samd21.o
 .debug_ranges  0x000008e8      0x3c0 src/main.o

.debug_macro    0x00000000     0xa7d5
 .debug_macro   0x00000000      0x553 src/ASF/sam0/drivers/extint/extint_sam_d_r/extint.o
 .debug_macro   0x00000553       0x2e src/ASF/sam0/drivers/extint/extint_sam_d_r/extint.o
 .debug_macro   0x00000581       0x1f src/ASF/sam0/drivers/extint/extint_sam_d_r/extint.o
 .debug_macro   0x000005a0       0x16 src/ASF/sam0/drivers/extint/extint_sam_d_r/extint.o
 .debug_macro   0x000005b6      0x526 src/ASF/sam0/drivers/rtc/rtc_sam_d_r/rtc_count.o
 .debug_macro   0x00000adc      0x29d src/ASF/sam0/drivers/rtc/rtc_sam_d_r/rtc_count.o
 .debug_macro   0x00000d79      0x530 src/ASF/sam0/drivers/rtc/rtc_sam_d_r/rtc_count_interrupt.o
 .debug_macro   0x000012a9      0x6c9 src/wheel.o
 .debug_macro   0x00001972       0x4c src/wheel.o
 .debug_macro   0x000019be       0x8d src/wheel.o
 .debug_macro   0x00001a4b       0x4a src/wheel.o
 .debug_macro   0x00001a95       0x82 src/wheel.o
 .debug_macro   0x00001b17      0x45d src/wheel.o
 .debug_macro   0x00001f74       0x34 src/wheel.o
 .debug_macro   0x00001fa8       0xfd src/wheel.o
 .debug_macro   0x000020a5       0x16 src/wheel.o
 .debug_macro   0x000020bb       0xa2 src/wheel.o
 .debug_macro   0x0000215d       0x19 src/wheel.o
 .debug_macro   0x00002176      0x2aa src/wheel.o
 .debug_macro   0x00002420       0x18 src/wheel.o
 .debug_macro   0x00002438       0xb2 src/wheel.o
 .debug_macro   0x000024ea       0x10 src/wheel.o
 .debug_macro   0x000024fa       0x2d src/wheel.o
 .debug_macro   0x00002527       0x16 src/wheel.o
 .debug_macro   0x0000253d       0x16 src/wheel.o
 .debug_macro   0x00002553       0x2e src/wheel.o
 .debug_macro   0x00002581       0x6c src/wheel.o
 .debug_macro   0x000025ed       0x8f src/wheel.o
 .debug_macro   0x0000267c      0x4f8 src/ASF/sam0/drivers/extint/extint_callback.o
 .debug_macro   0x00002b74      0x583 src/ASF/sam0/drivers/sercom/i2c/i2c_sam0/i2c_master.o
 .debug_macro   0x000030f7       0x27 src/ASF/sam0/drivers/sercom/i2c/i2c_sam0/i2c_master.o
 .debug_macro   0x0000311e      0x57f src/ASF/sam0/drivers/sercom/i2c/i2c_sam0/i2c_master_interrupt.o
 .debug_macro   0x0000369d      0x61a src/ASF/sam0/drivers/tcc/tcc.o
 .debug_macro   0x00003cb7       0x19 src/ASF/sam0/drivers/tcc/tcc.o
 .debug_macro   0x00003cd0       0x74 src/ASF/sam0/drivers/tcc/tcc.o
 .debug_macro   0x00003d44      0x54d src/ASF/sam0/drivers/tcc/tcc_callback.o
 .debug_macro   0x00004291      0x541 src/ASF/sam0/drivers/tc/tc_interrupt.o
 .debug_macro   0x000047d2      0x59b src/ASF/sam0/drivers/sercom/spi/spi.o
 .debug_macro   0x00004d6d       0x12 src/ASF/sam0/drivers/sercom/spi/spi.o
 .debug_macro   0x00004d7f       0x35 src/ASF/sam0/drivers/sercom/spi/spi.o
 .debug_macro   0x00004db4      0x5a5 src/ASF/sam0/drivers/sercom/spi/spi_interrupt.o
 .debug_macro   0x00005359      0x561 src/ASF/sam0/drivers/sercom/sercom.o
 .debug_macro   0x000058ba      0x55e src/ASF/sam0/drivers/sercom/sercom_interrupt.o
 .debug_macro   0x00005e18      0x4ed src/ASF/sam0/drivers/port/port.o
 .debug_macro   0x00006305      0x6b1 src/ASF/common2/boards/user_board/init.o
 .debug_macro   0x000069b6      0x4d3 src/ASF/common/utils/interrupt/interrupt_sam_nvic.o
 .debug_macro   0x00006e89      0x545 src/ASF/sam0/drivers/system/clock/clock_samd21_r21_da/clock.o
 .debug_macro   0x000073ce      0x509 src/ASF/sam0/drivers/system/clock/clock_samd21_r21_da/gclk.o
 .debug_macro   0x000078d7      0x4e3 src/ASF/sam0/drivers/system/pinmux/pinmux.o
 .debug_macro   0x00007dba       0x12 src/ASF/sam0/drivers/system/pinmux/pinmux.o
 .debug_macro   0x00007dcc      0x517 src/ASF/sam0/drivers/system/system.o
 .debug_macro   0x000082e3      0x2e5 src/ASF/sam0/utils/cmsis/samd21/source/gcc/startup_samd21.o
 .debug_macro   0x000085c8       0x3a src/ASF/sam0/utils/cmsis/samd21/source/gcc/startup_samd21.o
 .debug_macro   0x00008602      0x736 src/main.o
 .debug_macro   0x00008d38       0x10 src/main.o
 .debug_macro   0x00008d48     0x17af src/main.o
 .debug_macro   0x0000a4f7       0x84 src/main.o
 .debug_macro   0x0000a57b      0x25a src/main.o

.debug_line     0x00000000    0x11d8e
 .debug_line    0x00000000      0xcdc src/ASF/sam0/drivers/extint/extint_sam_d_r/extint.o
 .debug_line    0x00000cdc      0xc34 src/ASF/sam0/drivers/rtc/rtc_sam_d_r/rtc_count.o
 .debug_line    0x00001910      0xaa4 src/ASF/sam0/drivers/rtc/rtc_sam_d_r/rtc_count_interrupt.o
 .debug_line    0x000023b4      0xea9 src/wheel.o
 .debug_line    0x0000325d      0x98d src/ASF/sam0/drivers/extint/extint_callback.o
 .debug_line    0x00003bea      0xe79 src/ASF/sam0/drivers/sercom/i2c/i2c_sam0/i2c_master.o
 .debug_line    0x00004a63      0xd84 src/ASF/sam0/drivers/sercom/i2c/i2c_sam0/i2c_master_interrupt.o
 .debug_line    0x000057e7      0xf5d src/ASF/sam0/drivers/tcc/tcc.o
 .debug_line    0x00006744      0xab9 src/ASF/sam0/drivers/tcc/tcc_callback.o
 .debug_line    0x000071fd      0xa69 src/ASF/sam0/drivers/tc/tc_interrupt.o
 .debug_line    0x00007c66      0xfe1 src/ASF/sam0/drivers/sercom/spi/spi.o
 .debug_line    0x00008c47      0xcf5 src/ASF/sam0/drivers/sercom/spi/spi_interrupt.o
 .debug_line    0x0000993c      0xbf0 src/ASF/sam0/drivers/sercom/sercom.o
 .debug_line    0x0000a52c      0xb41 src/ASF/sam0/drivers/sercom/sercom_interrupt.o
 .debug_line    0x0000b06d      0x8cd src/ASF/sam0/drivers/port/port.o
 .debug_line    0x0000b93a      0xdd1 src/ASF/common2/boards/user_board/init.o
 .debug_line    0x0000c70b      0x89b src/ASF/common/utils/interrupt/interrupt_sam_nvic.o
 .debug_line    0x0000cfa6      0xca0 src/ASF/sam0/drivers/system/clock/clock_samd21_r21_da/clock.o
 .debug_line    0x0000dc46      0xb6e src/ASF/sam0/drivers/system/clock/clock_samd21_r21_da/gclk.o
 .debug_line    0x0000e7b4      0x93f src/ASF/sam0/drivers/system/pinmux/pinmux.o
 .debug_line    0x0000f0f3      0x9b6 src/ASF/sam0/drivers/system/system.o
 .debug_line    0x0000faa9      0x650 src/ASF/sam0/utils/cmsis/samd21/source/gcc/startup_samd21.o
 .debug_line    0x000100f9     0x1c95 src/main.o

.debug_str      0x00000000    0x92734
 .debug_str     0x00000000    0x7fe13 src/ASF/sam0/drivers/extint/extint_sam_d_r/extint.o
                              0x80764 (size before relaxing)
 .debug_str     0x0007fe13     0x18e4 src/ASF/sam0/drivers/rtc/rtc_sam_d_r/rtc_count.o
                              0x816bb (size before relaxing)
 .debug_str     0x000816f7      0x104 src/ASF/sam0/drivers/rtc/rtc_sam_d_r/rtc_count_interrupt.o
                              0x80ae1 (size before relaxing)
 .debug_str     0x000817fb     0x30a2 src/wheel.o
                              0x83b4e (size before relaxing)
 .debug_str     0x0008489d      0x131 src/ASF/sam0/drivers/extint/extint_callback.o
                              0x7f7f0 (size before relaxing)
 .debug_str     0x000849ce      0x88d src/ASF/sam0/drivers/sercom/i2c/i2c_sam0/i2c_master.o
                              0x81497 (size before relaxing)
 .debug_str     0x0008525b      0x248 src/ASF/sam0/drivers/sercom/i2c/i2c_sam0/i2c_master_interrupt.o
                              0x80547 (size before relaxing)
 .debug_str     0x000854a3     0x239e src/ASF/sam0/drivers/tcc/tcc.o
                              0x82433 (size before relaxing)
 .debug_str     0x00087841      0x1a7 src/ASF/sam0/drivers/tcc/tcc_callback.o
                              0x8090e (size before relaxing)
 .debug_str     0x000879e8      0x2eb src/ASF/sam0/drivers/tc/tc_interrupt.o
                              0x800f4 (size before relaxing)
 .debug_str     0x00087cd3      0x8c8 src/ASF/sam0/drivers/sercom/spi/spi.o
                              0x81920 (size before relaxing)
 .debug_str     0x0008859b      0x159 src/ASF/sam0/drivers/sercom/spi/spi_interrupt.o
                              0x808fd (size before relaxing)
 .debug_str     0x000886f4      0x3b4 src/ASF/sam0/drivers/sercom/sercom.o
                              0x8062e (size before relaxing)
 .debug_str     0x00088aa8      0x189 src/ASF/sam0/drivers/sercom/sercom_interrupt.o
                              0x804a1 (size before relaxing)
 .debug_str     0x00088c31       0xf9 src/ASF/sam0/drivers/port/port.o
                              0x7f39d (size before relaxing)
 .debug_str     0x00088d2a       0x3e src/ASF/common2/boards/user_board/init.o
                              0x827d6 (size before relaxing)
 .debug_str     0x00088d68       0x9b src/ASF/common/utils/interrupt/interrupt_sam_nvic.o
                              0x7efad (size before relaxing)
 .debug_str     0x00088e03     0x16d2 src/ASF/sam0/drivers/system/clock/clock_samd21_r21_da/clock.o
                              0x820db (size before relaxing)
 .debug_str     0x0008a4d5      0x27d src/ASF/sam0/drivers/system/clock/clock_samd21_r21_da/gclk.o
                              0x7fc2c (size before relaxing)
 .debug_str     0x0008a752      0x1b5 src/ASF/sam0/drivers/system/pinmux/pinmux.o
                              0x7f44f (size before relaxing)
 .debug_str     0x0008a907       0x47 src/ASF/sam0/drivers/system/system.o
                              0x7f058 (size before relaxing)
 .debug_str     0x0008a94e      0xef2 src/ASF/sam0/utils/cmsis/samd21/source/gcc/startup_samd21.o
                              0x6b365 (size before relaxing)
 .debug_str     0x0008b840     0x6ef4 src/main.o
                              0x8d373 (size before relaxing)

.debug_frame    0x00000000     0x3224
 .debug_frame   0x00000000      0x1d0 src/ASF/sam0/drivers/extint/extint_sam_d_r/extint.o
 .debug_frame   0x000001d0      0x270 src/ASF/sam0/drivers/rtc/rtc_sam_d_r/rtc_count.o
 .debug_frame   0x00000440       0xcc src/ASF/sam0/drivers/rtc/rtc_sam_d_r/rtc_count_interrupt.o
 .debug_frame   0x0000050c      0x16c src/wheel.o
 .debug_frame   0x00000678      0x128 src/ASF/sam0/drivers/extint/extint_callback.o
 .debug_frame   0x000007a0      0x368 src/ASF/sam0/drivers/sercom/i2c/i2c_sam0/i2c_master.o
 .debug_frame   0x00000b08      0x230 src/ASF/sam0/drivers/sercom/i2c/i2c_sam0/i2c_master_interrupt.o
 .debug_frame   0x00000d38      0x374 src/ASF/sam0/drivers/tcc/tcc.o
 .debug_frame   0x000010ac      0x164 src/ASF/sam0/drivers/tcc/tcc_callback.o
 .debug_frame   0x00001210       0xe4 src/ASF/sam0/drivers/tc/tc_interrupt.o
 .debug_frame   0x000012f4      0x36c src/ASF/sam0/drivers/sercom/spi/spi.o
 .debug_frame   0x00001660      0x1d0 src/ASF/sam0/drivers/sercom/spi/spi_interrupt.o
 .debug_frame   0x00001830       0xf8 src/ASF/sam0/drivers/sercom/sercom.o
 .debug_frame   0x00001928      0x118 src/ASF/sam0/drivers/sercom/sercom_interrupt.o
 .debug_frame   0x00001a40       0x70 src/ASF/sam0/drivers/port/port.o
 .debug_frame   0x00001ab0       0x8c src/ASF/common2/boards/user_board/init.o
 .debug_frame   0x00001b3c       0x4c src/ASF/common/utils/interrupt/interrupt_sam_nvic.o
 .debug_frame   0x00001b88      0x2c4 src/ASF/sam0/drivers/system/clock/clock_samd21_r21_da/clock.o
 .debug_frame   0x00001e4c      0x220 src/ASF/sam0/drivers/system/clock/clock_samd21_r21_da/gclk.o
 .debug_frame   0x0000206c       0xd0 src/ASF/sam0/drivers/system/pinmux/pinmux.o
 .debug_frame   0x0000213c       0x48 src/ASF/sam0/drivers/system/system.o
 .debug_frame   0x00002184       0x4c src/ASF/sam0/utils/cmsis/samd21/source/gcc/startup_samd21.o
 .debug_frame   0x000021d0      0xe7c src/main.o
 .debug_frame   0x0000304c       0x20 c:/program files (x86)/atmel/studio/7.0/toolchain/arm/arm-gnu-toolchain/bin/../lib/gcc/arm-none-eabi/5.3.1/armv6-m\libgcc.a(_udivsi3.o)
 .debug_frame   0x0000306c       0x3c c:/program files (x86)/atmel/studio/7.0/toolchain/arm/arm-gnu-toolchain/bin/../lib/gcc/arm-none-eabi/5.3.1/armv6-m\libgcc.a(adddf3.o)
 .debug_frame   0x000030a8       0x3c c:/program files (x86)/atmel/studio/7.0/toolchain/arm/arm-gnu-toolchain/bin/../lib/gcc/arm-none-eabi/5.3.1/armv6-m\libgcc.a(divdf3.o)
 .debug_frame   0x000030e4       0x3c c:/program files (x86)/atmel/studio/7.0/toolchain/arm/arm-gnu-toolchain/bin/../lib/gcc/arm-none-eabi/5.3.1/armv6-m\libgcc.a(muldf3.o)
 .debug_frame   0x00003120       0x38 c:/program files (x86)/atmel/studio/7.0/toolchain/arm/arm-gnu-toolchain/bin/../lib/gcc/arm-none-eabi/5.3.1/armv6-m\libgcc.a(subdf3.o)
 .debug_frame   0x00003158       0x2c c:/program files (x86)/atmel/studio/7.0/toolchain/arm/arm-gnu-toolchain/bin/../lib/gcc/arm-none-eabi/5.3.1/armv6-m\libgcc.a(fixdfsi.o)
 .debug_frame   0x00003184       0x2c c:/program files (x86)/atmel/studio/7.0/toolchain/arm/arm-gnu-toolchain/bin/../lib/gcc/arm-none-eabi/5.3.1/armv6-m\libgcc.a(floatunsidf.o)
 .debug_frame   0x000031b0       0x2c c:/program files (x86)/atmel/studio/7.0/toolchain/arm/arm-gnu-toolchain/bin/../lib/gcc/arm-none-eabi/5.3.1/../../../../arm-none-eabi/lib/armv6-m\libc_nano.a(lib_a-init.o)
 .debug_frame   0x000031dc       0x28 c:/program files (x86)/atmel/studio/7.0/toolchain/arm/arm-gnu-toolchain/bin/../lib/gcc/arm-none-eabi/5.3.1/../../../../arm-none-eabi/lib/armv6-m\libc_nano.a(lib_a-memcpy-stub.o)
 .debug_frame   0x00003204       0x20 c:/program files (x86)/atmel/studio/7.0/toolchain/arm/arm-gnu-toolchain/bin/../lib/gcc/arm-none-eabi/5.3.1/../../../../arm-none-eabi/lib/armv6-m\libc_nano.a(lib_a-memset.o)

Cross Reference Table

Symbol                                            File
ACKReceived                                       src/main.o
ACK_RECEIVED                                      src/main.o
ACK_REQUESTED                                     src/main.o
AC_Handler                                        src/ASF/sam0/utils/cmsis/samd21/source/gcc/startup_samd21.o
ADC_Handler                                       src/ASF/sam0/utils/cmsis/samd21/source/gcc/startup_samd21.o
ColorCycle                                        src/main.o
DAC_Handler                                       src/ASF/sam0/utils/cmsis/samd21/source/gcc/startup_samd21.o
DMAC_Handler                                      src/ASF/sam0/utils/cmsis/samd21/source/gcc/startup_samd21.o
Dummy_Handler                                     src/ASF/sam0/utils/cmsis/samd21/source/gcc/startup_samd21.o
EIC_Handler                                       src/ASF/sam0/drivers/extint/extint_callback.o
EVSYS_Handler                                     src/ASF/sam0/utils/cmsis/samd21/source/gcc/startup_samd21.o
GPOUTFunction                                     src/main.o
GPOUTPolarity                                     src/main.o
HardFault_Handler                                 src/ASF/sam0/utils/cmsis/samd21/source/gcc/startup_samd21.o
I2S_Handler                                       src/ASF/sam0/utils/cmsis/samd21/source/gcc/startup_samd21.o
NMI_Handler                                       src/ASF/sam0/utils/cmsis/samd21/source/gcc/startup_samd21.o
NVMCTRL_Handler                                   src/ASF/sam0/utils/cmsis/samd21/source/gcc/startup_samd21.o
PAYLOADLEN                                        src/main.o
PM_Handler                                        src/ASF/sam0/utils/cmsis/samd21/source/gcc/startup_samd21.o
PTC_Handler                                       src/ASF/sam0/utils/cmsis/samd21/source/gcc/startup_samd21.o
PendSV_Handler                                    src/ASF/sam0/utils/cmsis/samd21/source/gcc/startup_samd21.o
RFM69                                             src/main.o
RFM_ACKRequested                                  src/main.o
RFM_DATA                                          src/main.o
RFM_DATALEN                                       src/main.o
RFM_RSSI                                          src/main.o
RFM_SENDERID                                      src/main.o
RFM_encrypt                                       src/main.o
RFM_initialize                                    src/main.o
RFM_promiscuous                                   src/main.o
RFM_receiveDone                                   src/main.o
RFM_send                                          src/main.o
RFM_sendACK                                       src/main.o
RFM_sendWithRetry                                 src/main.o
RFM_setHighPower                                  src/main.o
RTC_Handler                                       src/ASF/sam0/drivers/rtc/rtc_sam_d_r/rtc_count_interrupt.o
Reset_Handler                                     src/ASF/sam0/utils/cmsis/samd21/source/gcc/startup_samd21.o
SERCOM0_Handler                                   src/ASF/sam0/drivers/sercom/sercom_interrupt.o
SERCOM1_Handler                                   src/ASF/sam0/drivers/sercom/sercom_interrupt.o
SERCOM2_Handler                                   src/ASF/sam0/drivers/sercom/sercom_interrupt.o
SERCOM3_Handler                                   src/ASF/sam0/drivers/sercom/sercom_interrupt.o
SERCOM4_Handler                                   src/ASF/sam0/drivers/sercom/sercom_interrupt.o
SERCOM5_Handler                                   src/ASF/sam0/drivers/sercom/sercom_interrupt.o
SOC1ClearThreshold                                src/main.o
SOC1SetThreshold                                  src/main.o
SOCFClearThreshold                                src/main.o
SOCFSetThreshold                                  src/main.o
SVC_Handler                                       src/ASF/sam0/utils/cmsis/samd21/source/gcc/startup_samd21.o
SYSCTRL_Handler                                   src/ASF/sam0/utils/cmsis/samd21/source/gcc/startup_samd21.o
SysTick_Handler                                   src/ASF/sam0/utils/cmsis/samd21/source/gcc/startup_samd21.o
SystemCoreClock                                   src/ASF/sam0/utils/cmsis/samd21/source/system_samd21.o
SystemCoreClockUpdate                             src/ASF/sam0/utils/cmsis/samd21/source/system_samd21.o
SystemInit                                        src/ASF/sam0/utils/cmsis/samd21/source/system_samd21.o
TARGETID                                          src/main.o
TC3_Handler                                       src/ASF/sam0/drivers/tc/tc_interrupt.o
TC4_Handler                                       src/ASF/sam0/drivers/tc/tc_interrupt.o
TC5_Handler                                       src/ASF/sam0/drivers/tc/tc_interrupt.o
TCC0_Handler                                      src/ASF/sam0/drivers/tcc/tcc_callback.o
TCC1_Handler                                      src/ASF/sam0/drivers/tcc/tcc_callback.o
TCC2_Handler                                      src/ASF/sam0/drivers/tcc/tcc_callback.o
USB_Handler                                       src/ASF/sam0/utils/cmsis/samd21/source/gcc/startup_samd21.o
WDT_Handler                                       src/ASF/sam0/utils/cmsis/samd21/source/gcc/startup_samd21.o
_Jv_RegisterClasses                               c:/program files (x86)/atmel/studio/7.0/toolchain/arm/arm-gnu-toolchain/bin/../lib/gcc/arm-none-eabi/5.3.1/armv6-m/crtbegin.o
__aeabi_cdcmpeq                                   c:/program files (x86)/atmel/studio/7.0/toolchain/arm/arm-gnu-toolchain/bin/../lib/gcc/arm-none-eabi/5.3.1/armv6-m\libgcc.a(_arm_cmpdf2.o)
__aeabi_cdcmple                                   c:/program files (x86)/atmel/studio/7.0/toolchain/arm/arm-gnu-toolchain/bin/../lib/gcc/arm-none-eabi/5.3.1/armv6-m\libgcc.a(_arm_cmpdf2.o)
__aeabi_cdrcmple                                  c:/program files (x86)/atmel/studio/7.0/toolchain/arm/arm-gnu-toolchain/bin/../lib/gcc/arm-none-eabi/5.3.1/armv6-m\libgcc.a(_arm_cmpdf2.o)
__aeabi_d2iz                                      c:/program files (x86)/atmel/studio/7.0/toolchain/arm/arm-gnu-toolchain/bin/../lib/gcc/arm-none-eabi/5.3.1/armv6-m\libgcc.a(fixdfsi.o)
                                                  c:/program files (x86)/atmel/studio/7.0/toolchain/arm/arm-gnu-toolchain/bin/../lib/gcc/arm-none-eabi/5.3.1/armv6-m\libgcc.a(_fixunsdfsi.o)
                                                  src/ASF/sam0/drivers/sercom/i2c/i2c_sam0/i2c_master.o
__aeabi_d2uiz                                     c:/program files (x86)/atmel/studio/7.0/toolchain/arm/arm-gnu-toolchain/bin/../lib/gcc/arm-none-eabi/5.3.1/armv6-m\libgcc.a(_fixunsdfsi.o)
                                                  src/main.o
__aeabi_dadd                                      c:/program files (x86)/atmel/studio/7.0/toolchain/arm/arm-gnu-toolchain/bin/../lib/gcc/arm-none-eabi/5.3.1/armv6-m\libgcc.a(adddf3.o)
                                                  src/ASF/sam0/drivers/sercom/i2c/i2c_sam0/i2c_master.o
__aeabi_dcmpeq                                    c:/program files (x86)/atmel/studio/7.0/toolchain/arm/arm-gnu-toolchain/bin/../lib/gcc/arm-none-eabi/5.3.1/armv6-m\libgcc.a(_arm_cmpdf2.o)
__aeabi_dcmpge                                    c:/program files (x86)/atmel/studio/7.0/toolchain/arm/arm-gnu-toolchain/bin/../lib/gcc/arm-none-eabi/5.3.1/armv6-m\libgcc.a(_arm_cmpdf2.o)
                                                  c:/program files (x86)/atmel/studio/7.0/toolchain/arm/arm-gnu-toolchain/bin/../lib/gcc/arm-none-eabi/5.3.1/armv6-m\libgcc.a(_fixunsdfsi.o)
__aeabi_dcmpgt                                    c:/program files (x86)/atmel/studio/7.0/toolchain/arm/arm-gnu-toolchain/bin/../lib/gcc/arm-none-eabi/5.3.1/armv6-m\libgcc.a(_arm_cmpdf2.o)
__aeabi_dcmple                                    c:/program files (x86)/atmel/studio/7.0/toolchain/arm/arm-gnu-toolchain/bin/../lib/gcc/arm-none-eabi/5.3.1/armv6-m\libgcc.a(_arm_cmpdf2.o)
__aeabi_dcmplt                                    c:/program files (x86)/atmel/studio/7.0/toolchain/arm/arm-gnu-toolchain/bin/../lib/gcc/arm-none-eabi/5.3.1/armv6-m\libgcc.a(_arm_cmpdf2.o)
__aeabi_ddiv                                      c:/program files (x86)/atmel/studio/7.0/toolchain/arm/arm-gnu-toolchain/bin/../lib/gcc/arm-none-eabi/5.3.1/armv6-m\libgcc.a(divdf3.o)
                                                  src/main.o
                                                  src/ASF/sam0/drivers/sercom/i2c/i2c_sam0/i2c_master.o
__aeabi_dmul                                      c:/program files (x86)/atmel/studio/7.0/toolchain/arm/arm-gnu-toolchain/bin/../lib/gcc/arm-none-eabi/5.3.1/armv6-m\libgcc.a(muldf3.o)
                                                  src/main.o
                                                  src/ASF/sam0/drivers/sercom/i2c/i2c_sam0/i2c_master.o
__aeabi_dsub                                      c:/program files (x86)/atmel/studio/7.0/toolchain/arm/arm-gnu-toolchain/bin/../lib/gcc/arm-none-eabi/5.3.1/armv6-m\libgcc.a(subdf3.o)
                                                  c:/program files (x86)/atmel/studio/7.0/toolchain/arm/arm-gnu-toolchain/bin/../lib/gcc/arm-none-eabi/5.3.1/armv6-m\libgcc.a(_fixunsdfsi.o)
                                                  src/ASF/sam0/drivers/sercom/i2c/i2c_sam0/i2c_master.o
__aeabi_idiv                                      c:/program files (x86)/atmel/studio/7.0/toolchain/arm/arm-gnu-toolchain/bin/../lib/gcc/arm-none-eabi/5.3.1/armv6-m\libgcc.a(_divsi3.o)
                                                  c:/program files (x86)/atmel/studio/7.0/toolchain/arm/arm-gnu-toolchain/bin/../lib/gcc/arm-none-eabi/5.3.1/../../../../arm-none-eabi/lib/armv6-m\libc_nano.a(lib_a-fvwrite.o)
__aeabi_idiv0                                     c:/program files (x86)/atmel/studio/7.0/toolchain/arm/arm-gnu-toolchain/bin/../lib/gcc/arm-none-eabi/5.3.1/armv6-m\libgcc.a(_dvmd_tls.o)
                                                  c:/program files (x86)/atmel/studio/7.0/toolchain/arm/arm-gnu-toolchain/bin/../lib/gcc/arm-none-eabi/5.3.1/armv6-m\libgcc.a(_divsi3.o)
                                                  c:/program files (x86)/atmel/studio/7.0/toolchain/arm/arm-gnu-toolchain/bin/../lib/gcc/arm-none-eabi/5.3.1/armv6-m\libgcc.a(_udivsi3.o)
__aeabi_idivmod                                   c:/program files (x86)/atmel/studio/7.0/toolchain/arm/arm-gnu-toolchain/bin/../lib/gcc/arm-none-eabi/5.3.1/armv6-m\libgcc.a(_divsi3.o)
__aeabi_ldiv0                                     c:/program files (x86)/atmel/studio/7.0/toolchain/arm/arm-gnu-toolchain/bin/../lib/gcc/arm-none-eabi/5.3.1/armv6-m\libgcc.a(_dvmd_tls.o)
__aeabi_lmul                                      c:/program files (x86)/atmel/studio/7.0/toolchain/arm/arm-gnu-toolchain/bin/../lib/gcc/arm-none-eabi/5.3.1/armv6-m\libgcc.a(_muldi3.o)
                                                  src/ASF/sam0/drivers/sercom/sercom.o
__aeabi_ui2d                                      c:/program files (x86)/atmel/studio/7.0/toolchain/arm/arm-gnu-toolchain/bin/../lib/gcc/arm-none-eabi/5.3.1/armv6-m\libgcc.a(floatunsidf.o)
                                                  src/main.o
                                                  src/ASF/sam0/drivers/sercom/i2c/i2c_sam0/i2c_master.o
__aeabi_uidiv                                     c:/program files (x86)/atmel/studio/7.0/toolchain/arm/arm-gnu-toolchain/bin/../lib/gcc/arm-none-eabi/5.3.1/armv6-m\libgcc.a(_udivsi3.o)
                                                  c:/program files (x86)/atmel/studio/7.0/toolchain/arm/arm-gnu-toolchain/bin/../lib/gcc/arm-none-eabi/5.3.1/../../../../arm-none-eabi/lib/armv6-m\libc_nano.a(lib_a-nano-vfprintf_i.o)
                                                  c:/program files (x86)/atmel/studio/7.0/toolchain/arm/arm-gnu-toolchain/bin/../lib/gcc/arm-none-eabi/5.3.1/armv6-m\libgcc.a(divdf3.o)
                                                  src/ASF/sam0/drivers/system/clock/clock_samd21_r21_da/gclk.o
                                                  src/ASF/sam0/drivers/system/clock/clock_samd21_r21_da/clock.o
                                                  src/ASF/sam0/drivers/sercom/i2c/i2c_sam0/i2c_master.o
__aeabi_uidivmod                                  c:/program files (x86)/atmel/studio/7.0/toolchain/arm/arm-gnu-toolchain/bin/../lib/gcc/arm-none-eabi/5.3.1/armv6-m\libgcc.a(_udivsi3.o)
                                                  c:/program files (x86)/atmel/studio/7.0/toolchain/arm/arm-gnu-toolchain/bin/../lib/gcc/arm-none-eabi/5.3.1/../../../../arm-none-eabi/lib/armv6-m\libc_nano.a(lib_a-nano-vfprintf_i.o)
                                                  c:/program files (x86)/atmel/studio/7.0/toolchain/arm/arm-gnu-toolchain/bin/../lib/gcc/arm-none-eabi/5.3.1/armv6-m\libgcc.a(divdf3.o)