Archive member included to satisfy reference by file (symbol)

c:/program files (x86)/atmel/studio/7.0/toolchain/arm/arm-gnu-toolchain/bin/../lib/gcc/arm-none-eabi/5.3.1/armv6-m\libgcc.a(_udivsi3.o)
                              src/ASF/sam0/drivers/system/clock/clock_samd21_r21_da/clock.o (__aeabi_uidiv)
c:/program files (x86)/atmel/studio/7.0/toolchain/arm/arm-gnu-toolchain/bin/../lib/gcc/arm-none-eabi/5.3.1/armv6-m\libgcc.a(_divsi3.o)
                              src/ASF/sam0/drivers/usb/stack_interface/usb_device_udd.o (__aeabi_idivmod)
c:/program files (x86)/atmel/studio/7.0/toolchain/arm/arm-gnu-toolchain/bin/../lib/gcc/arm-none-eabi/5.3.1/armv6-m\libgcc.a(_dvmd_tls.o)
                              c:/program files (x86)/atmel/studio/7.0/toolchain/arm/arm-gnu-toolchain/bin/../lib/gcc/arm-none-eabi/5.3.1/armv6-m\libgcc.a(_udivsi3.o) (__aeabi_idiv0)
c:/program files (x86)/atmel/studio/7.0/toolchain/arm/arm-gnu-toolchain/bin/../lib/gcc/arm-none-eabi/5.3.1/armv6-m\libgcc.a(_clzsi2.o)
                              src/ASF/sam0/drivers/usb/usb_sam_d_r/usb.o (__clzsi2)
c:/program files (x86)/atmel/studio/7.0/toolchain/arm/arm-gnu-toolchain/bin/../lib/gcc/arm-none-eabi/5.3.1/armv6-m\libgcc.a(_ctzsi2.o)
                              src/ASF/sam0/drivers/usb/usb_sam_d_r/usb.o (__ctzsi2)
c:/program files (x86)/atmel/studio/7.0/toolchain/arm/arm-gnu-toolchain/bin/../lib/gcc/arm-none-eabi/5.3.1/armv6-m\libgcc.a(_muldi3.o)
                              src/ASF/sam0/drivers/sercom/sercom.o (__aeabi_lmul)
c:/program files (x86)/atmel/studio/7.0/toolchain/arm/arm-gnu-toolchain/bin/../lib/gcc/arm-none-eabi/5.3.1/armv6-m\libgcc.a(_fixunsdfsi.o)
                              src/RFM69.o (__aeabi_d2uiz)
c:/program files (x86)/atmel/studio/7.0/toolchain/arm/arm-gnu-toolchain/bin/../lib/gcc/arm-none-eabi/5.3.1/armv6-m\libgcc.a(divdf3.o)
                              src/RFM69.o (__aeabi_ddiv)
c:/program files (x86)/atmel/studio/7.0/toolchain/arm/arm-gnu-toolchain/bin/../lib/gcc/arm-none-eabi/5.3.1/armv6-m\libgcc.a(muldf3.o)
                              src/RFM69.o (__aeabi_dmul)
c:/program files (x86)/atmel/studio/7.0/toolchain/arm/arm-gnu-toolchain/bin/../lib/gcc/arm-none-eabi/5.3.1/armv6-m\libgcc.a(subdf3.o)
                              c:/program files (x86)/atmel/studio/7.0/toolchain/arm/arm-gnu-toolchain/bin/../lib/gcc/arm-none-eabi/5.3.1/armv6-m\libgcc.a(_fixunsdfsi.o) (__aeabi_dsub)
c:/program files (x86)/atmel/studio/7.0/toolchain/arm/arm-gnu-toolchain/bin/../lib/gcc/arm-none-eabi/5.3.1/armv6-m\libgcc.a(fixdfsi.o)
                              c:/program files (x86)/atmel/studio/7.0/toolchain/arm/arm-gnu-toolchain/bin/../lib/gcc/arm-none-eabi/5.3.1/armv6-m\libgcc.a(_fixunsdfsi.o) (__aeabi_d2iz)
c:/program files (x86)/atmel/studio/7.0/toolchain/arm/arm-gnu-toolchain/bin/../lib/gcc/arm-none-eabi/5.3.1/armv6-m\libgcc.a(floatunsidf.o)
                              src/RFM69.o (__aeabi_ui2d)
c:/program files (x86)/atmel/studio/7.0/toolchain/arm/arm-gnu-toolchain/bin/../lib/gcc/arm-none-eabi/5.3.1/armv6-m\libgcc.a(_arm_cmpdf2.o)
                              c:/program files (x86)/atmel/studio/7.0/toolchain/arm/arm-gnu-toolchain/bin/../lib/gcc/arm-none-eabi/5.3.1/armv6-m\libgcc.a(_fixunsdfsi.o) (__aeabi_dcmpge)
c:/program files (x86)/atmel/studio/7.0/toolchain/arm/arm-gnu-toolchain/bin/../lib/gcc/arm-none-eabi/5.3.1/armv6-m\libgcc.a(eqdf2.o)
                              c:/program files (x86)/atmel/studio/7.0/toolchain/arm/arm-gnu-toolchain/bin/../lib/gcc/arm-none-eabi/5.3.1/armv6-m\libgcc.a(_arm_cmpdf2.o) (__eqdf2)
c:/program files (x86)/atmel/studio/7.0/toolchain/arm/arm-gnu-toolchain/bin/../lib/gcc/arm-none-eabi/5.3.1/armv6-m\libgcc.a(gedf2.o)
                              c:/program files (x86)/atmel/studio/7.0/toolchain/arm/arm-gnu-toolchain/bin/../lib/gcc/arm-none-eabi/5.3.1/armv6-m\libgcc.a(_arm_cmpdf2.o) (__gedf2)
c:/program files (x86)/atmel/studio/7.0/toolchain/arm/arm-gnu-toolchain/bin/../lib/gcc/arm-none-eabi/5.3.1/armv6-m\libgcc.a(ledf2.o)
                              c:/program files (x86)/atmel/studio/7.0/toolchain/arm/arm-gnu-toolchain/bin/../lib/gcc/arm-none-eabi/5.3.1/armv6-m\libgcc.a(_arm_cmpdf2.o) (__ledf2)
c:/program files (x86)/atmel/studio/7.0/toolchain/arm/arm-gnu-toolchain/bin/../lib/gcc/arm-none-eabi/5.3.1/../../../../arm-none-eabi/lib/armv6-m\libc_nano.a(lib_a-exit.o)
                              c:/program files (x86)/atmel/studio/7.0/toolchain/arm/arm-gnu-toolchain/bin/../lib/gcc/arm-none-eabi/5.3.1/../../../../arm-none-eabi/lib/armv6-m/crt0.o (exit)
c:/program files (x86)/atmel/studio/7.0/toolchain/arm/arm-gnu-toolchain/bin/../lib/gcc/arm-none-eabi/5.3.1/../../../../arm-none-eabi/lib/armv6-m\libc_nano.a(lib_a-impure.o)
                              c:/program files (x86)/atmel/studio/7.0/toolchain/arm/arm-gnu-toolchain/bin/../lib/gcc/arm-none-eabi/5.3.1/../../../../arm-none-eabi/lib/armv6-m\libc_nano.a(lib_a-exit.o) (_global_impure_ptr)
[...]
Memory Configuration

Name             Origin             Length             Attributes
rom              0x00000000         0x00040000         xr
ram              0x20000000         0x00008000         xrw
*default*        0x00000000         0xffffffff

Linker script and memory map

LOAD c:/program files (x86)/atmel/studio/7.0/toolchain/arm/arm-gnu-toolchain/bin/../lib/gcc/arm-none-eabi/5.3.1/armv6-m/crti.o
LOAD c:/program files (x86)/atmel/studio/7.0/toolchain/arm/arm-gnu-toolchain/bin/../lib/gcc/arm-none-eabi/5.3.1/armv6-m/crtbegin.o
LOAD c:/program files (x86)/atmel/studio/7.0/toolchain/arm/arm-gnu-toolchain/bin/../lib/gcc/arm-none-eabi/5.3.1/../../../../arm-none-eabi/lib/armv6-m/crt0.o
LOAD src/ASF/sam0/drivers/rtc/rtc_sam_d_r/rtc_count.o
LOAD src/ASF/sam0/drivers/sercom/sercom.o
LOAD src/ASF/sam0/drivers/sercom/spi/spi.o
LOAD src/ASF/sam0/drivers/sercom/usart/usart.o
LOAD src/ASF/sam0/drivers/tcc/tcc.o
LOAD src/RFM69.o
LOAD src/ASF/common/services/usb/class/hid/device/mouse/example/samd21j18a_samd21_xplained_pro/ui.o
LOAD src/ASF/common/services/sleepmgr/samd/sleepmgr.o
LOAD src/ASF/common/services/usb/class/hid/device/mouse/udi_hid_mouse.o
LOAD src/ASF/common/services/usb/class/hid/device/mouse/udi_hid_mouse_desc.o
LOAD src/ASF/common/services/usb/class/hid/device/udi_hid.o
LOAD src/ASF/common/services/usb/udc/udc.o
LOAD src/ASF/common/utils/interrupt/interrupt_sam_nvic.o
LOAD src/ASF/sam0/boards/samd21_xplained_pro/board_init.o
LOAD src/ASF/sam0/drivers/extint/extint_callback.o
LOAD src/ASF/sam0/drivers/extint/extint_sam_d_r/extint.o
LOAD src/ASF/sam0/drivers/port/port.o
LOAD src/ASF/sam0/drivers/system/clock/clock_samd21_r21_da/clock.o
LOAD src/ASF/sam0/drivers/system/clock/clock_samd21_r21_da/gclk.o
LOAD src/ASF/sam0/drivers/system/interrupt/system_interrupt.o
LOAD src/ASF/sam0/drivers/system/pinmux/pinmux.o
LOAD src/ASF/sam0/drivers/system/system.o
LOAD src/ASF/sam0/drivers/usb/stack_interface/usb_device_udd.o
LOAD src/ASF/sam0/drivers/usb/stack_interface/usb_dual.o
LOAD src/ASF/sam0/drivers/usb/usb_sam_d_r/usb.o
LOAD src/ASF/sam0/utils/cmsis/samd21/source/gcc/startup_samd21.o
LOAD src/ASF/sam0/utils/cmsis/samd21/source/system_samd21.o
LOAD src/ASF/sam0/utils/syscalls/gcc/syscalls.o
LOAD src/main.o
START GROUP
LOAD ../src/ASF/thirdparty/CMSIS/Lib/GCC\libarm_cortexM0l_math.a
LOAD c:/program files (x86)/atmel/studio/7.0/toolchain/arm/arm-gnu-toolchain/bin/../lib/gcc/arm-none-eabi/5.3.1/../../../../arm-none-eabi/lib/armv6-m\libm.a
END GROUP
START GROUP
LOAD c:/program files (x86)/atmel/studio/7.0/toolchain/arm/arm-gnu-toolchain/bin/../lib/gcc/arm-none-eabi/5.3.1/armv6-m\libgcc.a
LOAD c:/program files (x86)/atmel/studio/7.0/toolchain/arm/arm-gnu-toolchain/bin/../lib/gcc/arm-none-eabi/5.3.1/../../../../arm-none-eabi/lib/armv6-m\libc_nano.a
END GROUP
START GROUP
LOAD c:/program files (x86)/atmel/studio/7.0/toolchain/arm/arm-gnu-toolchain/bin/../lib/gcc/arm-none-eabi/5.3.1/armv6-m\libgcc.a
LOAD c:/program files (x86)/atmel/studio/7.0/toolchain/arm/arm-gnu-toolchain/bin/../lib/gcc/arm-none-eabi/5.3.1/../../../../arm-none-eabi/lib/armv6-m\libc_nano.a
END GROUP
LOAD c:/program files (x86)/atmel/studio/7.0/toolchain/arm/arm-gnu-toolchain/bin/../lib/gcc/arm-none-eabi/5.3.1/armv6-m/crtend.o
LOAD c:/program files (x86)/atmel/studio/7.0/toolchain/arm/arm-gnu-toolchain/bin/../lib/gcc/arm-none-eabi/5.3.1/armv6-m/crtn.o
                0x00002000                STACK_SIZE = DEFINED (STACK_SIZE)?STACK_SIZE:DEFINED (__stack_size__)?__stack_size__:0x2000

.text           0x00000000     0x9ef0
                0x00000000                . = ALIGN (0x4)
                0x00000000                _sfixed = .
 *(.vectors .vectors.*)
 .vectors       0x00000000       0xb4 src/ASF/sam0/utils/cmsis/samd21/source/gcc/startup_samd21.o
                0x00000000                exception_table
 *(.text .text.* .gnu.linkonce.t.*)
 .text          0x000000b4       0x60 c:/program files (x86)/atmel/studio/7.0/toolchain/arm/arm-gnu-toolchain/bin/../lib/gcc/arm-none-eabi/5.3.1/armv6-m/crtbegin.o
 .text.system_gclk_chan_get_config_defaults
                0x00000114       0x18 src/ASF/sam0/drivers/rtc/rtc_sam_d_r/rtc_count.o
 .text.system_apb_clock_set_mask
                0x0000012c       0x5c src/ASF/sam0/drivers/rtc/rtc_sam_d_r/rtc_count.o
 .text.rtc_count_is_syncing
                0x00000188       0x28 src/ASF/sam0/drivers/rtc/rtc_sam_d_r/rtc_count.o
 .text.rtc_count_enable
                0x000001b0       0x38 src/ASF/sam0/drivers/rtc/rtc_sam_d_r/rtc_count.o
                0x000001b0                rtc_count_enable
 .text.rtc_count_disable
                0x000001e8       0x38 src/ASF/sam0/drivers/rtc/rtc_sam_d_r/rtc_count.o
                0x000001e8                rtc_count_disable
 .text.rtc_count_reset
                0x00000220       0x44 src/ASF/sam0/drivers/rtc/rtc_sam_d_r/rtc_count.o
                0x00000220                rtc_count_reset
 .text._rtc_count_set_config
                0x00000264      0x130 src/ASF/sam0/drivers/rtc/rtc_sam_d_r/rtc_count.o
 .text.rtc_count_init
                0x00000394       0x90 src/ASF/sam0/drivers/rtc/rtc_sam_d_r/rtc_count.o
                0x00000394                rtc_count_init
 .text.rtc_count_set_count
                0x00000424       0x60 src/ASF/sam0/drivers/rtc/rtc_sam_d_r/rtc_count.o
                0x00000424                rtc_count_set_count
 .text.rtc_count_get_count
                0x00000484       0x68 src/ASF/sam0/drivers/rtc/rtc_sam_d_r/rtc_count.o
                0x00000484                rtc_count_get_count
 .text.rtc_count_set_compare
                0x000004ec       0x8c src/ASF/sam0/drivers/rtc/rtc_sam_d_r/rtc_count.o
                0x000004ec                rtc_count_set_compare
 .text.rtc_count_set_period
                0x00000578       0x44 src/ASF/sam0/drivers/rtc/rtc_sam_d_r/rtc_count.o
                0x00000578                rtc_count_set_period
 .text.system_gclk_chan_get_config_defaults
                0x000005bc       0x18 src/ASF/sam0/drivers/sercom/sercom.o
 .text.long_division
                0x000005d4       0xe0 src/ASF/sam0/drivers/sercom/sercom.o
 .text._sercom_get_sync_baud_val
                0x000006b4       0x7c src/ASF/sam0/drivers/sercom/sercom.o
                0x000006b4                _sercom_get_sync_baud_val
 .text._sercom_get_async_baud_val
                0x00000730      0x1ec src/ASF/sam0/drivers/sercom/sercom.o
                0x00000730                _sercom_get_async_baud_val
 .text.sercom_set_gclk_generator
                0x0000091c       0x8c src/ASF/sam0/drivers/sercom/sercom.o
                0x0000091c                sercom_set_gclk_generator
 .text._sercom_get_default_pad
                0x000009a8      0x1bc src/ASF/sam0/drivers/sercom/sercom.o
                0x000009a8                _sercom_get_default_pad
 .text._sercom_get_sercom_inst_index
                0x00000b64       0x50 src/ASF/sam0/drivers/sercom/sercom.o
                0x00000b64                _sercom_get_sercom_inst_index
 .text.system_pinmux_get_config_defaults
                0x00000bb4       0x28 src/ASF/sam0/drivers/sercom/spi/spi.o
 .text.system_pinmux_get_group_from_gpio_pin
                0x00000bdc       0x60 src/ASF/sam0/drivers/sercom/spi/spi.o
 .text.system_pinmux_pin_get_mux_position
                0x00000c3c       0x7c src/ASF/sam0/drivers/sercom/spi/spi.o
 .text.port_get_group_from_gpio_pin
                0x00000cb8       0x24 src/ASF/sam0/drivers/sercom/spi/spi.o
 .text.port_pin_set_output_level
                0x00000cdc       0x54 src/ASF/sam0/drivers/sercom/spi/spi.o
 .text.system_gclk_chan_get_config_defaults
                0x00000d30       0x18 src/ASF/sam0/drivers/sercom/spi/spi.o
 .text.system_apb_clock_set_mask
                0x00000d48       0x5c src/ASF/sam0/drivers/sercom/spi/spi.o
 .text.system_is_debugger_present
                0x00000da4       0x20 src/ASF/sam0/drivers/sercom/spi/spi.o
 .text.spi_is_ready_to_write
                0x00000dc4       0x28 src/ASF/sam0/drivers/sercom/spi/spi.o
 .text.spi_is_ready_to_read
                0x00000dec       0x28 src/ASF/sam0/drivers/sercom/spi/spi.o
 .text.spi_write
                0x00000e14       0x48 src/ASF/sam0/drivers/sercom/spi/spi.o
 .text.spi_read
                0x00000e5c       0x90 src/ASF/sam0/drivers/sercom/spi/spi.o
 .text._spi_set_config
                0x00000eec      0x250 src/ASF/sam0/drivers/sercom/spi/spi.o
 .text._spi_check_config
                0x0000113c      0x234 src/ASF/sam0/drivers/sercom/spi/spi.o
 .text.spi_init
                0x00001370      0x108 src/ASF/sam0/drivers/sercom/spi/spi.o
                0x00001370                spi_init
 .text.spi_transceive_wait
                0x00001478      0x13c src/ASF/sam0/drivers/sercom/spi/spi.o
                0x00001478                spi_transceive_wait
 .text.spi_select_slave
                0x000015b4       0xf0 src/ASF/sam0/drivers/sercom/spi/spi.o
                0x000015b4                spi_select_slave
 .text.system_gclk_chan_get_config_defaults
                0x000016a4       0x18 src/ASF/sam0/drivers/sercom/usart/usart.o
 .text.system_apb_clock_set_mask
                0x000016bc       0x5c src/ASF/sam0/drivers/sercom/usart/usart.o
 .text.system_pinmux_get_config_defaults
                0x00001718       0x28 src/ASF/sam0/drivers/sercom/usart/usart.o
 .text.system_is_debugger_present
                0x00001740       0x20 src/ASF/sam0/drivers/sercom/usart/usart.o
 .text.usart_is_syncing
                0x00001760       0x20 src/ASF/sam0/drivers/sercom/usart/usart.o
 .text._usart_wait_for_sync
                0x00001780       0x24 src/ASF/sam0/drivers/sercom/usart/usart.o
 .text._usart_set_config
                0x000017a4      0x2d0 src/ASF/sam0/drivers/sercom/usart/usart.o
 .text.usart_init
                0x00001a74      0x1dc src/ASF/sam0/drivers/sercom/usart/usart.o
                0x00001a74                usart_init
 .text.usart_write_wait
                0x00001c50       0x68 src/ASF/sam0/drivers/sercom/usart/usart.o
                0x00001c50                usart_write_wait
 .text.usart_read_wait
                0x00001cb8       0xf4 src/ASF/sam0/drivers/sercom/usart/usart.o
                0x00001cb8                usart_read_wait
 .text.usart_write_buffer_wait
                0x00001dac      0x12c src/ASF/sam0/drivers/sercom/usart/usart.o
                0x00001dac                usart_write_buffer_wait
 .text.usart_read_buffer_wait
                0x00001ed8      0x108 src/ASF/sam0/drivers/sercom/usart/usart.o
                0x00001ed8                usart_read_buffer_wait
 .text.system_pinmux_get_group_from_gpio_pin
                0x00001fe0       0x60 src/RFM69.o
 .text.port_get_group_from_gpio_pin
                0x00002040       0x24 src/RFM69.o
 .text.port_get_config_defaults
                0x00002064       0x24 src/RFM69.o
 .text.port_pin_get_input_level
                0x00002088       0x44 src/RFM69.o
 .text.port_pin_set_output_level
                0x000020cc       0x54 src/RFM69.o
 .text.rtc_count_get_config_defaults
                0x00002120       0x5c src/RFM69.o
 .text.spi_is_syncing
                0x0000217c       0x20 src/RFM69.o
 .text.spi_get_config_defaults
                0x0000219c       0x84 src/RFM69.o
 .text.spi_slave_inst_get_config_defaults
                0x00002220       0x24 src/RFM69.o
 .text.spi_attach_slave
                0x00002244       0x64 src/RFM69.o
 .text.spi_enable
                0x000022a8       0x34 src/RFM69.o
 .text.configure_port_pins
                0x000022dc       0x30 src/RFM69.o
                0x000022dc                configure_port_pins
 .text.configure_extint_channel
                0x0000230c       0x40 src/RFM69.o
                0x0000230c                configure_extint_channel
 .text.configure_extint_callbacks
                0x0000234c       0x2c src/RFM69.o
                0x0000234c                configure_extint_callbacks
 .text.configure_RFM69_spi
                0x00002378       0xc0 src/RFM69.o
                0x00002378                configure_RFM69_spi
 .text.configure_rtc_count
                0x00002438       0x64 src/RFM69.o
                0x00002438                configure_rtc_count
 .text.reset_millis
                0x0000249c       0x28 src/RFM69.o
                0x0000249c                reset_millis
 .text.millis   0x000024c4       0x28 src/RFM69.o
                0x000024c4                millis
 .text.sendFrame
                0x000024ec      0x184 src/RFM69.o
                0x000024ec                sendFrame
 .text.RFM_setHighPower
                0x00002670       0x84 src/RFM69.o
                0x00002670                RFM_setHighPower
 .text.RFM69    0x000026f4       0x34 src/RFM69.o
                0x000026f4                RFM69
 .text.RFM_initialize
                0x00002728      0x364 src/RFM69.o
                0x00002728                RFM_initialize
 .text.setMode  0x00002a8c      0x148 src/RFM69.o
                0x00002a8c                setMode
 .text.canSend  0x00002bd4       0x44 src/RFM69.o
                0x00002bd4                canSend
 .text.RFM_send
                0x00002c18       0xa0 src/RFM69.o
                0x00002c18                RFM_send
 .text.interruptHandler
                0x00002cb8      0x1b8 src/RFM69.o
                0x00002cb8                interruptHandler
 .text.isr0     0x00002e70       0x24 src/RFM69.o
                0x00002e70                isr0
 .text.receiveBegin
                0x00002e94       0x94 src/RFM69.o
                0x00002e94                receiveBegin
 .text.RFM_receiveDone
                0x00002f28       0x4c src/RFM69.o
                0x00002f28                RFM_receiveDone
 .text.RFM_encrypt
                0x00002f74       0xb4 src/RFM69.o
                0x00002f74                RFM_encrypt
 .text.readRSSI
                0x00003028       0x40 src/RFM69.o
                0x00003028                readRSSI
 .text.readReg  0x00003068       0x68 src/RFM69.o
                0x00003068                readReg
 .text.writeReg
                0x000030d0       0x60 src/RFM69.o
                0x000030d0                writeReg
 .text.selectrf
                0x00003130       0x24 src/RFM69.o
                0x00003130                selectrf
 .text.unselect
                0x00003154       0x2c src/RFM69.o
                0x00003154                unselect
 .text.setHighPowerRegs
                0x00003180       0x44 src/RFM69.o
                0x00003180                setHighPowerRegs
 .text.maybeInterrupts
                0x000031c4        0xc src/RFM69.o
                0x000031c4                maybeInterrupts
 .text.system_pinmux_get_group_from_gpio_pin
                0x000031d0       0x60 src/ASF/common/services/usb/class/hid/device/mouse/example/samd21j18a_samd21_xplained_pro/ui.o
 .text.port_get_group_from_gpio_pin
                0x00003230       0x24 src/ASF/common/services/usb/class/hid/device/mouse/example/samd21j18a_samd21_xplained_pro/ui.o
 .text.port_pin_set_output_level
                0x00003254       0x54 src/ASF/common/services/usb/class/hid/device/mouse/example/samd21j18a_samd21_xplained_pro/ui.o
 .text.ui_init  0x000032a8       0x18 src/ASF/common/services/usb/class/hid/device/mouse/example/samd21j18a_samd21_xplained_pro/ui.o
                0x000032a8                ui_init
 .text.ui_powerdown
                0x000032c0        0xc src/ASF/common/services/usb/class/hid/device/mouse/example/samd21j18a_samd21_xplained_pro/ui.o
                0x000032c0                ui_powerdown
 .text.ui_wakeup_enable
                0x000032cc       0x18 src/ASF/common/services/usb/class/hid/device/mouse/example/samd21j18a_samd21_xplained_pro/ui.o
                0x000032cc                ui_wakeup_enable
 .text.ui_wakeup_disable
                0x000032e4       0x18 src/ASF/common/services/usb/class/hid/device/mouse/example/samd21j18a_samd21_xplained_pro/ui.o
                0x000032e4                ui_wakeup_disable
 .text.ui_wakeup
                0x000032fc        0xc src/ASF/common/services/usb/class/hid/device/mouse/example/samd21j18a_samd21_xplained_pro/ui.o
                0x000032fc                ui_wakeup
 .text.ui_process
                0x00003308       0x8c src/ASF/common/services/usb/class/hid/device/mouse/example/samd21j18a_samd21_xplained_pro/ui.o
                0x00003308                ui_process
 .text.cpu_irq_save
                0x00003394       0x30 src/ASF/common/services/usb/class/hid/device/mouse/udi_hid_mouse.o
 .text.cpu_irq_is_enabled_flags
                0x000033c4       0x18 src/ASF/common/services/usb/class/hid/device/mouse/udi_hid_mouse.o
 .text.cpu_irq_restore
                0x000033dc       0x30 src/ASF/common/services/usb/class/hid/device/mouse/udi_hid_mouse.o
 .text.udi_hid_mouse_enable
                0x0000340c       0x50 src/ASF/common/services/usb/class/hid/device/mouse/udi_hid_mouse.o
                0x0000340c                udi_hid_mouse_enable
 .text.udi_hid_mouse_disable
                0x0000345c       0x14 src/ASF/common/services/usb/class/hid/device/mouse/udi_hid_mouse.o
                0x0000345c                udi_hid_mouse_disable
 .text.udi_hid_mouse_setup
                0x00003470       0x2c src/ASF/common/services/usb/class/hid/device/mouse/udi_hid_mouse.o
                0x00003470                udi_hid_mouse_setup
 .text.udi_hid_mouse_getsetting
                0x0000349c        0xc src/ASF/common/services/usb/class/hid/device/mouse/udi_hid_mouse.o
                0x0000349c                udi_hid_mouse_getsetting
 .text.udi_hid_mouse_setreport
                0x000034a8        0xc src/ASF/common/services/usb/class/hid/device/mouse/udi_hid_mouse.o
 .text.mouse_move
                0x000034b4      0x12c src/ASF/common/services/usb/class/hid/device/mouse/udi_hid_mouse.o
                0x000034b4                mouse_move
 .text.udi_hid_mouse_send_report
                0x000035e0       0x78 src/ASF/common/services/usb/class/hid/device/mouse/udi_hid_mouse.o
 .text.udi_hid_mouse_report_sent
                0x00003658       0x3c src/ASF/common/services/usb/class/hid/device/mouse/udi_hid_mouse.o
 .text.udi_hid_setup
                0x00003694       0xec src/ASF/common/services/usb/class/hid/device/udi_hid.o
                0x00003694                udi_hid_setup
 .text.udi_hid_reqstdifaceget_descriptor
                0x00003780       0xa8 src/ASF/common/services/usb/class/hid/device/udi_hid.o
 .text.udc_get_interface_desc
                0x00003828       0x14 src/ASF/common/services/usb/udc/udc.o
                0x00003828                udc_get_interface_desc
 .text.udc_get_eof_conf
                0x0000383c       0x28 src/ASF/common/services/usb/udc/udc.o
 .text.udc_next_desc_in_iface
                0x00003864       0x64 src/ASF/common/services/usb/udc/udc.o
 .text.udc_update_iface_desc
                0x000038c8       0xa4 src/ASF/common/services/usb/udc/udc.o
 .text.udc_iface_disable
                0x0000396c       0xb0 src/ASF/common/services/usb/udc/udc.o
 .text.udc_iface_enable
                0x00003a1c       0xb0 src/ASF/common/services/usb/udc/udc.o
 .text.udc_start
                0x00003acc       0x14 src/ASF/common/services/usb/udc/udc.o
                0x00003acc                udc_start
 .text.udc_reset
                0x00003ae0       0x74 src/ASF/common/services/usb/udc/udc.o
                0x00003ae0                udc_reset
 .text.udc_sof_notify
                0x00003b54       0x6c src/ASF/common/services/usb/udc/udc.o
                0x00003b54                udc_sof_notify
 .text.udc_req_std_dev_get_status
                0x00003bc0       0x30 src/ASF/common/services/usb/udc/udc.o
 .text.udc_req_std_ep_get_status
                0x00003bf0       0x48 src/ASF/common/services/usb/udc/udc.o
 .text.udc_req_std_dev_clear_feature
                0x00003c38       0x44 src/ASF/common/services/usb/udc/udc.o
 .text.udc_req_std_ep_clear_feature
                0x00003c7c       0x38 src/ASF/common/services/usb/udc/udc.o
 .text.udc_req_std_dev_set_feature
                0x00003cb4       0x44 src/ASF/common/services/usb/udc/udc.o
 .text.udc_req_std_ep_set_feature
                0x00003cf8       0x48 src/ASF/common/services/usb/udc/udc.o
 .text.udc_valid_address
                0x00003d40       0x24 src/ASF/common/services/usb/udc/udc.o
 .text.udc_req_std_dev_set_address
                0x00003d64       0x28 src/ASF/common/services/usb/udc/udc.o
 .text.udc_req_std_dev_get_str_desc
                0x00003d8c       0xdc src/ASF/common/services/usb/udc/udc.o
 .text.udc_req_std_dev_get_descriptor
                0x00003e68       0xfc src/ASF/common/services/usb/udc/udc.o
 .text.udc_req_std_dev_get_configuration
                0x00003f64       0x30 src/ASF/common/services/usb/udc/udc.o
 .text.udc_req_std_dev_set_configuration
                0x00003f94       0xd0 src/ASF/common/services/usb/udc/udc.o
 .text.udc_req_std_iface_get_setting
                0x00004064       0xa4 src/ASF/common/services/usb/udc/udc.o
 .text.udc_req_std_iface_set_setting
                0x00004108       0x74 src/ASF/common/services/usb/udc/udc.o
 .text.udc_reqstd
                0x0000417c      0x15c src/ASF/common/services/usb/udc/udc.o
 .text.udc_req_iface
                0x000042d8       0xa8 src/ASF/common/services/usb/udc/udc.o
 .text.udc_req_ep
                0x00004380       0xa0 src/ASF/common/services/usb/udc/udc.o
 .text.udc_process_setup
                0x00004420       0x90 src/ASF/common/services/usb/udc/udc.o
                0x00004420                udc_process_setup
 .text.cpu_irq_enter_critical
                0x000044b0       0x54 src/ASF/common/utils/interrupt/interrupt_sam_nvic.o
                0x000044b0                cpu_irq_enter_critical
 .text.cpu_irq_leave_critical
                0x00004504       0x40 src/ASF/common/utils/interrupt/interrupt_sam_nvic.o
                0x00004504                cpu_irq_leave_critical
 .text.system_pinmux_get_group_from_gpio_pin
                0x00004544       0x60 src/ASF/sam0/boards/samd21_xplained_pro/board_init.o
 .text.port_get_group_from_gpio_pin
                0x000045a4       0x24 src/ASF/sam0/boards/samd21_xplained_pro/board_init.o
 .text.port_get_config_defaults
                0x000045c8       0x24 src/ASF/sam0/boards/samd21_xplained_pro/board_init.o
 .text.port_pin_set_output_level
                0x000045ec       0x54 src/ASF/sam0/boards/samd21_xplained_pro/board_init.o
 .text.system_board_init
                0x00004640       0x50 src/ASF/sam0/boards/samd21_xplained_pro/board_init.o
                0x00004640                board_init
                0x00004640                system_board_init
 .text._extint_get_eic_from_channel
                0x00004690       0x4c src/ASF/sam0/drivers/extint/extint_callback.o
 .text.extint_chan_is_detected
                0x000046dc       0x44 src/ASF/sam0/drivers/extint/extint_callback.o
 .text.extint_chan_clear_detected
                0x00004720       0x3c src/ASF/sam0/drivers/extint/extint_callback.o
 .text.extint_register_callback
                0x0000475c       0x64 src/ASF/sam0/drivers/extint/extint_callback.o
                0x0000475c                extint_register_callback
 .text.extint_chan_enable_callback
                0x000047c0       0x48 src/ASF/sam0/drivers/extint/extint_callback.o
                0x000047c0                extint_chan_enable_callback
 .text.extint_chan_disable_callback
                0x00004808       0x48 src/ASF/sam0/drivers/extint/extint_callback.o
                0x00004808                extint_chan_disable_callback
 .text.EIC_Handler
                0x00004850       0x6c src/ASF/sam0/drivers/extint/extint_callback.o
                0x00004850                EIC_Handler
 .text.system_gclk_chan_get_config_defaults
                0x000048bc       0x18 src/ASF/sam0/drivers/extint/extint_sam_d_r/extint.o
 .text.system_apb_clock_set_mask
                0x000048d4       0x5c src/ASF/sam0/drivers/extint/extint_sam_d_r/extint.o
 .text.system_pinmux_get_config_defaults
                0x00004930       0x28 src/ASF/sam0/drivers/extint/extint_sam_d_r/extint.o
 .text.system_interrupt_enable
                0x00004958       0x2c src/ASF/sam0/drivers/extint/extint_sam_d_r/extint.o
 .text._extint_get_eic_from_channel
                0x00004984       0x4c src/ASF/sam0/drivers/extint/extint_sam_d_r/extint.o
 .text.extint_is_syncing
                0x000049d0       0x48 src/ASF/sam0/drivers/extint/extint_sam_d_r/extint.o
 .text._system_extint_init
                0x00004a18       0xe0 src/ASF/sam0/drivers/extint/extint_sam_d_r/extint.o
                0x00004a18                _system_extint_init
 .text._extint_enable
                0x00004af8       0x64 src/ASF/sam0/drivers/extint/extint_sam_d_r/extint.o
 .text.extint_chan_get_config_defaults
                0x00004b5c       0x34 src/ASF/sam0/drivers/extint/extint_sam_d_r/extint.o
                0x00004b5c                extint_chan_get_config_defaults
 .text.extint_chan_set_config
                0x00004b90       0xfc src/ASF/sam0/drivers/extint/extint_sam_d_r/extint.o
                0x00004b90                extint_chan_set_config
 .text.system_pinmux_get_config_defaults
                0x00004c8c       0x28 src/ASF/sam0/drivers/port/port.o
 .text.port_pin_set_config
                0x00004cb4       0x60 src/ASF/sam0/drivers/port/port.o
                0x00004cb4                port_pin_set_config
 .text.system_gclk_gen_get_config_defaults
                0x00004d14       0x30 src/ASF/sam0/drivers/system/clock/clock_samd21_r21_da/clock.o
 .text.system_clock_source_osc8m_get_config_defaults
                0x00004d44       0x24 src/ASF/sam0/drivers/system/clock/clock_samd21_r21_da/clock.o
 .text.system_clock_source_dfll_get_config_defaults
                0x00004d68       0x54 src/ASF/sam0/drivers/system/clock/clock_samd21_r21_da/clock.o
 .text.system_cpu_clock_set_divider
                0x00004dbc       0x20 src/ASF/sam0/drivers/system/clock/clock_samd21_r21_da/clock.o
 .text.system_apb_clock_set_divider
                0x00004ddc       0x54 src/ASF/sam0/drivers/system/clock/clock_samd21_r21_da/clock.o
 .text.system_flash_set_waitstates
                0x00004e30       0x34 src/ASF/sam0/drivers/system/clock/clock_samd21_r21_da/clock.o
 .text._system_dfll_wait_for_sync
                0x00004e64       0x1c src/ASF/sam0/drivers/system/clock/clock_samd21_r21_da/clock.o
 .text._system_clock_source_dfll_set_config_errata_9905
                0x00004e80       0x44 src/ASF/sam0/drivers/system/clock/clock_samd21_r21_da/clock.o
 .text.system_clock_source_get_hz
                0x00004ec4       0xcc src/ASF/sam0/drivers/system/clock/clock_samd21_r21_da/clock.o
                0x00004ec4                system_clock_source_get_hz
 .text.system_clock_source_osc8m_set_config
                0x00004f90       0x78 src/ASF/sam0/drivers/system/clock/clock_samd21_r21_da/clock.o
                0x00004f90                system_clock_source_osc8m_set_config
 .text.system_clock_source_dfll_set_config
                0x00005008       0xd0 src/ASF/sam0/drivers/system/clock/clock_samd21_r21_da/clock.o
                0x00005008                system_clock_source_dfll_set_config
 .text.system_clock_source_enable
                0x000050d8       0xac src/ASF/sam0/drivers/system/clock/clock_samd21_r21_da/clock.o
                0x000050d8                system_clock_source_enable
 .text.system_clock_source_is_ready
                0x00005184       0x84 src/ASF/sam0/drivers/system/clock/clock_samd21_r21_da/clock.o
                0x00005184                system_clock_source_is_ready
 .text._switch_peripheral_gclk
                0x00005208       0x38 src/ASF/sam0/drivers/system/clock/clock_samd21_r21_da/clock.o
 .text.system_clock_init
                0x00005240      0x208 src/ASF/sam0/drivers/system/clock/clock_samd21_r21_da/clock.o
                0x00005240                system_clock_init
 .text.system_apb_clock_set_mask
                0x00005448       0x5c src/ASF/sam0/drivers/system/clock/clock_samd21_r21_da/gclk.o
 .text.system_interrupt_enter_critical_section
                0x000054a4       0x14 src/ASF/sam0/drivers/system/clock/clock_samd21_r21_da/gclk.o
 .text.system_interrupt_leave_critical_section
                0x000054b8       0x14 src/ASF/sam0/drivers/system/clock/clock_samd21_r21_da/gclk.o
 .text.system_gclk_is_syncing
                0x000054cc       0x20 src/ASF/sam0/drivers/system/clock/clock_samd21_r21_da/gclk.o
 .text.system_gclk_init
                0x000054ec       0x30 src/ASF/sam0/drivers/system/clock/clock_samd21_r21_da/gclk.o
                0x000054ec                system_gclk_init
 .text.system_gclk_gen_set_config
                0x0000551c      0x124 src/ASF/sam0/drivers/system/clock/clock_samd21_r21_da/gclk.o
                0x0000551c                system_gclk_gen_set_config
 .text.system_gclk_gen_enable
                0x00005640       0x5c src/ASF/sam0/drivers/system/clock/clock_samd21_r21_da/gclk.o
                0x00005640                system_gclk_gen_enable
 .text.system_gclk_gen_get_hz
                0x0000569c       0xd8 src/ASF/sam0/drivers/system/clock/clock_samd21_r21_da/gclk.o
                0x0000569c                system_gclk_gen_get_hz
 .text.system_gclk_chan_set_config
                0x00005774       0x44 src/ASF/sam0/drivers/system/clock/clock_samd21_r21_da/gclk.o
                0x00005774                system_gclk_chan_set_config
 .text.system_gclk_chan_enable
                0x000057b8       0x48 src/ASF/sam0/drivers/system/clock/clock_samd21_r21_da/gclk.o
                0x000057b8                system_gclk_chan_enable
 .text.system_gclk_chan_disable
                0x00005800       0x98 src/ASF/sam0/drivers/system/clock/clock_samd21_r21_da/gclk.o
                0x00005800                system_gclk_chan_disable
 .text.system_gclk_chan_get_hz
                0x00005898       0x58 src/ASF/sam0/drivers/system/clock/clock_samd21_r21_da/gclk.o
                0x00005898                system_gclk_chan_get_hz
 .text.system_pinmux_get_group_from_gpio_pin
                0x000058f0       0x60 src/ASF/sam0/drivers/system/pinmux/pinmux.o
 .text._system_pinmux_config
                0x00005950      0x110 src/ASF/sam0/drivers/system/pinmux/pinmux.o
 .text.system_pinmux_pin_set_config
                0x00005a60       0x48 src/ASF/sam0/drivers/system/pinmux/pinmux.o
                0x00005a60                system_pinmux_pin_set_config
 .text._system_dummy_init
                0x00005aa8        0xc src/ASF/sam0/drivers/system/system.o
                0x00005aa8                _system_events_init
                0x00005aa8                _system_dummy_init
                0x00005aa8                _system_divas_init
 .text.system_init
                0x00005ab4       0x34 src/ASF/sam0/drivers/system/system.o
                0x00005ab4                system_init
 .text.cpu_irq_save
                0x00005ae8       0x30 src/ASF/sam0/drivers/usb/stack_interface/usb_device_udd.o
 .text.cpu_irq_is_enabled_flags
                0x00005b18       0x18 src/ASF/sam0/drivers/usb/stack_interface/usb_device_udd.o
 .text.cpu_irq_restore
                0x00005b30       0x30 src/ASF/sam0/drivers/usb/stack_interface/usb_device_udd.o
 .text.system_pinmux_get_group_from_gpio_pin
                0x00005b60       0x60 src/ASF/sam0/drivers/usb/stack_interface/usb_device_udd.o
 .text.usb_device_attach
                0x00005bc0       0x24 src/ASF/sam0/drivers/usb/stack_interface/usb_device_udd.o
 .text.usb_device_detach
                0x00005be4       0x24 src/ASF/sam0/drivers/usb/stack_interface/usb_device_udd.o
 .text.usb_device_get_address
                0x00005c08       0x1c src/ASF/sam0/drivers/usb/stack_interface/usb_device_udd.o
 .text.usb_device_set_address
                0x00005c24       0x28 src/ASF/sam0/drivers/usb/stack_interface/usb_device_udd.o
 .text.usb_device_get_frame_number
                0x00005c4c       0x1c src/ASF/sam0/drivers/usb/stack_interface/usb_device_udd.o
 .text.usb_device_set_lpm_mode
                0x00005c68       0x40 src/ASF/sam0/drivers/usb/stack_interface/usb_device_udd.o
 .text.port_get_group_from_gpio_pin
                0x00005ca8       0x24 src/ASF/sam0/drivers/usb/stack_interface/usb_device_udd.o
 .text.port_pin_get_input_level
                0x00005ccc       0x44 src/ASF/sam0/drivers/usb/stack_interface/usb_device_udd.o
 .text.sleepmgr_lock_mode
                0x00005d10       0x50 src/ASF/sam0/drivers/usb/stack_interface/usb_device_udd.o
 .text.sleepmgr_unlock_mode
                0x00005d60       0x50 src/ASF/sam0/drivers/usb/stack_interface/usb_device_udd.o
 .text.udd_wait_clock_ready
                0x00005db0       0x38 src/ASF/sam0/drivers/usb/stack_interface/usb_device_udd.o
 .text.udd_sleep_mode
                0x00005de8       0x84 src/ASF/sam0/drivers/usb/stack_interface/usb_device_udd.o
 .text.udd_ep_get_job
                0x00005e6c       0x40 src/ASF/sam0/drivers/usb/stack_interface/usb_device_udd.o
 .text.udd_ep_trans_in_next
                0x00005eac      0x188 src/ASF/sam0/drivers/usb/stack_interface/usb_device_udd.o
 .text.udd_ep_trans_out_next
                0x00006034      0x1d8 src/ASF/sam0/drivers/usb/stack_interface/usb_device_udd.o
 .text.udd_ep_transfer_process
                0x0000620c       0x48 src/ASF/sam0/drivers/usb/stack_interface/usb_device_udd.o
 .text.udd_ep_abort
                0x00006254       0x70 src/ASF/sam0/drivers/usb/stack_interface/usb_device_udd.o
                0x00006254                udd_ep_abort
 .text.udd_get_frame_number
                0x000062c4       0x1c src/ASF/sam0/drivers/usb/stack_interface/usb_device_udd.o
                0x000062c4                udd_get_frame_number
 .text.udd_ep_free
                0x000062e0       0x8c src/ASF/sam0/drivers/usb/stack_interface/usb_device_udd.o
                0x000062e0                udd_ep_free
 .text.udd_ep_alloc
                0x0000636c      0x1a8 src/ASF/sam0/drivers/usb/stack_interface/usb_device_udd.o
                0x0000636c                udd_ep_alloc
 .text.udd_ep_is_halted
                0x00006514       0x2c src/ASF/sam0/drivers/usb/stack_interface/usb_device_udd.o
                0x00006514                udd_ep_is_halted
 .text.udd_ep_set_halt
                0x00006540       0x58 src/ASF/sam0/drivers/usb/stack_interface/usb_device_udd.o
                0x00006540                udd_ep_set_halt
 .text.udd_ep_clear_halt
                0x00006598       0x78 src/ASF/sam0/drivers/usb/stack_interface/usb_device_udd.o
                0x00006598                udd_ep_clear_halt
 .text.udd_ctrl_stall_data
                0x00006610       0x34 src/ASF/sam0/drivers/usb/stack_interface/usb_device_udd.o
 .text.udd_ep_run
                0x00006644      0x2e8 src/ASF/sam0/drivers/usb/stack_interface/usb_device_udd.o
                0x00006644                udd_ep_run
 .text.udd_set_address
                0x0000692c       0x2c src/ASF/sam0/drivers/usb/stack_interface/usb_device_udd.o
                0x0000692c                udd_set_address
 .text.udd_getaddress
                0x00006958       0x1c src/ASF/sam0/drivers/usb/stack_interface/usb_device_udd.o
                0x00006958                udd_getaddress
 .text.udd_set_setup_payload
                0x00006974       0x28 src/ASF/sam0/drivers/usb/stack_interface/usb_device_udd.o
                0x00006974                udd_set_setup_payload
 .text.udd_ctrl_fetch_ram
                0x0000699c       0x6c src/ASF/sam0/drivers/usb/stack_interface/usb_device_udd.o
 .text.udd_ctrl_send_zlp_in
                0x00006a08       0x44 src/ASF/sam0/drivers/usb/stack_interface/usb_device_udd.o
 .text.udd_ctrl_in_sent
                0x00006a4c       0xec src/ASF/sam0/drivers/usb/stack_interface/usb_device_udd.o
 .text.udd_ctrl_out_received
                0x00006b38      0x154 src/ASF/sam0/drivers/usb/stack_interface/usb_device_udd.o
 .text._usb_ep0_on_setup
                0x00006c8c       0xe4 src/ASF/sam0/drivers/usb/stack_interface/usb_device_udd.o
 .text.udd_ctrl_underflow
                0x00006d70       0x48 src/ASF/sam0/drivers/usb/stack_interface/usb_device_udd.o
 .text.udd_ctrl_overflow
                0x00006db8       0x48 src/ASF/sam0/drivers/usb/stack_interface/usb_device_udd.o
 .text._usb_ep0_on_tansfer_fail
                0x00006e00       0x3c src/ASF/sam0/drivers/usb/stack_interface/usb_device_udd.o
 .text._usb_ep0_on_tansfer_ok
                0x00006e3c       0x58 src/ASF/sam0/drivers/usb/stack_interface/usb_device_udd.o
 .text.udd_ctrl_ep_enable
                0x00006e94       0xc0 src/ASF/sam0/drivers/usb/stack_interface/usb_device_udd.o
 .text._usb_on_suspend
                0x00006f54       0x44 src/ASF/sam0/drivers/usb/stack_interface/usb_device_udd.o
 .text._usb_device_lpm_suspend
                0x00006f98       0x74 src/ASF/sam0/drivers/usb/stack_interface/usb_device_udd.o
 .text._usb_on_sof_notify
                0x0000700c       0x24 src/ASF/sam0/drivers/usb/stack_interface/usb_device_udd.o
 .text._usb_on_bus_reset
                0x00007030       0x34 src/ASF/sam0/drivers/usb/stack_interface/usb_device_udd.o
 .text._usb_on_wakeup
                0x00007064       0x6c src/ASF/sam0/drivers/usb/stack_interface/usb_device_udd.o
 .text.udd_detach
                0x000070d0       0x24 src/ASF/sam0/drivers/usb/stack_interface/usb_device_udd.o
                0x000070d0                udd_detach
 .text.udd_attach
                0x000070f4       0xb0 src/ASF/sam0/drivers/usb/stack_interface/usb_device_udd.o
                0x000070f4                udd_attach
 .text._uhd_vbus_handler
                0x000071a4       0x44 src/ASF/sam0/drivers/usb/stack_interface/usb_device_udd.o
 .text._usb_vbus_config
                0x000071e8       0x74 src/ASF/sam0/drivers/usb/stack_interface/usb_device_udd.o
 .text.udd_enable
                0x0000725c       0x8c src/ASF/sam0/drivers/usb/stack_interface/usb_device_udd.o
                0x0000725c                udd_enable
 .text.system_gclk_chan_get_config_defaults
                0x000072e8       0x18 src/ASF/sam0/drivers/usb/usb_sam_d_r/usb.o
 .text.system_apb_clock_set_mask
                0x00007300       0x5c src/ASF/sam0/drivers/usb/usb_sam_d_r/usb.o
 .text.system_pinmux_get_config_defaults
                0x0000735c       0x28 src/ASF/sam0/drivers/usb/usb_sam_d_r/usb.o
 .text.system_interrupt_enable
                0x00007384       0x2c src/ASF/sam0/drivers/usb/usb_sam_d_r/usb.o
 .text._usb_host_interrupt_handler
                0x000073b0      0x4cc src/ASF/sam0/drivers/usb/usb_sam_d_r/usb.o
 .text.usb_device_register_callback
                0x0000787c       0x50 src/ASF/sam0/drivers/usb/usb_sam_d_r/usb.o
                0x0000787c                usb_device_register_callback
 .text.usb_device_enable_callback
                0x000078cc       0x5c src/ASF/sam0/drivers/usb/usb_sam_d_r/usb.o
                0x000078cc                usb_device_enable_callback
 .text.usb_device_disable_callback
                0x00007928       0x54 src/ASF/sam0/drivers/usb/usb_sam_d_r/usb.o
                0x00007928                usb_device_disable_callback
 .text.usb_device_endpoint_register_callback
                0x0000797c       0x80 src/ASF/sam0/drivers/usb/usb_sam_d_r/usb.o
                0x0000797c                usb_device_endpoint_register_callback
 .text.usb_device_endpoint_unregister_callback
                0x000079fc       0x78 src/ASF/sam0/drivers/usb/usb_sam_d_r/usb.o
                0x000079fc                usb_device_endpoint_unregister_callback
 .text.usb_device_endpoint_enable_callback
                0x00007a74      0x19c src/ASF/sam0/drivers/usb/usb_sam_d_r/usb.o
                0x00007a74                usb_device_endpoint_enable_callback
 .text.usb_device_endpoint_disable_callback
                0x00007c10      0x1a4 src/ASF/sam0/drivers/usb/usb_sam_d_r/usb.o
                0x00007c10                usb_device_endpoint_disable_callback
 .text.usb_device_endpoint_get_config_defaults
                0x00007db4       0x28 src/ASF/sam0/drivers/usb/usb_sam_d_r/usb.o
                0x00007db4                usb_device_endpoint_get_config_defaults
 .text.usb_device_endpoint_set_config
                0x00007ddc      0x4f8 src/ASF/sam0/drivers/usb/usb_sam_d_r/usb.o
                0x00007ddc                usb_device_endpoint_set_config
 .text.usb_device_endpoint_abort_job
                0x000082d4       0x88 src/ASF/sam0/drivers/usb/usb_sam_d_r/usb.o
                0x000082d4                usb_device_endpoint_abort_job
 .text.usb_device_endpoint_is_halted
                0x0000835c       0x74 src/ASF/sam0/drivers/usb/usb_sam_d_r/usb.o
                0x0000835c                usb_device_endpoint_is_halted
 .text.usb_device_endpoint_set_halt
                0x000083d0       0x5c src/ASF/sam0/drivers/usb/usb_sam_d_r/usb.o
                0x000083d0                usb_device_endpoint_set_halt
 .text.usb_device_endpoint_clear_halt
                0x0000842c      0x12c src/ASF/sam0/drivers/usb/usb_sam_d_r/usb.o
                0x0000842c                usb_device_endpoint_clear_halt
 .text.usb_device_endpoint_write_buffer_job
                0x00008558       0xb4 src/ASF/sam0/drivers/usb/usb_sam_d_r/usb.o
                0x00008558                usb_device_endpoint_write_buffer_job
 .text.usb_device_endpoint_read_buffer_job
                0x0000860c       0xb0 src/ASF/sam0/drivers/usb/usb_sam_d_r/usb.o
                0x0000860c                usb_device_endpoint_read_buffer_job
 .text.usb_device_endpoint_setup_buffer_job
                0x000086bc       0x48 src/ASF/sam0/drivers/usb/usb_sam_d_r/usb.o
                0x000086bc                usb_device_endpoint_setup_buffer_job
 .text._usb_device_interrupt_handler
                0x00008704      0x580 src/ASF/sam0/drivers/usb/usb_sam_d_r/usb.o
 .text.usb_enable
                0x00008c84       0x34 src/ASF/sam0/drivers/usb/usb_sam_d_r/usb.o
                0x00008c84                usb_enable
 .text.USB_Handler
                0x00008cb8       0x34 src/ASF/sam0/drivers/usb/usb_sam_d_r/usb.o
                0x00008cb8                USB_Handler
 .text.usb_get_config_defaults
                0x00008cec       0x28 src/ASF/sam0/drivers/usb/usb_sam_d_r/usb.o
                0x00008cec                usb_get_config_defaults
 .text.usb_init
                0x00008d14      0x35c src/ASF/sam0/drivers/usb/usb_sam_d_r/usb.o
                0x00008d14                usb_init
 .text.Reset_Handler
                0x00009070       0xf8 src/ASF/sam0/utils/cmsis/samd21/source/gcc/startup_samd21.o
                0x00009070                Reset_Handler
 .text.Dummy_Handler
                0x00009168        0x8 src/ASF/sam0/utils/cmsis/samd21/source/gcc/startup_samd21.o
                0x00009168                DMAC_Handler
                0x00009168                HardFault_Handler
                0x00009168                AC_Handler
                0x00009168                SysTick_Handler
                0x00009168                PendSV_Handler
                0x00009168                NMI_Handler
                0x00009168                SERCOM1_Handler
                0x00009168                ADC_Handler
                0x00009168                TCC1_Handler
                0x00009168                SERCOM2_Handler
                0x00009168                TCC0_Handler
                0x00009168                RTC_Handler
                0x00009168                WDT_Handler
                0x00009168                TC4_Handler
                0x00009168                TC3_Handler
                0x00009168                Dummy_Handler
                0x00009168                PM_Handler
                0x00009168                SERCOM5_Handler
                0x00009168                SVC_Handler
                0x00009168                TCC2_Handler
                0x00009168                EVSYS_Handler
                0x00009168                SERCOM3_Handler
                0x00009168                SERCOM4_Handler
                0x00009168                I2S_Handler
                0x00009168                NVMCTRL_Handler
                0x00009168                SERCOM0_Handler
                0x00009168                DAC_Handler
                0x00009168                PTC_Handler
                0x00009168                TC5_Handler
                0x00009168                SYSCTRL_Handler
 .text.system_pinmux_get_group_from_gpio_pin
                0x00009170       0x60 src/main.o
 .text.port_get_group_from_gpio_pin
                0x000091d0       0x24 src/main.o
 .text.port_pin_set_output_level
                0x000091f4       0x54 src/main.o
 .text.usart_is_syncing
                0x00009248       0x20 src/main.o
 .text._usart_wait_for_sync
                0x00009268       0x24 src/main.o
 .text.usart_get_config_defaults
                0x0000928c       0xc0 src/main.o
 .text.usart_enable
                0x0000934c       0x30 src/main.o
 .text.sleepmgr_init
                0x0000937c       0x3c src/main.o
 .text.configure_radio
                0x000093b8       0x34 src/main.o
                0x000093b8                configure_radio
 .text.configure_usart
                0x000093ec       0x78 src/main.o
                0x000093ec                configure_usart
 .text.main     0x00009464      0x48c src/main.o
                0x00009464                main
 .text.main_suspend_action
                0x000098f0       0x14 src/main.o
                0x000098f0                main_suspend_action
 .text.main_resume_action
                0x00009904       0x14 src/main.o
                0x00009904                main_resume_action
 .text.main_sof_action
                0x00009918       0x34 src/main.o
                0x00009918                main_sof_action
 .text.main_remotewakeup_enable
                0x0000994c       0x14 src/main.o
                0x0000994c                main_remotewakeup_enable
 .text.main_remotewakeup_disable
                0x00009960       0x14 src/main.o
                0x00009960                main_remotewakeup_disable
 .text.main_suspend_lpm_action
                0x00009974       0x14 src/main.o
                0x00009974                main_suspend_lpm_action
 .text.main_remotewakeup_lpm_disable
                0x00009988       0x14 src/main.o
                0x00009988                main_remotewakeup_lpm_disable
 .text.main_remotewakeup_lpm_enable
                0x0000999c       0x14 src/main.o
                0x0000999c                main_remotewakeup_lpm_enable
 .text.main_mouse_enable
                0x000099b0       0x18 src/main.o
                0x000099b0                main_mouse_enable
 .text.main_mouse_disable
                0x000099c8       0x14 src/main.o
                0x000099c8                main_mouse_disable
 .text          0x000099dc      0x114 c:/program files (x86)/atmel/studio/7.0/toolchain/arm/arm-gnu-toolchain/bin/../lib/gcc/arm-none-eabi/5.3.1/armv6-m\libgcc.a(_udivsi3.o)
                0x000099dc                __aeabi_uidiv
                0x000099dc                __udivsi3
                0x00009ae8                __aeabi_uidivmod
 .text          0x00009af0      0x1d4 c:/program files (x86)/atmel/studio/7.0/toolchain/arm/arm-gnu-toolchain/bin/../lib/gcc/arm-none-eabi/5.3.1/armv6-m\libgcc.a(_divsi3.o)
                0x00009af0                __divsi3
                0x00009af0                __aeabi_idiv
                0x00009cbc                __aeabi_idivmod
 .text          0x00009cc4        0x4 c:/program files (x86)/atmel/studio/7.0/toolchain/arm/arm-gnu-toolchain/bin/../lib/gcc/arm-none-eabi/5.3.1/armv6-m\libgcc.a(_dvmd_tls.o)
                0x00009cc4                __aeabi_idiv0
                0x00009cc4                __aeabi_ldiv0
 .text          0x00009cc8       0x40 c:/program files (x86)/atmel/studio/7.0/toolchain/arm/arm-gnu-toolchain/bin/../lib/gcc/arm-none-eabi/5.3.1/armv6-m\libgcc.a(_ctzsi2.o)
                0x00009cc8                __ctzsi2
 .text          0x00009d08       0x58 c:/program files (x86)/atmel/studio/7.0/toolchain/arm/arm-gnu-toolchain/bin/../lib/gcc/arm-none-eabi/5.3.1/armv6-m\libgcc.a(_muldi3.o)
                0x00009d08                __muldi3
                0x00009d08                __aeabi_lmul
 .text.__libc_init_array
                0x00009d60       0x4c c:/program files (x86)/atmel/studio/7.0/toolchain/arm/arm-gnu-toolchain/bin/../lib/gcc/arm-none-eabi/5.3.1/../../../../arm-none-eabi/lib/armv6-m\libc_nano.a(lib_a-init.o)
                0x00009d60                __libc_init_array
 .text.memcpy   0x00009dac       0x12 c:/program files (x86)/atmel/studio/7.0/toolchain/arm/arm-gnu-toolchain/bin/../lib/gcc/arm-none-eabi/5.3.1/../../../../arm-none-eabi/lib/armv6-m\libc_nano.a(lib_a-memcpy-stub.o)
                0x00009dac                memcpy
 .text.memset   0x00009dbe       0x10 c:/program files (x86)/atmel/studio/7.0/toolchain/arm/arm-gnu-toolchain/bin/../lib/gcc/arm-none-eabi/5.3.1/../../../../arm-none-eabi/lib/armv6-m\libc_nano.a(lib_a-memset.o)
                0x00009dbe                memset
 *(.glue_7t)
 .glue_7t       0x00009dce        0x0 linker stubs
 *(.glue_7)
 .glue_7        0x00009dce        0x0 linker stubs
 *(.rodata .rodata* .gnu.linkonce.r.*)
 *fill*         0x00009dce        0x2 
 .rodata        0x00009dd0       0x18 src/ASF/sam0/drivers/sercom/sercom.o
 .rodata.setMode
                0x00009de8       0x14 src/RFM69.o
 .rodata.udc_reqstd
                0x00009dfc       0x28 src/ASF/common/services/usb/udc/udc.o
 .rodata.system_clock_source_get_hz
                0x00009e24       0x24 src/ASF/sam0/drivers/system/clock/clock_samd21_r21_da/clock.o
 .rodata.system_clock_source_enable
                0x00009e48       0x24 src/ASF/sam0/drivers/system/clock/clock_samd21_r21_da/clock.o
 .rodata.system_clock_source_is_ready
                0x00009e6c       0x24 src/ASF/sam0/drivers/system/clock/clock_samd21_r21_da/clock.o
 .rodata        0x00009e90        0x4 src/ASF/sam0/drivers/usb/stack_interface/usb_device_udd.o
 .rodata._usb_device_irq_bits
                0x00009e94        0xe src/ASF/sam0/drivers/usb/usb_sam_d_r/usb.o
 *fill*         0x00009ea2        0x2 
 .rodata._usb_endpoint_irq_bits
                0x00009ea4        0x4 src/ASF/sam0/drivers/usb/usb_sam_d_r/usb.o
 .rodata.usb_device_endpoint_set_config
                0x00009ea8       0x14 src/ASF/sam0/drivers/usb/usb_sam_d_r/usb.o
 .rodata        0x00009ebc       0x11 src/main.o
 *(.ARM.extab* .gnu.linkonce.armextab.*)
                0x00009ed0                . = ALIGN (0x4)
 *fill*         0x00009ecd        0x3 
 *(.init)
 .init          0x00009ed0        0x4 c:/program files (x86)/atmel/studio/7.0/toolchain/arm/arm-gnu-toolchain/bin/../lib/gcc/arm-none-eabi/5.3.1/armv6-m/crti.o
                0x00009ed0                _init
 .init          0x00009ed4        0x8 c:/program files (x86)/atmel/studio/7.0/toolchain/arm/arm-gnu-toolchain/bin/../lib/gcc/arm-none-eabi/5.3.1/armv6-m/crtn.o
                0x00009edc                . = ALIGN (0x4)
                0x00009edc                __preinit_array_start = .
 *(.preinit_array)
                0x00009edc                __preinit_array_end = .
                0x00009edc                . = ALIGN (0x4)
                0x00009edc                __init_array_start = .
 *(SORT(.init_array.*))
 *(.init_array)
 .init_array    0x00009edc        0x4 c:/program files (x86)/atmel/studio/7.0/toolchain/arm/arm-gnu-toolchain/bin/../lib/gcc/arm-none-eabi/5.3.1/armv6-m/crtbegin.o
                0x00009ee0                __init_array_end = .
                0x00009ee0                . = ALIGN (0x4)
 *crtbegin.o(.ctors)
 *(EXCLUDE_FILE(*crtend.o) .ctors)
 *(SORT(.ctors.*))
 *crtend.o(.ctors)
                0x00009ee0                . = ALIGN (0x4)
 *(.fini)
 .fini          0x00009ee0        0x4 c:/program files (x86)/atmel/studio/7.0/toolchain/arm/arm-gnu-toolchain/bin/../lib/gcc/arm-none-eabi/5.3.1/armv6-m/crti.o
                0x00009ee0                _fini
 .fini          0x00009ee4        0x8 c:/program files (x86)/atmel/studio/7.0/toolchain/arm/arm-gnu-toolchain/bin/../lib/gcc/arm-none-eabi/5.3.1/armv6-m/crtn.o
                0x00009eec                . = ALIGN (0x4)
                0x00009eec                __fini_array_start = .
 *(.fini_array)
 .fini_array    0x00009eec        0x4 c:/program files (x86)/atmel/studio/7.0/toolchain/arm/arm-gnu-toolchain/bin/../lib/gcc/arm-none-eabi/5.3.1/armv6-m/crtbegin.o
 *(SORT(.fini_array.*))
                0x00009ef0                __fini_array_end = .
 *crtbegin.o(.dtors)
 *(EXCLUDE_FILE(*crtend.o) .dtors)
 *(SORT(.dtors.*))
 *crtend.o(.dtors)
                0x00009ef0                . = ALIGN (0x4)
                0x00009ef0                _efixed = .
                [!provide]                PROVIDE (__exidx_start, .)

.vfp11_veneer   0x00009ef0        0x0
 .vfp11_veneer  0x00009ef0        0x0 linker stubs

.v4_bx          0x00009ef0        0x0
 .v4_bx         0x00009ef0        0x0 linker stubs

.iplt           0x00009ef0        0x0
 .iplt          0x00009ef0        0x0 c:/program files (x86)/atmel/studio/7.0/toolchain/arm/arm-gnu-toolchain/bin/../lib/gcc/arm-none-eabi/5.3.1/armv6-m/crtbegin.o

.eh_frame       0x00009ef0        0x0
 .eh_frame      0x00009ef0        0x0 c:/program files (x86)/atmel/studio/7.0/toolchain/arm/arm-gnu-toolchain/bin/../lib/gcc/arm-none-eabi/5.3.1/armv6-m/crtbegin.o

.rel.dyn        0x00009ef0        0x0
 .rel.iplt      0x00009ef0        0x0 c:/program files (x86)/atmel/studio/7.0/toolchain/arm/arm-gnu-toolchain/bin/../lib/gcc/arm-none-eabi/5.3.1/armv6-m/crtbegin.o

.jcr            0x00009ef0        0x0
 .jcr           0x00009ef0        0x0 c:/program files (x86)/atmel/studio/7.0/toolchain/arm/arm-gnu-toolchain/bin/../lib/gcc/arm-none-eabi/5.3.1/armv6-m/crtbegin.o

.igot.plt       0x00009ef0        0x0
 .igot.plt      0x00009ef0        0x0 c:/program files (x86)/atmel/studio/7.0/toolchain/arm/arm-gnu-toolchain/bin/../lib/gcc/arm-none-eabi/5.3.1/armv6-m/crtbegin.o

.ARM.exidx
 *(.ARM.exidx* .gnu.linkonce.armexidx.*)
                [!provide]                PROVIDE (__exidx_end, .)
                0x00009ef0                . = ALIGN (0x4)
                0x00009ef0                _etext = .

.relocate       0x20000000       0xe0 load address 0x00009ef0
                0x20000000                . = ALIGN (0x4)
                0x20000000                _srelocate = .
 *(.ramfunc .ramfunc.*)
 *(.data .data.*)
 .data.udi_api_hid_mouse
                0x20000000       0x14 src/ASF/common/services/usb/class/hid/device/mouse/udi_hid_mouse.o
                0x20000000                udi_api_hid_mouse
 .data.udi_hid_mouse_report_desc
                0x20000014       0x35 src/ASF/common/services/usb/class/hid/device/mouse/udi_hid_mouse.o
                0x20000014                udi_hid_mouse_report_desc
 *fill*         0x20000049        0x3 
 .data.udc_device_desc
                0x2000004c       0x12 src/ASF/common/services/usb/class/hid/device/mouse/udi_hid_mouse_desc.o
                0x2000004c                udc_device_desc
 *fill*         0x2000005e        0x2 
 .data.udc_device_lpm
                0x20000060        0xc src/ASF/common/services/usb/class/hid/device/mouse/udi_hid_mouse_desc.o
                0x20000060                udc_device_lpm
 .data.udc_desc
                0x2000006c       0x22 src/ASF/common/services/usb/class/hid/device/mouse/udi_hid_mouse_desc.o
                0x2000006c                udc_desc
 *fill*         0x2000008e        0x2 
 .data.udi_apis
                0x20000090        0x4 src/ASF/common/services/usb/class/hid/device/mouse/udi_hid_mouse_desc.o
                0x20000090                udi_apis
 .data.udc_config_fshs
                0x20000094        0x8 src/ASF/common/services/usb/class/hid/device/mouse/udi_hid_mouse_desc.o
                0x20000094                udc_config_fshs
 .data.udc_config
                0x2000009c        0xc src/ASF/common/services/usb/class/hid/device/mouse/udi_hid_mouse_desc.o
                0x2000009c                udc_config
 .data.udc_string_desc_languageid
                0x200000a8        0x4 src/ASF/common/services/usb/udc/udc.o
 .data.udc_string_manufacturer_name
                0x200000ac        0xa src/ASF/common/services/usb/udc/udc.o
 *fill*         0x200000b6        0x2 
 .data.udc_string_product_name
                0x200000b8        0xa src/ASF/common/services/usb/udc/udc.o
 *fill*         0x200000c2        0x2 
 .data.udc_string_desc
                0x200000c4       0x14 src/ASF/common/services/usb/udc/udc.o
 .data.g_interrupt_enabled
                0x200000d8        0x1 src/ASF/common/utils/interrupt/interrupt_sam_nvic.o
                0x200000d8                g_interrupt_enabled
 *fill*         0x200000d9        0x3 
 .data.radio_sendlength
                0x200000dc        0x4 src/main.o
                0x200000e0                . = ALIGN (0x4)
                0x200000e0                _erelocate = .

.bss            0x200000e0      0x54c load address 0x00009fd0
                0x200000e0                . = ALIGN (0x4)
                0x200000e0                _sbss = .
                0x200000e0                _szero = .
 *(.bss .bss.*)
 .bss           0x200000e0       0x1c c:/program files (x86)/atmel/studio/7.0/toolchain/arm/arm-gnu-toolchain/bin/../lib/gcc/arm-none-eabi/5.3.1/armv6-m/crtbegin.o
 .bss._sercom_config
                0x200000fc        0x2 src/ASF/sam0/drivers/sercom/sercom.o
 .bss.read_buf  0x200000fe        0x2 src/RFM69.o
                0x200000fe                read_buf
 .bss.cpt_sof.14069
                0x20000100        0x1 src/ASF/common/services/usb/class/hid/device/mouse/example/samd21j18a_samd21_xplained_pro/ui.o
 *fill*         0x20000101        0x3 
 .bss.udi_hid_mouse_rate
                0x20000104        0x1 src/ASF/common/services/usb/class/hid/device/mouse/udi_hid_mouse.o
 *fill*         0x20000105        0x3 
 .bss.udi_hid_mouse_protocol
                0x20000108        0x1 src/ASF/common/services/usb/class/hid/device/mouse/udi_hid_mouse.o
 .bss.udi_hid_mouse_b_report_valid
                0x20000109        0x1 src/ASF/common/services/usb/class/hid/device/mouse/udi_hid_mouse.o
 *fill*         0x2000010a        0x2 
 .bss.udi_hid_mouse_report
                0x2000010c        0x7 src/ASF/common/services/usb/class/hid/device/mouse/udi_hid_mouse.o
 .bss.udi_hid_mouse_report_trans_ongoing
                0x20000113        0x1 src/ASF/common/services/usb/class/hid/device/mouse/udi_hid_mouse.o
 .bss.udi_hid_mouse_report_trans
                0x20000114        0x7 src/ASF/common/services/usb/class/hid/device/mouse/udi_hid_mouse.o
 *fill*         0x2000011b        0x1 
 .bss.udc_device_status
                0x2000011c        0x2 src/ASF/common/services/usb/udc/udc.o
 *fill*         0x2000011e        0x2 
 .bss.udc_iface_setting
                0x20000120        0x1 src/ASF/common/services/usb/udc/udc.o
 *fill*         0x20000121        0x3 
 .bss.udc_num_configuration
                0x20000124        0x1 src/ASF/common/services/usb/udc/udc.o
 *fill*         0x20000125        0x3 
 .bss.udc_ptr_conf
                0x20000128        0x4 src/ASF/common/services/usb/udc/udc.o
 .bss.udc_ptr_iface
                0x2000012c        0x4 src/ASF/common/services/usb/udc/udc.o
 .bss.udc_ep_status.12060
                0x20000130        0x2 src/ASF/common/services/usb/udc/udc.o
 *fill*         0x20000132        0x2 
 .bss.cpu_irq_critical_section_counter
                0x20000134        0x4 src/ASF/common/utils/interrupt/interrupt_sam_nvic.o
 .bss.cpu_irq_prev_interrupt_state
                0x20000138        0x1 src/ASF/common/utils/interrupt/interrupt_sam_nvic.o
 *fill*         0x20000139        0x3 
 .bss._system_clock_inst
                0x2000013c       0x18 src/ASF/sam0/drivers/system/clock/clock_samd21_r21_da/clock.o
 .bss.udd_ep_control_state
                0x20000154        0x1 src/ASF/sam0/drivers/usb/stack_interface/usb_device_udd.o
 *fill*         0x20000155        0x1 
 .bss.udd_ctrl_prev_payload_nb_trans
                0x20000156        0x2 src/ASF/sam0/drivers/usb/stack_interface/usb_device_udd.o
 .bss.udd_ctrl_payload_nb_trans
                0x20000158        0x2 src/ASF/sam0/drivers/usb/stack_interface/usb_device_udd.o
 *fill*         0x2000015a        0x2 
 .bss.udd_ep_job
                0x2000015c       0x28 src/ASF/sam0/drivers/usb/stack_interface/usb_device_udd.o
 .bss.udd_state.13185
                0x20000184        0x1 src/ASF/sam0/drivers/usb/stack_interface/usb_device_udd.o
 .bss.b_shortpacket.13328
                0x20000185        0x1 src/ASF/sam0/drivers/usb/stack_interface/usb_device_udd.o
 *fill*         0x20000186        0x2 
 .bss._usb_instances
                0x20000188        0x4 src/ASF/sam0/drivers/usb/usb_sam_d_r/usb.o
 .bss.pipe_callback_para
                0x2000018c        0x6 src/ASF/sam0/drivers/usb/usb_sam_d_r/usb.o
 *fill*         0x20000192        0x2 
 .bss.device_callback_lpm_wakeup_enable
                0x20000194        0x4 src/ASF/sam0/drivers/usb/usb_sam_d_r/usb.o
 .bss.ep_callback_para
                0x20000198        0x8 src/ASF/sam0/drivers/usb/usb_sam_d_r/usb.o
 .bss.host_pipe_job_busy_status
                0x200001a0        0x4 src/ASF/sam0/drivers/usb/usb_sam_d_r/usb.o
                0x200001a0                host_pipe_job_busy_status
 .bss.radio_sendbuffer
                0x200001a4       0x3e src/main.o
 .bss.x         0x200001e2        0x2 src/main.o
                0x200001e2                x
 .bss.y         0x200001e4        0x2 src/main.o
                0x200001e4                y
 .bss.lx        0x200001e6        0x2 src/main.o
                0x200001e6                lx
 .bss.ly        0x200001e8        0x2 src/main.o
                0x200001e8                ly
 *fill*         0x200001ea        0x2 
 .bss.yCount    0x200001ec        0x4 src/main.o
                0x200001ec                yCount
 .bss.xCount    0x200001f0        0x4 src/main.o
                0x200001f0                xCount
 .bss.temp      0x200001f4        0x4 src/main.o
                0x200001f4                temp
 .bss.scrollX   0x200001f8        0x4 src/main.o
                0x200001f8                scrollX
 .bss.scrollY   0x200001fc        0x4 src/main.o
                0x200001fc                scrollY
 .bss.Xtotal    0x20000200        0x4 src/main.o
                0x20000200                Xtotal
 .bss.Ytotal    0x20000204        0x4 src/main.o
                0x20000204                Ytotal
 .bss.xVals     0x20000208       0x14 src/main.o
                0x20000208                xVals
 .bss.yVals     0x2000021c       0x14 src/main.o
                0x2000021c                yVals
 .bss.left      0x20000230        0x1 src/main.o
                0x20000230                left
 .bss.middle    0x20000231        0x1 src/main.o
                0x20000231                middle
 .bss.right     0x20000232        0x1 src/main.o
                0x20000232                right
 .bss.calibration
                0x20000233        0x1 src/main.o
                0x20000233                calibration
 .bss.laserEnabled
                0x20000234        0x1 src/main.o
                0x20000234                laserEnabled
 .bss.button_info
                0x20000235        0x1 src/main.o
                0x20000235                button_info
 .bss.main_b_mouse_enable
                0x20000236        0x1 src/main.o
 *(COMMON)
 *fill*         0x20000237        0x1 
 COMMON         0x20000238        0x4 src/ASF/sam0/drivers/rtc/rtc_sam_d_r/rtc_count.o
                0x20000238                _rtc_instance
 COMMON         0x2000023c       0xb3 src/RFM69.o
                0x2000023c                _interruptNum
                0x2000023e                RFM_SENDERID
                0x20000240                rtc_instance
                0x20000248                _powerLevel
                0x20000249                _inISR
                0x2000024a                _address
                0x2000024c                ACK_RECEIVED
                0x2000024e                RFM_DATALEN
                0x20000250                _promiscuousMode
                0x20000251                _interruptPin
                0x20000254                RFM_DATA
                0x200002ce                _slaveSelectPin
                0x200002d0                PAYLOADLEN
                0x200002d2                ACK_REQUESTED
                0x200002d4                TARGETID
                0x200002d6                _mode
                0x200002d8                _isRFM69HW
                0x200002dc                spi_master_instance
                0x200002e8                RFM_RSSI
                0x200002ec                slave
 *fill*         0x200002ef        0x1 
 COMMON         0x200002f0        0x5 src/ASF/common/services/sleepmgr/samd/sleepmgr.o
                0x200002f0                sleepmgr_locks
 COMMON         0x200002f5        0x1 src/ASF/sam0/drivers/extint/extint_callback.o
                0x200002f5                _current_channel
 *fill*         0x200002f6        0x2 
 COMMON         0x200002f8       0x40 src/ASF/sam0/drivers/extint/extint_sam_d_r/extint.o
                0x200002f8                _extint_dev
 COMMON         0x20000338      0x1c8 src/ASF/sam0/drivers/usb/stack_interface/usb_device_udd.o
                0x20000338                udd_ep_out_cache_buffer
                0x20000378                usb_device
                0x200004e0                udd_g_ctrlreq
                0x200004f8                udd_ctrl_buffer
 COMMON         0x20000500      0x100 src/ASF/sam0/drivers/usb/usb_sam_d_r/usb.o
                0x20000500                usb_descriptor_table
 COMMON         0x20000600       0x2c src/main.o
                0x20000600                usart_instance
                0x2000060c                tcc0
                0x20000614                xbee_receivebuffer
                0x20000618                LEDSPIbuffer
                0x20000620                xbee_sendbuffer
                0x20000624                tcc1
                0x2000062c                . = ALIGN (0x4)
                0x2000062c                _ebss = .
                0x2000062c                _ezero = .

.stack          0x2000062c     0x2004 load address 0x0000a51c
                0x20000630                . = ALIGN (0x8)
 *fill*         0x2000062c        0x4 
                0x20000630                _sstack = .
                0x20002630                . = (. + STACK_SIZE)
 *fill*         0x20000630     0x2000 
                0x20002630                . = ALIGN (0x8)
                0x20002630                _estack = .
                0x20002630                . = ALIGN (0x4)
                0x20002630                _end = .
OUTPUT(Dongle Module.elf elf32-littlearm)

.ARM.attributes
                0x00000000       0x28
 .ARM.attributes
                0x00000000       0x1e c:/program files (x86)/atmel/studio/7.0/toolchain/arm/arm-gnu-toolchain/bin/../lib/gcc/arm-none-eabi/5.3.1/armv6-m/crti.o
 .ARM.attributes
                0x0000001e       0x2c c:/program files (x86)/atmel/studio/7.0/toolchain/arm/arm-gnu-toolchain/bin/../lib/gcc/arm-none-eabi/5.3.1/armv6-m/crtbegin.o
 .ARM.attributes
                0x0000004a       0x32 src/ASF/sam0/drivers/rtc/rtc_sam_d_r/rtc_count.o
 .ARM.attributes
                0x0000007c       0x32 src/ASF/sam0/drivers/sercom/sercom.o
 .ARM.attributes
                0x000000ae       0x32 src/ASF/sam0/drivers/sercom/spi/spi.o
 .ARM.attributes
                0x000000e0       0x32 src/ASF/sam0/drivers/sercom/usart/usart.o
 .ARM.attributes
                0x00000112       0x32 src/RFM69.o
 .ARM.attributes
                0x00000144       0x32 src/ASF/common/services/usb/class/hid/device/mouse/example/samd21j18a_samd21_xplained_pro/ui.o
 .ARM.attributes
                0x00000176       0x32 src/ASF/common/services/sleepmgr/samd/sleepmgr.o
 .ARM.attributes
                0x000001a8       0x32 src/ASF/common/services/usb/class/hid/device/mouse/udi_hid_mouse.o
 .ARM.attributes
                0x000001da       0x32 src/ASF/common/services/usb/class/hid/device/mouse/udi_hid_mouse_desc.o
 .ARM.attributes
                0x0000020c       0x32 src/ASF/common/services/usb/class/hid/device/udi_hid.o
 .ARM.attributes
                0x0000023e       0x32 src/ASF/common/services/usb/udc/udc.o
 .ARM.attributes
                0x00000270       0x32 src/ASF/common/utils/interrupt/interrupt_sam_nvic.o
 .ARM.attributes
                0x000002a2       0x32 src/ASF/sam0/boards/samd21_xplained_pro/board_init.o
 .ARM.attributes
                0x000002d4       0x32 src/ASF/sam0/drivers/extint/extint_callback.o
 .ARM.attributes
                0x00000306       0x32 src/ASF/sam0/drivers/extint/extint_sam_d_r/extint.o
 .ARM.attributes
                0x00000338       0x32 src/ASF/sam0/drivers/port/port.o
 .ARM.attributes
                0x0000036a       0x32 src/ASF/sam0/drivers/system/clock/clock_samd21_r21_da/clock.o
 .ARM.attributes
                0x0000039c       0x32 src/ASF/sam0/drivers/system/clock/clock_samd21_r21_da/gclk.o
 .ARM.attributes
                0x000003ce       0x32 src/ASF/sam0/drivers/system/pinmux/pinmux.o
 .ARM.attributes
                0x00000400       0x32 src/ASF/sam0/drivers/system/system.o
 .ARM.attributes
                0x00000432       0x32 src/ASF/sam0/drivers/usb/stack_interface/usb_device_udd.o
 .ARM.attributes
                0x00000464       0x32 src/ASF/sam0/drivers/usb/usb_sam_d_r/usb.o
 .ARM.attributes
                0x00000496       0x32 src/ASF/sam0/utils/cmsis/samd21/source/gcc/startup_samd21.o
 .ARM.attributes
                0x000004c8       0x32 src/main.o
 .ARM.attributes
                0x000004fa       0x1e c:/program files (x86)/atmel/studio/7.0/toolchain/arm/arm-gnu-toolchain/bin/../lib/gcc/arm-none-eabi/5.3.1/armv6-m\libgcc.a(_udivsi3.o)
 .ARM.attributes
                0x00000518       0x1e c:/program files (x86)/atmel/studio/7.0/toolchain/arm/arm-gnu-toolchain/bin/../lib/gcc/arm-none-eabi/5.3.1/armv6-m\libgcc.a(_divsi3.o)
 .ARM.attributes
                0x00000536       0x1e c:/program files (x86)/atmel/studio/7.0/toolchain/arm/arm-gnu-toolchain/bin/../lib/gcc/arm-none-eabi/5.3.1/armv6-m\libgcc.a(_dvmd_tls.o)
 .ARM.attributes
                0x00000554       0x1e c:/program files (x86)/atmel/studio/7.0/toolchain/arm/arm-gnu-toolchain/bin/../lib/gcc/arm-none-eabi/5.3.1/armv6-m\libgcc.a(_ctzsi2.o)
 .ARM.attributes
                0x00000572       0x2c c:/program files (x86)/atmel/studio/7.0/toolchain/arm/arm-gnu-toolchain/bin/../lib/gcc/arm-none-eabi/5.3.1/armv6-m\libgcc.a(_muldi3.o)
 .ARM.attributes
                0x0000059e       0x2c c:/program files (x86)/atmel/studio/7.0/toolchain/arm/arm-gnu-toolchain/bin/../lib/gcc/arm-none-eabi/5.3.1/../../../../arm-none-eabi/lib/armv6-m\libc_nano.a(lib_a-init.o)
 .ARM.attributes
                0x000005ca       0x2c c:/program files (x86)/atmel/studio/7.0/toolchain/arm/arm-gnu-toolchain/bin/../lib/gcc/arm-none-eabi/5.3.1/../../../../arm-none-eabi/lib/armv6-m\libc_nano.a(lib_a-memcpy-stub.o)
 .ARM.attributes
                0x000005f6       0x2c c:/program files (x86)/atmel/studio/7.0/toolchain/arm/arm-gnu-toolchain/bin/../lib/gcc/arm-none-eabi/5.3.1/../../../../arm-none-eabi/lib/armv6-m\libc_nano.a(lib_a-memset.o)
 .ARM.attributes
                0x00000622       0x1e c:/program files (x86)/atmel/studio/7.0/toolchain/arm/arm-gnu-toolchain/bin/../lib/gcc/arm-none-eabi/5.3.1/armv6-m/crtn.o

.comment        0x00000000       0x59
 .comment       0x00000000       0x59 src/ASF/sam0/drivers/rtc/rtc_sam_d_r/rtc_count.o
                                 0x5a (size before relaxing)
 .comment       0x00000059       0x5a src/ASF/sam0/drivers/sercom/sercom.o
 .comment       0x00000059       0x5a src/ASF/sam0/drivers/sercom/spi/spi.o
 .comment       0x00000059       0x5a src/ASF/sam0/drivers/sercom/usart/usart.o
 .comment       0x00000059       0x5a src/RFM69.o
 .comment       0x00000059       0x5a src/ASF/common/services/usb/class/hid/device/mouse/example/samd21j18a_samd21_xplained_pro/ui.o
 .comment       0x00000059       0x5a src/ASF/common/services/sleepmgr/samd/sleepmgr.o
 .comment       0x00000059       0x5a src/ASF/common/services/usb/class/hid/device/mouse/udi_hid_mouse.o
 .comment       0x00000059       0x5a src/ASF/common/services/usb/class/hid/device/mouse/udi_hid_mouse_desc.o
 .comment       0x00000059       0x5a src/ASF/common/services/usb/class/hid/device/udi_hid.o
 .comment       0x00000059       0x5a src/ASF/common/services/usb/udc/udc.o
 .comment       0x00000059       0x5a src/ASF/common/utils/interrupt/interrupt_sam_nvic.o
 .comment       0x00000059       0x5a src/ASF/sam0/boards/samd21_xplained_pro/board_init.o
 .comment       0x00000059       0x5a src/ASF/sam0/drivers/extint/extint_callback.o
 .comment       0x00000059       0x5a src/ASF/sam0/drivers/extint/extint_sam_d_r/extint.o
 .comment       0x00000059       0x5a src/ASF/sam0/drivers/port/port.o
 .comment       0x00000059       0x5a src/ASF/sam0/drivers/system/clock/clock_samd21_r21_da/clock.o
 .comment       0x00000059       0x5a src/ASF/sam0/drivers/system/clock/clock_samd21_r21_da/gclk.o
 .comment       0x00000059       0x5a src/ASF/sam0/drivers/system/pinmux/pinmux.o
 .comment       0x00000059       0x5a src/ASF/sam0/drivers/system/system.o
 .comment       0x00000059       0x5a src/ASF/sam0/drivers/usb/stack_interface/usb_device_udd.o
 .comment       0x00000059       0x5a src/ASF/sam0/drivers/usb/usb_sam_d_r/usb.o
 .comment       0x00000059       0x5a src/ASF/sam0/utils/cmsis/samd21/source/gcc/startup_samd21.o
 .comment       0x00000059       0x5a src/main.o

.debug_info     0x00000000    0x308f6
 .debug_info    0x00000000     0x261e src/ASF/sam0/drivers/rtc/rtc_sam_d_r/rtc_count.o
 .debug_info    0x0000261e     0x24a4 src/ASF/sam0/drivers/sercom/sercom.o
 .debug_info    0x00004ac2     0x49b9 src/ASF/sam0/drivers/sercom/spi/spi.o
 .debug_info    0x0000947b     0x3d21 src/ASF/sam0/drivers/sercom/usart/usart.o
 .debug_info    0x0000d19c     0x4e40 src/RFM69.o
 .debug_info    0x00011fdc      0xa10 src/ASF/common/services/usb/class/hid/device/mouse/example/samd21j18a_samd21_xplained_pro/ui.o
 .debug_info    0x000129ec      0x176 src/ASF/common/services/sleepmgr/samd/sleepmgr.o
 .debug_info    0x00012b62      0x77d src/ASF/common/services/usb/class/hid/device/mouse/udi_hid_mouse.o
 .debug_info    0x000132df      0x808 src/ASF/common/services/usb/class/hid/device/mouse/udi_hid_mouse_desc.o
 .debug_info    0x00013ae7      0x3e6 src/ASF/common/services/usb/class/hid/device/udi_hid.o
 .debug_info    0x00013ecd      0xd73 src/ASF/common/services/usb/udc/udc.o
 .debug_info    0x00014c40      0x1ef src/ASF/common/utils/interrupt/interrupt_sam_nvic.o
 .debug_info    0x00014e2f      0x955 src/ASF/sam0/boards/samd21_xplained_pro/board_init.o
 .debug_info    0x00015784      0xfcb src/ASF/sam0/drivers/extint/extint_callback.o
 .debug_info    0x0001674f     0x2016 src/ASF/sam0/drivers/extint/extint_sam_d_r/extint.o
 .debug_info    0x00018765      0x92e src/ASF/sam0/drivers/port/port.o
 .debug_info    0x00019093     0x2cee src/ASF/sam0/drivers/system/clock/clock_samd21_r21_da/clock.o
 .debug_info    0x0001bd81     0x1289 src/ASF/sam0/drivers/system/clock/clock_samd21_r21_da/gclk.o
 .debug_info    0x0001d00a      0xa97 src/ASF/sam0/drivers/system/pinmux/pinmux.o
 .debug_info    0x0001daa1      0x141 src/ASF/sam0/drivers/system/system.o
 .debug_info    0x0001dbe2     0x5012 src/ASF/sam0/drivers/usb/stack_interface/usb_device_udd.o
 .debug_info    0x00022bf4     0x4723 src/ASF/sam0/drivers/usb/usb_sam_d_r/usb.o
 .debug_info    0x00027317     0x3a7e src/ASF/sam0/utils/cmsis/samd21/source/gcc/startup_samd21.o
 .debug_info    0x0002ad95     0x5b61 src/main.o

.debug_abbrev   0x00000000     0x3a90
 .debug_abbrev  0x00000000      0x2e0 src/ASF/sam0/drivers/rtc/rtc_sam_d_r/rtc_count.o
 .debug_abbrev  0x000002e0      0x274 src/ASF/sam0/drivers/sercom/sercom.o
 .debug_abbrev  0x00000554      0x35a src/ASF/sam0/drivers/sercom/spi/spi.o
 .debug_abbrev  0x000008ae      0x2e3 src/ASF/sam0/drivers/sercom/usart/usart.o
 .debug_abbrev  0x00000b91      0x3e4 src/RFM69.o
 .debug_abbrev  0x00000f75      0x253 src/ASF/common/services/usb/class/hid/device/mouse/example/samd21j18a_samd21_xplained_pro/ui.o
 .debug_abbrev  0x000011c8       0x9a src/ASF/common/services/sleepmgr/samd/sleepmgr.o
 .debug_abbrev  0x00001262      0x2a8 src/ASF/common/services/usb/class/hid/device/mouse/udi_hid_mouse.o
 .debug_abbrev  0x0000150a      0x127 src/ASF/common/services/usb/class/hid/device/mouse/udi_hid_mouse_desc.o
 .debug_abbrev  0x00001631      0x12f src/ASF/common/services/usb/class/hid/device/udi_hid.o
 .debug_abbrev  0x00001760      0x269 src/ASF/common/services/usb/udc/udc.o
 .debug_abbrev  0x000019c9       0xf8 src/ASF/common/utils/interrupt/interrupt_sam_nvic.o
 .debug_abbrev  0x00001ac1      0x20f src/ASF/sam0/boards/samd21_xplained_pro/board_init.o
 .debug_abbrev  0x00001cd0      0x277 src/ASF/sam0/drivers/extint/extint_callback.o
 .debug_abbrev  0x00001f47      0x321 src/ASF/sam0/drivers/extint/extint_sam_d_r/extint.o
 .debug_abbrev  0x00002268      0x1b6 src/ASF/sam0/drivers/port/port.o
 .debug_abbrev  0x0000241e      0x340 src/ASF/sam0/drivers/system/clock/clock_samd21_r21_da/clock.o
 .debug_abbrev  0x0000275e      0x28e src/ASF/sam0/drivers/system/clock/clock_samd21_r21_da/gclk.o
 .debug_abbrev  0x000029ec      0x258 src/ASF/sam0/drivers/system/pinmux/pinmux.o
 .debug_abbrev  0x00002c44       0xad src/ASF/sam0/drivers/system/system.o
 .debug_abbrev  0x00002cf1      0x48b src/ASF/sam0/drivers/usb/stack_interface/usb_device_udd.o
 .debug_abbrev  0x0000317c      0x352 src/ASF/sam0/drivers/usb/usb_sam_d_r/usb.o
 .debug_abbrev  0x000034ce      0x20a src/ASF/sam0/utils/cmsis/samd21/source/gcc/startup_samd21.o
 .debug_abbrev  0x000036d8      0x3b8 src/main.o

.debug_loc      0x00000000     0x520b
 .debug_loc     0x00000000      0x3b8 src/ASF/sam0/drivers/rtc/rtc_sam_d_r/rtc_count.o
 .debug_loc     0x000003b8      0x18c src/ASF/sam0/drivers/sercom/sercom.o
 .debug_loc     0x00000544      0x5e2 src/ASF/sam0/drivers/sercom/spi/spi.o
 .debug_loc     0x00000b26      0x297 src/ASF/sam0/drivers/sercom/usart/usart.o
 .debug_loc     0x00000dbd      0xa4c src/RFM69.o
 .debug_loc     0x00001809      0x214 src/ASF/common/services/usb/class/hid/device/mouse/example/samd21j18a_samd21_xplained_pro/ui.o
 .debug_loc     0x00001a1d      0x424 src/ASF/common/services/usb/class/hid/device/mouse/udi_hid_mouse.o
 .debug_loc     0x00001e41       0x70 src/ASF/common/services/usb/class/hid/device/udi_hid.o
 .debug_loc     0x00001eb1      0x56c src/ASF/common/services/usb/udc/udc.o
 .debug_loc     0x0000241d       0x64 src/ASF/common/utils/interrupt/interrupt_sam_nvic.o
 .debug_loc     0x00002481      0x118 src/ASF/sam0/boards/samd21_xplained_pro/board_init.o
 .debug_loc     0x00002599      0x1e0 src/ASF/sam0/drivers/extint/extint_callback.o
 .debug_loc     0x00002779      0x310 src/ASF/sam0/drivers/extint/extint_sam_d_r/extint.o
 .debug_loc     0x00002a89       0xa8 src/ASF/sam0/drivers/port/port.o
 .debug_loc     0x00002b31      0x4ae src/ASF/sam0/drivers/system/clock/clock_samd21_r21_da/clock.o
 .debug_loc     0x00002fdf      0x388 src/ASF/sam0/drivers/system/clock/clock_samd21_r21_da/gclk.o
 .debug_loc     0x00003367      0x150 src/ASF/sam0/drivers/system/pinmux/pinmux.o
 .debug_loc     0x000034b7       0x58 src/ASF/sam0/drivers/system/system.o
 .debug_loc     0x0000350f      0xcc8 src/ASF/sam0/drivers/usb/stack_interface/usb_device_udd.o
 .debug_loc     0x000041d7      0xa3c src/ASF/sam0/drivers/usb/usb_sam_d_r/usb.o
 .debug_loc     0x00004c13       0x64 src/ASF/sam0/utils/cmsis/samd21/source/gcc/startup_samd21.o
 .debug_loc     0x00004c77      0x594 src/main.o

.debug_aranges  0x00000000      0xe80
 .debug_aranges
                0x00000000       0xa0 src/ASF/sam0/drivers/rtc/rtc_sam_d_r/rtc_count.o
 .debug_aranges
                0x000000a0       0x50 src/ASF/sam0/drivers/sercom/sercom.o
 .debug_aranges
                0x000000f0       0xf0 src/ASF/sam0/drivers/sercom/spi/spi.o
 .debug_aranges
                0x000001e0       0x78 src/ASF/sam0/drivers/sercom/usart/usart.o
 .debug_aranges
                0x00000258      0x1a8 src/RFM69.o
 .debug_aranges
                0x00000400       0x70 src/ASF/common/services/usb/class/hid/device/mouse/example/samd21j18a_samd21_xplained_pro/ui.o
 .debug_aranges
                0x00000470       0x18 src/ASF/common/services/sleepmgr/samd/sleepmgr.o
 .debug_aranges
                0x00000488       0xb8 src/ASF/common/services/usb/class/hid/device/mouse/udi_hid_mouse.o
 .debug_aranges
                0x00000540       0x18 src/ASF/common/services/usb/class/hid/device/mouse/udi_hid_mouse_desc.o
 .debug_aranges
                0x00000558       0x28 src/ASF/common/services/usb/class/hid/device/udi_hid.o
 .debug_aranges
                0x00000580       0xf8 src/ASF/common/services/usb/udc/udc.o
 .debug_aranges
                0x00000678       0x28 src/ASF/common/utils/interrupt/interrupt_sam_nvic.o
 .debug_aranges
                0x000006a0       0x40 src/ASF/sam0/boards/samd21_xplained_pro/board_init.o
 .debug_aranges
                0x000006e0       0x60 src/ASF/sam0/drivers/extint/extint_callback.o
 .debug_aranges
                0x00000740       0x88 src/ASF/sam0/drivers/extint/extint_sam_d_r/extint.o
 .debug_aranges
                0x000007c8       0x30 src/ASF/sam0/drivers/port/port.o
 .debug_aranges
                0x000007f8       0xc8 src/ASF/sam0/drivers/system/clock/clock_samd21_r21_da/clock.o
 .debug_aranges
                0x000008c0       0xa0 src/ASF/sam0/drivers/system/clock/clock_samd21_r21_da/gclk.o
 .debug_aranges
                0x00000960       0x48 src/ASF/sam0/drivers/system/pinmux/pinmux.o
 .debug_aranges
                0x000009a8       0x28 src/ASF/sam0/drivers/system/system.o
 .debug_aranges
                0x000009d0      0x200 src/ASF/sam0/drivers/usb/stack_interface/usb_device_udd.o
 .debug_aranges
                0x00000bd0      0x190 src/ASF/sam0/drivers/usb/usb_sam_d_r/usb.o
 .debug_aranges
                0x00000d60       0x28 src/ASF/sam0/utils/cmsis/samd21/source/gcc/startup_samd21.o
 .debug_aranges
                0x00000d88       0xf8 src/main.o

.debug_ranges   0x00000000      0xcf0
 .debug_ranges  0x00000000       0x90 src/ASF/sam0/drivers/rtc/rtc_sam_d_r/rtc_count.o
 .debug_ranges  0x00000090       0x40 src/ASF/sam0/drivers/sercom/sercom.o
 .debug_ranges  0x000000d0       0xe0 src/ASF/sam0/drivers/sercom/spi/spi.o
 .debug_ranges  0x000001b0       0x68 src/ASF/sam0/drivers/sercom/usart/usart.o
 .debug_ranges  0x00000218      0x198 src/RFM69.o
 .debug_ranges  0x000003b0       0x60 src/ASF/common/services/usb/class/hid/device/mouse/example/samd21j18a_samd21_xplained_pro/ui.o
 .debug_ranges  0x00000410       0xa8 src/ASF/common/services/usb/class/hid/device/mouse/udi_hid_mouse.o
 .debug_ranges  0x000004b8       0x18 src/ASF/common/services/usb/class/hid/device/udi_hid.o
 .debug_ranges  0x000004d0       0xe8 src/ASF/common/services/usb/udc/udc.o
 .debug_ranges  0x000005b8       0x18 src/ASF/common/utils/interrupt/interrupt_sam_nvic.o
 .debug_ranges  0x000005d0       0x30 src/ASF/sam0/boards/samd21_xplained_pro/board_init.o
 .debug_ranges  0x00000600       0x50 src/ASF/sam0/drivers/extint/extint_callback.o
 .debug_ranges  0x00000650       0x78 src/ASF/sam0/drivers/extint/extint_sam_d_r/extint.o
 .debug_ranges  0x000006c8       0x20 src/ASF/sam0/drivers/port/port.o
 .debug_ranges  0x000006e8       0xb8 src/ASF/sam0/drivers/system/clock/clock_samd21_r21_da/clock.o
 .debug_ranges  0x000007a0       0x90 src/ASF/sam0/drivers/system/clock/clock_samd21_r21_da/gclk.o
 .debug_ranges  0x00000830       0x38 src/ASF/sam0/drivers/system/pinmux/pinmux.o
 .debug_ranges  0x00000868       0x18 src/ASF/sam0/drivers/system/system.o
 .debug_ranges  0x00000880      0x1f0 src/ASF/sam0/drivers/usb/stack_interface/usb_device_udd.o
 .debug_ranges  0x00000a70      0x180 src/ASF/sam0/drivers/usb/usb_sam_d_r/usb.o
 .debug_ranges  0x00000bf0       0x18 src/ASF/sam0/utils/cmsis/samd21/source/gcc/startup_samd21.o
 .debug_ranges  0x00000c08       0xe8 src/main.o

.debug_macro    0x00000000    0x1f4d3
 .debug_macro   0x00000000      0x50c src/ASF/sam0/drivers/rtc/rtc_sam_d_r/rtc_count.o
 .debug_macro   0x0000050c      0x862 src/ASF/sam0/drivers/rtc/rtc_sam_d_r/rtc_count.o
 .debug_macro   0x00000d6e      0x16d src/ASF/sam0/drivers/rtc/rtc_sam_d_r/rtc_count.o
 .debug_macro   0x00000edb      0x644 src/ASF/sam0/drivers/rtc/rtc_sam_d_r/rtc_count.o
 .debug_macro   0x0000151f       0x22 src/ASF/sam0/drivers/rtc/rtc_sam_d_r/rtc_count.o
 .debug_macro   0x00001541       0x87 src/ASF/sam0/drivers/rtc/rtc_sam_d_r/rtc_count.o
 .debug_macro   0x000015c8       0x44 src/ASF/sam0/drivers/rtc/rtc_sam_d_r/rtc_count.o
 .debug_macro   0x0000160c       0xfd src/ASF/sam0/drivers/rtc/rtc_sam_d_r/rtc_count.o
 .debug_macro   0x00001709       0x22 src/ASF/sam0/drivers/rtc/rtc_sam_d_r/rtc_count.o
 .debug_macro   0x0000172b      0x1df src/ASF/sam0/drivers/rtc/rtc_sam_d_r/rtc_count.o
 .debug_macro   0x0000190a       0x10 src/ASF/sam0/drivers/rtc/rtc_sam_d_r/rtc_count.o
 .debug_macro   0x0000191a       0x76 src/ASF/sam0/drivers/rtc/rtc_sam_d_r/rtc_count.o
 .debug_macro   0x00001990       0x16 src/ASF/sam0/drivers/rtc/rtc_sam_d_r/rtc_count.o
 .debug_macro   0x000019a6      0x6e5 src/ASF/sam0/drivers/rtc/rtc_sam_d_r/rtc_count.o
 .debug_macro   0x0000208b      0xde2 src/ASF/sam0/drivers/rtc/rtc_sam_d_r/rtc_count.o
 .debug_macro   0x00002e6d       0x22 src/ASF/sam0/drivers/rtc/rtc_sam_d_r/rtc_count.o
 .debug_macro   0x00002e8f       0x40 src/ASF/sam0/drivers/rtc/rtc_sam_d_r/rtc_count.o
 .debug_macro   0x00002ecf       0x3a src/ASF/sam0/drivers/rtc/rtc_sam_d_r/rtc_count.o
 .debug_macro   0x00002f09       0x1f src/ASF/sam0/drivers/rtc/rtc_sam_d_r/rtc_count.o
 .debug_macro   0x00002f28      0x250 src/ASF/sam0/drivers/rtc/rtc_sam_d_r/rtc_count.o
 .debug_macro   0x00003178      0x682 src/ASF/sam0/drivers/rtc/rtc_sam_d_r/rtc_count.o
 .debug_macro   0x000037fa      0x8c1 src/ASF/sam0/drivers/rtc/rtc_sam_d_r/rtc_count.o
 .debug_macro   0x000040bb      0x235 src/ASF/sam0/drivers/rtc/rtc_sam_d_r/rtc_count.o
 .debug_macro   0x000042f0      0xd66 src/ASF/sam0/drivers/rtc/rtc_sam_d_r/rtc_count.o
 .debug_macro   0x00005056      0x4ce src/ASF/sam0/drivers/rtc/rtc_sam_d_r/rtc_count.o
 .debug_macro   0x00005524      0x9fb src/ASF/sam0/drivers/rtc/rtc_sam_d_r/rtc_count.o
 .debug_macro   0x00005f1f      0x82e src/ASF/sam0/drivers/rtc/rtc_sam_d_r/rtc_count.o
 .debug_macro   0x0000674d      0x462 src/ASF/sam0/drivers/rtc/rtc_sam_d_r/rtc_count.o
 .debug_macro   0x00006baf       0x5e src/ASF/sam0/drivers/rtc/rtc_sam_d_r/rtc_count.o
 .debug_macro   0x00006c0d      0x907 src/ASF/sam0/drivers/rtc/rtc_sam_d_r/rtc_count.o
 .debug_macro   0x00007514      0x226 src/ASF/sam0/drivers/rtc/rtc_sam_d_r/rtc_count.o
 .debug_macro   0x0000773a      0x9d3 src/ASF/sam0/drivers/rtc/rtc_sam_d_r/rtc_count.o
 .debug_macro   0x0000810d       0x5e src/ASF/sam0/drivers/rtc/rtc_sam_d_r/rtc_count.o
 .debug_macro   0x0000816b      0x682 src/ASF/sam0/drivers/rtc/rtc_sam_d_r/rtc_count.o
 .debug_macro   0x000087ed      0x3b8 src/ASF/sam0/drivers/rtc/rtc_sam_d_r/rtc_count.o
 .debug_macro   0x00008ba5      0xc55 src/ASF/sam0/drivers/rtc/rtc_sam_d_r/rtc_count.o
 .debug_macro   0x000097fa     0x1093 src/ASF/sam0/drivers/rtc/rtc_sam_d_r/rtc_count.o
 .debug_macro   0x0000a88d      0xc4a src/ASF/sam0/drivers/rtc/rtc_sam_d_r/rtc_count.o
 .debug_macro   0x0000b4d7      0x6c2 src/ASF/sam0/drivers/rtc/rtc_sam_d_r/rtc_count.o
 .debug_macro   0x0000bb99     0x1b4e src/ASF/sam0/drivers/rtc/rtc_sam_d_r/rtc_count.o
 .debug_macro   0x0000d6e7     0x144d src/ASF/sam0/drivers/rtc/rtc_sam_d_r/rtc_count.o
 .debug_macro   0x0000eb34      0x351 src/ASF/sam0/drivers/rtc/rtc_sam_d_r/rtc_count.o
 .debug_macro   0x0000ee85       0x7c src/ASF/sam0/drivers/rtc/rtc_sam_d_r/rtc_count.o
 .debug_macro   0x0000ef01       0xa0 src/ASF/sam0/drivers/rtc/rtc_sam_d_r/rtc_count.o
 .debug_macro   0x0000efa1       0x4c src/ASF/sam0/drivers/rtc/rtc_sam_d_r/rtc_count.o
 .debug_macro   0x0000efed       0xca src/ASF/sam0/drivers/rtc/rtc_sam_d_r/rtc_count.o
 .debug_macro   0x0000f0b7       0x94 src/ASF/sam0/drivers/rtc/rtc_sam_d_r/rtc_count.o
 .debug_macro   0x0000f14b       0x58 src/ASF/sam0/drivers/rtc/rtc_sam_d_r/rtc_count.o
 .debug_macro   0x0000f1a3      0x38a src/ASF/sam0/drivers/rtc/rtc_sam_d_r/rtc_count.o
 .debug_macro   0x0000f52d       0x82 src/ASF/sam0/drivers/rtc/rtc_sam_d_r/rtc_count.o
 .debug_macro   0x0000f5af      0x19a src/ASF/sam0/drivers/rtc/rtc_sam_d_r/rtc_count.o
 .debug_macro   0x0000f749       0xb8 src/ASF/sam0/drivers/rtc/rtc_sam_d_r/rtc_count.o
 .debug_macro   0x0000f801       0xa0 src/ASF/sam0/drivers/rtc/rtc_sam_d_r/rtc_count.o
 .debug_macro   0x0000f8a1       0xbe src/ASF/sam0/drivers/rtc/rtc_sam_d_r/rtc_count.o
 .debug_macro   0x0000f95f       0x1c src/ASF/sam0/drivers/rtc/rtc_sam_d_r/rtc_count.o
 .debug_macro   0x0000f97b       0x1c src/ASF/sam0/drivers/rtc/rtc_sam_d_r/rtc_count.o
 .debug_macro   0x0000f997       0x1c src/ASF/sam0/drivers/rtc/rtc_sam_d_r/rtc_count.o
 .debug_macro   0x0000f9b3       0x82 src/ASF/sam0/drivers/rtc/rtc_sam_d_r/rtc_count.o
 .debug_macro   0x0000fa35      0x164 src/ASF/sam0/drivers/rtc/rtc_sam_d_r/rtc_count.o
 .debug_macro   0x0000fb99       0xdc src/ASF/sam0/drivers/rtc/rtc_sam_d_r/rtc_count.o
 .debug_macro   0x0000fc75      0x132 src/ASF/sam0/drivers/rtc/rtc_sam_d_r/rtc_count.o
 .debug_macro   0x0000fda7      0x132 src/ASF/sam0/drivers/rtc/rtc_sam_d_r/rtc_count.o
 .debug_macro   0x0000fed9      0x132 src/ASF/sam0/drivers/rtc/rtc_sam_d_r/rtc_count.o
 .debug_macro   0x0001000b      0x132 src/ASF/sam0/drivers/rtc/rtc_sam_d_r/rtc_count.o
 .debug_macro   0x0001013d      0x132 src/ASF/sam0/drivers/rtc/rtc_sam_d_r/rtc_count.o
 .debug_macro   0x0001026f      0x132 src/ASF/sam0/drivers/rtc/rtc_sam_d_r/rtc_count.o
 .debug_macro   0x000103a1      0x11e src/ASF/sam0/drivers/rtc/rtc_sam_d_r/rtc_count.o
 .debug_macro   0x000104bf       0xe2 src/ASF/sam0/drivers/rtc/rtc_sam_d_r/rtc_count.o
 .debug_macro   0x000105a1       0xe2 src/ASF/sam0/drivers/rtc/rtc_sam_d_r/rtc_count.o
 .debug_macro   0x00010683       0xe2 src/ASF/sam0/drivers/rtc/rtc_sam_d_r/rtc_count.o
 .debug_macro   0x00010765      0x136 src/ASF/sam0/drivers/rtc/rtc_sam_d_r/rtc_count.o
 .debug_macro   0x0001089b      0x106 src/ASF/sam0/drivers/rtc/rtc_sam_d_r/rtc_count.o
 .debug_macro   0x000109a1       0xfa src/ASF/sam0/drivers/rtc/rtc_sam_d_r/rtc_count.o
 .debug_macro   0x00010a9b      0x40f src/ASF/sam0/drivers/rtc/rtc_sam_d_r/rtc_count.o
 .debug_macro   0x00010eaa       0x40 src/ASF/sam0/drivers/rtc/rtc_sam_d_r/rtc_count.o
 .debug_macro   0x00010eea      0x361 src/ASF/sam0/drivers/rtc/rtc_sam_d_r/rtc_count.o
 .debug_macro   0x0001124b     0x16ed src/ASF/sam0/drivers/rtc/rtc_sam_d_r/rtc_count.o
 .debug_macro   0x00012938       0x51 src/ASF/sam0/drivers/rtc/rtc_sam_d_r/rtc_count.o
 .debug_macro   0x00012989       0x52 src/ASF/sam0/drivers/rtc/rtc_sam_d_r/rtc_count.o
 .debug_macro   0x000129db       0x35 src/ASF/sam0/drivers/rtc/rtc_sam_d_r/rtc_count.o
 .debug_macro   0x00012a10       0x9c src/ASF/sam0/drivers/rtc/rtc_sam_d_r/rtc_count.o
 .debug_macro   0x00012aac       0x16 src/ASF/sam0/drivers/rtc/rtc_sam_d_r/rtc_count.o
 .debug_macro   0x00012ac2       0x35 src/ASF/sam0/drivers/rtc/rtc_sam_d_r/rtc_count.o
 .debug_macro   0x00012af7      0x330 src/ASF/sam0/drivers/rtc/rtc_sam_d_r/rtc_count.o
 .debug_macro   0x00012e27       0x10 src/ASF/sam0/drivers/rtc/rtc_sam_d_r/rtc_count.o
 .debug_macro   0x00012e37       0x52 src/ASF/sam0/drivers/rtc/rtc_sam_d_r/rtc_count.o
 .debug_macro   0x00012e89       0x16 src/ASF/sam0/drivers/rtc/rtc_sam_d_r/rtc_count.o
 .debug_macro   0x00012e9f       0x43 src/ASF/sam0/drivers/rtc/rtc_sam_d_r/rtc_count.o
 .debug_macro   0x00012ee2      0x187 src/ASF/sam0/drivers/rtc/rtc_sam_d_r/rtc_count.o
 .debug_macro   0x00013069       0x22 src/ASF/sam0/drivers/rtc/rtc_sam_d_r/rtc_count.o
 .debug_macro   0x0001308b       0x3a src/ASF/sam0/drivers/rtc/rtc_sam_d_r/rtc_count.o
 .debug_macro   0x000130c5       0x10 src/ASF/sam0/drivers/rtc/rtc_sam_d_r/rtc_count.o
 .debug_macro   0x000130d5       0x40 src/ASF/sam0/drivers/rtc/rtc_sam_d_r/rtc_count.o
 .debug_macro   0x00013115       0x6c src/ASF/sam0/drivers/rtc/rtc_sam_d_r/rtc_count.o
 .debug_macro   0x00013181       0x16 src/ASF/sam0/drivers/rtc/rtc_sam_d_r/rtc_count.o
 .debug_macro   0x00013197      0x182 src/ASF/sam0/drivers/rtc/rtc_sam_d_r/rtc_count.o
 .debug_macro   0x00013319       0x16 src/ASF/sam0/drivers/rtc/rtc_sam_d_r/rtc_count.o
 .debug_macro   0x0001332f       0x16 src/ASF/sam0/drivers/rtc/rtc_sam_d_r/rtc_count.o
 .debug_macro   0x00013345       0x29 src/ASF/sam0/drivers/rtc/rtc_sam_d_r/rtc_count.o
 .debug_macro   0x0001336e       0x51 src/ASF/sam0/drivers/rtc/rtc_sam_d_r/rtc_count.o
 .debug_macro   0x000133bf       0x3f src/ASF/sam0/drivers/rtc/rtc_sam_d_r/rtc_count.o
 .debug_macro   0x000133fe      0x3df src/ASF/sam0/drivers/rtc/rtc_sam_d_r/rtc_count.o
 .debug_macro   0x000137dd       0x11 src/ASF/sam0/drivers/rtc/rtc_sam_d_r/rtc_count.o
 .debug_macro   0x000137ee      0x29d src/ASF/sam0/drivers/rtc/rtc_sam_d_r/rtc_count.o
 .debug_macro   0x00013a8b      0x561 src/ASF/sam0/drivers/sercom/sercom.o
 .debug_macro   0x00013fec       0x18 src/ASF/sam0/drivers/sercom/sercom.o
 .debug_macro   0x00014004       0x2e src/ASF/sam0/drivers/sercom/sercom.o
 .debug_macro   0x00014032       0xb2 src/ASF/sam0/drivers/sercom/sercom.o
 .debug_macro   0x000140e4       0x10 src/ASF/sam0/drivers/sercom/sercom.o
 .debug_macro   0x000140f4      0x58c src/ASF/sam0/drivers/sercom/spi/spi.o
 .debug_macro   0x00014680       0x12 src/ASF/sam0/drivers/sercom/spi/spi.o
 .debug_macro   0x00014692       0x16 src/ASF/sam0/drivers/sercom/spi/spi.o
 .debug_macro   0x000146a8       0x1c src/ASF/sam0/drivers/sercom/spi/spi.o
 .debug_macro   0x000146c4       0x35 src/ASF/sam0/drivers/sercom/spi/spi.o
 .debug_macro   0x000146f9      0x559 src/ASF/sam0/drivers/sercom/usart/usart.o
 .debug_macro   0x00014c52       0x51 src/ASF/sam0/drivers/sercom/usart/usart.o
 .debug_macro   0x00014ca3      0x708 src/RFM69.o
 .debug_macro   0x000153ab       0x19 src/RFM69.o
 .debug_macro   0x000153c4      0x2a3 src/RFM69.o
 .debug_macro   0x00015667       0x10 src/RFM69.o
 .debug_macro   0x00015677      0x9f7 src/RFM69.o
 .debug_macro   0x0001606e       0x18 src/RFM69.o
 .debug_macro   0x00016086       0x22 src/RFM69.o