Archive member included to satisfy reference by file (symbol)

c:/program files (x86)/atmel/studio/7.0/toolchain/arm/arm-gnu-toolchain/bin/../lib/gcc/arm-none-eabi/5.3.1/armv6-m\libgcc.a(_udivsi3.o)
                              src/ASF/sam0/drivers/system/clock/clock_samd21_r21_da/clock.o (__aeabi_uidiv)
c:/program files (x86)/atmel/studio/7.0/toolchain/arm/arm-gnu-toolchain/bin/../lib/gcc/arm-none-eabi/5.3.1/armv6-m\libgcc.a(_divsi3.o)
                              src/ASF/sam0/drivers/usb/stack_interface/usb_device_udd.o (__aeabi_idivmod)
c:/program files (x86)/atmel/studio/7.0/toolchain/arm/arm-gnu-toolchain/bin/../lib/gcc/arm-none-eabi/5.3.1/armv6-m\libgcc.a(_dvmd_tls.o)
                              c:/program files (x86)/atmel/studio/7.0/toolchain/arm/arm-gnu-toolchain/bin/../lib/gcc/arm-none-eabi/5.3.1/armv6-m\libgcc.a(_udivsi3.o) (__aeabi_idiv0)
c:/program files (x86)/atmel/studio/7.0/toolchain/arm/arm-gnu-toolchain/bin/../lib/gcc/arm-none-eabi/5.3.1/armv6-m\libgcc.a(_clzsi2.o)
                              src/ASF/sam0/drivers/usb/usb_sam_d_r/usb.o (__clzsi2)
c:/program files (x86)/atmel/studio/7.0/toolchain/arm/arm-gnu-toolchain/bin/../lib/gcc/arm-none-eabi/5.3.1/armv6-m\libgcc.a(_ctzsi2.o)
                              src/ASF/sam0/drivers/usb/usb_sam_d_r/usb.o (__ctzsi2)
c:/program files (x86)/atmel/studio/7.0/toolchain/arm/arm-gnu-toolchain/bin/../lib/gcc/arm-none-eabi/5.3.1/armv6-m\libgcc.a(_muldi3.o)
                              src/ASF/sam0/drivers/sercom/sercom.o (__aeabi_lmul)
c:/program files (x86)/atmel/studio/7.0/toolchain/arm/arm-gnu-toolchain/bin/../lib/gcc/arm-none-eabi/5.3.1/armv6-m\libgcc.a(_fixunsdfsi.o)
                              src/main.o (__aeabi_d2uiz)
c:/program files (x86)/atmel/studio/7.0/toolchain/arm/arm-gnu-toolchain/bin/../lib/gcc/arm-none-eabi/5.3.1/armv6-m\libgcc.a(divdf3.o)
                              src/main.o (__aeabi_ddiv)
c:/program files (x86)/atmel/studio/7.0/toolchain/arm/arm-gnu-toolchain/bin/../lib/gcc/arm-none-eabi/5.3.1/armv6-m\libgcc.a(muldf3.o)
                              src/main.o (__aeabi_dmul)
c:/program files (x86)/atmel/studio/7.0/toolchain/arm/arm-gnu-toolchain/bin/../lib/gcc/arm-none-eabi/5.3.1/armv6-m\libgcc.a(subdf3.o)
                              c:/program files (x86)/atmel/studio/7.0/toolchain/arm/arm-gnu-toolchain/bin/../lib/gcc/arm-none-eabi/5.3.1/armv6-m\libgcc.a(_fixunsdfsi.o) (__aeabi_dsub)
c:/program files (x86)/atmel/studio/7.0/toolchain/arm/arm-gnu-toolchain/bin/../lib/gcc/arm-none-eabi/5.3.1/armv6-m\libgcc.a(fixdfsi.o)
                              c:/program files (x86)/atmel/studio/7.0/toolchain/arm/arm-gnu-toolchain/bin/../lib/gcc/arm-none-eabi/5.3.1/armv6-m\libgcc.a(_fixunsdfsi.o) (__aeabi_d2iz)
c:/program files (x86)/atmel/studio/7.0/toolchain/arm/arm-gnu-toolchain/bin/../lib/gcc/arm-none-eabi/5.3.1/armv6-m\libgcc.a(floatunsidf.o)
                              src/main.o (__aeabi_ui2d)
c:/program files (x86)/atmel/studio/7.0/toolchain/arm/arm-gnu-toolchain/bin/../lib/gcc/arm-none-eabi/5.3.1/armv6-m\libgcc.a(_arm_cmpdf2.o)
                              c:/program files (x86)/atmel/studio/7.0/toolchain/arm/arm-gnu-toolchain/bin/../lib/gcc/arm-none-eabi/5.3.1/armv6-m\libgcc.a(_fixunsdfsi.o) (__aeabi_dcmpge)
c:/program files (x86)/atmel/studio/7.0/toolchain/arm/arm-gnu-toolchain/bin/../lib/gcc/arm-none-eabi/5.3.1/armv6-m\libgcc.a(eqdf2.o)
                              c:/program files (x86)/atmel/studio/7.0/toolchain/arm/arm-gnu-toolchain/bin/../lib/gcc/arm-none-eabi/5.3.1/armv6-m\libgcc.a(_arm_cmpdf2.o) (__eqdf2)
c:/program files (x86)/atmel/studio/7.0/toolchain/arm/arm-gnu-toolchain/bin/../lib/gcc/arm-none-eabi/5.3.1/armv6-m\libgcc.a(gedf2.o)
                              c:/program files (x86)/atmel/studio/7.0/toolchain/arm/arm-gnu-toolchain/bin/../lib/gcc/arm-none-eabi/5.3.1/armv6-m\libgcc.a(_arm_cmpdf2.o) (__gedf2)
c:/program files (x86)/atmel/studio/7.0/toolchain/arm/arm-gnu-toolchain/bin/../lib/gcc/arm-none-eabi/5.3.1/armv6-m\libgcc.a(ledf2.o)
                              c:/program files (x86)/atmel/studio/7.0/toolchain/arm/arm-gnu-toolchain/bin/../lib/gcc/arm-none-eabi/5.3.1/armv6-m\libgcc.a(_arm_cmpdf2.o) (__ledf2)
c:/program files (x86)/atmel/studio/7.0/toolchain/arm/arm-gnu-toolchain/bin/../lib/gcc/arm-none-eabi/5.3.1/../../../../arm-none-eabi/lib/armv6-m\libc_nano.a(lib_a-exit.o)
                              c:/program files (x86)/atmel/studio/7.0/toolchain/arm/arm-gnu-toolchain/bin/../lib/gcc/arm-none-eabi/5.3.1/../../../../arm-none-eabi/lib/armv6-m/crt0.o (exit)
c:/program files (x86)/atmel/studio/7.0/toolchain/arm/arm-gnu-toolchain/bin/../lib/gcc/arm-none-eabi/5.3.1/../../../../arm-none-eabi/lib/armv6-m\libc_nano.a(lib_a-impure.o)
                              c:/program files (x86)/atmel/studio/7.0/toolchain/arm/arm-gnu-toolchain/bin/../lib/gcc/arm-none-eabi/5.3.1/../../../../arm-none-eabi/lib/armv6-m\libc_nano.a(lib_a-exit.o) (_global_impure_ptr)
[...]
Memory Configuration

Name             Origin             Length             Attributes
rom              0x00000000         0x00040000         xr
ram              0x20000000         0x00008000         xrw
*default*        0x00000000         0xffffffff

Linker script and memory map

LOAD c:/program files (x86)/atmel/studio/7.0/toolchain/arm/arm-gnu-toolchain/bin/../lib/gcc/arm-none-eabi/5.3.1/armv6-m/crti.o
LOAD c:/program files (x86)/atmel/studio/7.0/toolchain/arm/arm-gnu-toolchain/bin/../lib/gcc/arm-none-eabi/5.3.1/armv6-m/crtbegin.o
LOAD c:/program files (x86)/atmel/studio/7.0/toolchain/arm/arm-gnu-toolchain/bin/../lib/gcc/arm-none-eabi/5.3.1/../../../../arm-none-eabi/lib/armv6-m/crt0.o
LOAD src/ASF/sam0/drivers/rtc/rtc_sam_d_r/rtc_count.o
LOAD src/ASF/common/services/usb/class/hid/device/mouse/example/samd21j18a_samd21_xplained_pro/ui.o
LOAD src/ASF/common/services/sleepmgr/samd/sleepmgr.o
LOAD src/ASF/common/services/usb/class/hid/device/mouse/udi_hid_mouse.o
LOAD src/ASF/common/services/usb/class/hid/device/mouse/udi_hid_mouse_desc.o
LOAD src/ASF/common/services/usb/class/hid/device/udi_hid.o
LOAD src/ASF/common/services/usb/udc/udc.o
LOAD src/ASF/common/utils/interrupt/interrupt_sam_nvic.o
LOAD src/ASF/sam0/boards/samd21_xplained_pro/board_init.o
LOAD src/ASF/sam0/drivers/extint/extint_callback.o
LOAD src/ASF/sam0/drivers/extint/extint_sam_d_r/extint.o
LOAD src/ASF/sam0/drivers/port/port.o
LOAD src/ASF/sam0/drivers/sercom/sercom.o
LOAD src/ASF/sam0/drivers/sercom/spi/spi.o
LOAD src/ASF/sam0/drivers/system/clock/clock_samd21_r21_da/clock.o
LOAD src/ASF/sam0/drivers/system/clock/clock_samd21_r21_da/gclk.o
LOAD src/ASF/sam0/drivers/system/interrupt/system_interrupt.o
LOAD src/ASF/sam0/drivers/system/pinmux/pinmux.o
LOAD src/ASF/sam0/drivers/system/system.o
LOAD src/ASF/sam0/drivers/usb/stack_interface/usb_device_udd.o
LOAD src/ASF/sam0/drivers/usb/stack_interface/usb_dual.o
LOAD src/ASF/sam0/drivers/usb/usb_sam_d_r/usb.o
LOAD src/ASF/sam0/utils/cmsis/samd21/source/gcc/startup_samd21.o
LOAD src/ASF/sam0/utils/cmsis/samd21/source/system_samd21.o
LOAD src/ASF/sam0/utils/syscalls/gcc/syscalls.o
LOAD src/main.o
START GROUP
LOAD ../src/ASF/thirdparty/CMSIS/Lib/GCC\libarm_cortexM0l_math.a
LOAD c:/program files (x86)/atmel/studio/7.0/toolchain/arm/arm-gnu-toolchain/bin/../lib/gcc/arm-none-eabi/5.3.1/../../../../arm-none-eabi/lib/armv6-m\libm.a
END GROUP
START GROUP
LOAD c:/program files (x86)/atmel/studio/7.0/toolchain/arm/arm-gnu-toolchain/bin/../lib/gcc/arm-none-eabi/5.3.1/armv6-m\libgcc.a
LOAD c:/program files (x86)/atmel/studio/7.0/toolchain/arm/arm-gnu-toolchain/bin/../lib/gcc/arm-none-eabi/5.3.1/../../../../arm-none-eabi/lib/armv6-m\libc_nano.a
END GROUP
START GROUP
LOAD c:/program files (x86)/atmel/studio/7.0/toolchain/arm/arm-gnu-toolchain/bin/../lib/gcc/arm-none-eabi/5.3.1/armv6-m\libgcc.a
LOAD c:/program files (x86)/atmel/studio/7.0/toolchain/arm/arm-gnu-toolchain/bin/../lib/gcc/arm-none-eabi/5.3.1/../../../../arm-none-eabi/lib/armv6-m\libc_nano.a
END GROUP
LOAD c:/program files (x86)/atmel/studio/7.0/toolchain/arm/arm-gnu-toolchain/bin/../lib/gcc/arm-none-eabi/5.3.1/armv6-m/crtend.o
LOAD c:/program files (x86)/atmel/studio/7.0/toolchain/arm/arm-gnu-toolchain/bin/../lib/gcc/arm-none-eabi/5.3.1/armv6-m/crtn.o
                0x00002000                STACK_SIZE = DEFINED (STACK_SIZE)?STACK_SIZE:DEFINED (__stack_size__)?__stack_size__:0x2000

.text           0x00000000     0x46bc
                0x00000000                . = ALIGN (0x4)
                0x00000000                _sfixed = .
 *(.vectors .vectors.*)
 .vectors       0x00000000       0xb4 src/ASF/sam0/utils/cmsis/samd21/source/gcc/startup_samd21.o
                0x00000000                exception_table
 *(.text .text.* .gnu.linkonce.t.*)
 .text          0x000000b4       0x60 c:/program files (x86)/atmel/studio/7.0/toolchain/arm/arm-gnu-toolchain/bin/../lib/gcc/arm-none-eabi/5.3.1/armv6-m/crtbegin.o
 .text.rtc_count_is_syncing
                0x00000114        0x8 src/ASF/sam0/drivers/rtc/rtc_sam_d_r/rtc_count.o
 .text.rtc_count_enable
                0x0000011c       0x20 src/ASF/sam0/drivers/rtc/rtc_sam_d_r/rtc_count.o
                0x0000011c                rtc_count_enable
 .text.rtc_count_disable
                0x0000013c       0x20 src/ASF/sam0/drivers/rtc/rtc_sam_d_r/rtc_count.o
                0x0000013c                rtc_count_disable
 .text.rtc_count_reset
                0x0000015c       0x28 src/ASF/sam0/drivers/rtc/rtc_sam_d_r/rtc_count.o
                0x0000015c                rtc_count_reset
 .text.rtc_count_set_count
                0x00000184       0x3c src/ASF/sam0/drivers/rtc/rtc_sam_d_r/rtc_count.o
                0x00000184                rtc_count_set_count
 .text.rtc_count_get_count
                0x000001c0       0x3c src/ASF/sam0/drivers/rtc/rtc_sam_d_r/rtc_count.o
                0x000001c0                rtc_count_get_count
 .text.rtc_count_set_compare
                0x000001fc       0x5c src/ASF/sam0/drivers/rtc/rtc_sam_d_r/rtc_count.o
                0x000001fc                rtc_count_set_compare
 .text.rtc_count_init
                0x00000258       0xe0 src/ASF/sam0/drivers/rtc/rtc_sam_d_r/rtc_count.o
                0x00000258                rtc_count_init
 .text.rtc_count_set_period
                0x00000338       0x24 src/ASF/sam0/drivers/rtc/rtc_sam_d_r/rtc_count.o
                0x00000338                rtc_count_set_period
 .text.ui_wakeup_handler
                0x0000035c       0x18 src/ASF/common/services/usb/class/hid/device/mouse/example/samd21j18a_samd21_xplained_pro/ui.o
 .text.ui_init  0x00000374       0x5c src/ASF/common/services/usb/class/hid/device/mouse/example/samd21j18a_samd21_xplained_pro/ui.o
                0x00000374                ui_init
 .text.ui_powerdown
                0x000003d0       0x10 src/ASF/common/services/usb/class/hid/device/mouse/example/samd21j18a_samd21_xplained_pro/ui.o
                0x000003d0                ui_powerdown
 .text.ui_wakeup_enable
                0x000003e0       0x10 src/ASF/common/services/usb/class/hid/device/mouse/example/samd21j18a_samd21_xplained_pro/ui.o
                0x000003e0                ui_wakeup_enable
 .text.ui_wakeup_disable
                0x000003f0       0x10 src/ASF/common/services/usb/class/hid/device/mouse/example/samd21j18a_samd21_xplained_pro/ui.o
                0x000003f0                ui_wakeup_disable
 .text.ui_wakeup
                0x00000400       0x10 src/ASF/common/services/usb/class/hid/device/mouse/example/samd21j18a_samd21_xplained_pro/ui.o
                0x00000400                ui_wakeup
 .text.ui_process
                0x00000410       0x50 src/ASF/common/services/usb/class/hid/device/mouse/example/samd21j18a_samd21_xplained_pro/ui.o
                0x00000410                ui_process
 .text.udi_hid_mouse_getsetting
                0x00000460        0x4 src/ASF/common/services/usb/class/hid/device/mouse/udi_hid_mouse.o
                0x00000460                udi_hid_mouse_getsetting
 .text.udi_hid_mouse_setreport
                0x00000464        0x4 src/ASF/common/services/usb/class/hid/device/mouse/udi_hid_mouse.o
 .text.udi_hid_mouse_enable
                0x00000468       0x40 src/ASF/common/services/usb/class/hid/device/mouse/udi_hid_mouse.o
                0x00000468                udi_hid_mouse_enable
 .text.udi_hid_mouse_disable
                0x000004a8        0xc src/ASF/common/services/usb/class/hid/device/mouse/udi_hid_mouse.o
                0x000004a8                udi_hid_mouse_disable
 .text.udi_hid_mouse_setup
                0x000004b4       0x24 src/ASF/common/services/usb/class/hid/device/mouse/udi_hid_mouse.o
                0x000004b4                udi_hid_mouse_setup
 .text.udi_hid_setup
                0x000004d8       0xf8 src/ASF/common/services/usb/class/hid/device/udi_hid.o
                0x000004d8                udi_hid_setup
 .text.udc_next_desc_in_iface
                0x000005d0       0x4c src/ASF/common/services/usb/udc/udc.o
 .text.udc_valid_address
                0x0000061c       0x18 src/ASF/common/services/usb/udc/udc.o
 .text.udc_update_iface_desc
                0x00000634       0x70 src/ASF/common/services/usb/udc/udc.o
 .text.udc_iface_disable
                0x000006a4       0x68 src/ASF/common/services/usb/udc/udc.o
 .text.udc_iface_enable
                0x0000070c       0x58 src/ASF/common/services/usb/udc/udc.o
 .text.udc_get_interface_desc
                0x00000764        0xc src/ASF/common/services/usb/udc/udc.o
                0x00000764                udc_get_interface_desc
 .text.udc_start
                0x00000770        0xc src/ASF/common/services/usb/udc/udc.o
                0x00000770                udc_start
 .text.udc_reset
                0x0000077c       0x5c src/ASF/common/services/usb/udc/udc.o
                0x0000077c                udc_reset
 .text.udc_sof_notify
                0x000007d8       0x40 src/ASF/common/services/usb/udc/udc.o
                0x000007d8                udc_sof_notify
 .text.udc_process_setup
                0x00000818      0x44c src/ASF/common/services/usb/udc/udc.o
                0x00000818                udc_process_setup
 .text.cpu_irq_enter_critical
                0x00000c64       0x40 src/ASF/common/utils/interrupt/interrupt_sam_nvic.o
                0x00000c64                cpu_irq_enter_critical
 .text.cpu_irq_leave_critical
                0x00000ca4       0x30 src/ASF/common/utils/interrupt/interrupt_sam_nvic.o
                0x00000ca4                cpu_irq_leave_critical
 .text.system_board_init
                0x00000cd4       0x38 src/ASF/sam0/boards/samd21_xplained_pro/board_init.o
                0x00000cd4                board_init
                0x00000cd4                system_board_init
 .text.extint_register_callback
                0x00000d0c       0x2c src/ASF/sam0/drivers/extint/extint_callback.o
                0x00000d0c                extint_register_callback
 .text.extint_chan_enable_callback
                0x00000d38       0x20 src/ASF/sam0/drivers/extint/extint_callback.o
                0x00000d38                extint_chan_enable_callback
 .text.extint_chan_disable_callback
                0x00000d58       0x20 src/ASF/sam0/drivers/extint/extint_callback.o
                0x00000d58                extint_chan_disable_callback
 .text.EIC_Handler
                0x00000d78       0x68 src/ASF/sam0/drivers/extint/extint_callback.o
                0x00000d78                EIC_Handler
 .text._extint_enable
                0x00000de0       0x18 src/ASF/sam0/drivers/extint/extint_sam_d_r/extint.o
 .text._system_extint_init
                0x00000df8       0x6c src/ASF/sam0/drivers/extint/extint_sam_d_r/extint.o
                0x00000df8                _system_extint_init
 .text.extint_chan_get_config_defaults
                0x00000e64       0x14 src/ASF/sam0/drivers/extint/extint_sam_d_r/extint.o
                0x00000e64                extint_chan_get_config_defaults
 .text.extint_chan_set_config
                0x00000e78       0x74 src/ASF/sam0/drivers/extint/extint_sam_d_r/extint.o
                0x00000e78                extint_chan_set_config
 .text.port_pin_set_config
                0x00000eec       0x24 src/ASF/sam0/drivers/port/port.o
                0x00000eec                port_pin_set_config
 .text._sercom_get_sync_baud_val
                0x00000f10       0x28 src/ASF/sam0/drivers/sercom/sercom.o
                0x00000f10                _sercom_get_sync_baud_val
 .text.sercom_set_gclk_generator
                0x00000f38       0x4c src/ASF/sam0/drivers/sercom/sercom.o
                0x00000f38                sercom_set_gclk_generator
 .text._sercom_get_default_pad
                0x00000f84      0x188 src/ASF/sam0/drivers/sercom/sercom.o
                0x00000f84                _sercom_get_default_pad
 .text._sercom_get_sercom_inst_index
                0x0000110c       0x3c src/ASF/sam0/drivers/sercom/sercom.o
                0x0000110c                _sercom_get_sercom_inst_index
 .text.spi_init
                0x00001148      0x320 src/ASF/sam0/drivers/sercom/spi/spi.o
                0x00001148                spi_init
 .text.spi_transceive_wait
                0x00001468       0xb4 src/ASF/sam0/drivers/sercom/spi/spi.o
                0x00001468                spi_transceive_wait
 .text.spi_select_slave
                0x0000151c       0xf4 src/ASF/sam0/drivers/sercom/spi/spi.o
                0x0000151c                spi_select_slave
 .text.system_clock_source_get_hz
                0x00001610       0x90 src/ASF/sam0/drivers/system/clock/clock_samd21_r21_da/clock.o
                0x00001610                system_clock_source_get_hz
 .text.system_clock_source_osc8m_set_config
                0x000016a0       0x3c src/ASF/sam0/drivers/system/clock/clock_samd21_r21_da/clock.o
                0x000016a0                system_clock_source_osc8m_set_config
 .text.system_clock_source_dfll_set_config
                0x000016dc       0x84 src/ASF/sam0/drivers/system/clock/clock_samd21_r21_da/clock.o
                0x000016dc                system_clock_source_dfll_set_config
 .text.system_clock_source_enable
                0x00001760       0xa8 src/ASF/sam0/drivers/system/clock/clock_samd21_r21_da/clock.o
                0x00001760                system_clock_source_enable
 .text.system_clock_init
                0x00001808       0xfc src/ASF/sam0/drivers/system/clock/clock_samd21_r21_da/clock.o
                0x00001808                system_clock_init
 .text.system_gclk_init
                0x00001904       0x24 src/ASF/sam0/drivers/system/clock/clock_samd21_r21_da/gclk.o
                0x00001904                system_gclk_init
 .text.system_gclk_gen_set_config
                0x00001928       0xb8 src/ASF/sam0/drivers/system/clock/clock_samd21_r21_da/gclk.o
                0x00001928                system_gclk_gen_set_config
 .text.system_gclk_gen_enable
                0x000019e0       0x44 src/ASF/sam0/drivers/system/clock/clock_samd21_r21_da/gclk.o
                0x000019e0                system_gclk_gen_enable
 .text.system_gclk_gen_get_hz
                0x00001a24       0x8c src/ASF/sam0/drivers/system/clock/clock_samd21_r21_da/gclk.o
                0x00001a24                system_gclk_gen_get_hz
 .text.system_gclk_chan_enable
                0x00001ab0       0x30 src/ASF/sam0/drivers/system/clock/clock_samd21_r21_da/gclk.o
                0x00001ab0                system_gclk_chan_enable
 .text.system_gclk_chan_disable
                0x00001ae0       0x5c src/ASF/sam0/drivers/system/clock/clock_samd21_r21_da/gclk.o
                0x00001ae0                system_gclk_chan_disable
 .text.system_gclk_chan_set_config
                0x00001b3c       0x1c src/ASF/sam0/drivers/system/clock/clock_samd21_r21_da/gclk.o
                0x00001b3c                system_gclk_chan_set_config
 .text.system_gclk_chan_get_hz
                0x00001b58       0x34 src/ASF/sam0/drivers/system/clock/clock_samd21_r21_da/gclk.o
                0x00001b58                system_gclk_chan_get_hz
 .text._system_pinmux_config
                0x00001b8c       0xa8 src/ASF/sam0/drivers/system/pinmux/pinmux.o
 .text.system_pinmux_pin_set_config
                0x00001c34       0x30 src/ASF/sam0/drivers/system/pinmux/pinmux.o
                0x00001c34                system_pinmux_pin_set_config
 .text._system_dummy_init
                0x00001c64        0x4 src/ASF/sam0/drivers/system/system.o
                0x00001c64                _system_events_init
                0x00001c64                _system_dummy_init
                0x00001c64                _system_divas_init
 .text.system_init
                0x00001c68       0x2c src/ASF/sam0/drivers/system/system.o
                0x00001c68                system_init
 .text.udd_sleep_mode
                0x00001c94       0xac src/ASF/sam0/drivers/usb/stack_interface/usb_device_udd.o
 .text.udd_ep_get_job
                0x00001d40       0x1c src/ASF/sam0/drivers/usb/stack_interface/usb_device_udd.o
 .text.udd_ep_transfer_process
                0x00001d5c      0x1ac src/ASF/sam0/drivers/usb/stack_interface/usb_device_udd.o
 .text.udd_ctrl_stall_data
                0x00001f08       0x2c src/ASF/sam0/drivers/usb/stack_interface/usb_device_udd.o
 .text._usb_device_lpm_suspend
                0x00001f34       0x58 src/ASF/sam0/drivers/usb/stack_interface/usb_device_udd.o
 .text._usb_on_wakeup
                0x00001f8c       0x70 src/ASF/sam0/drivers/usb/stack_interface/usb_device_udd.o
 .text._usb_on_bus_reset
                0x00001ffc       0xb0 src/ASF/sam0/drivers/usb/stack_interface/usb_device_udd.o
 .text.udd_ctrl_send_zlp_in
                0x000020ac       0x3c src/ASF/sam0/drivers/usb/stack_interface/usb_device_udd.o
 .text._usb_ep0_on_tansfer_fail
                0x000020e8       0x50 src/ASF/sam0/drivers/usb/stack_interface/usb_device_udd.o
 .text.udd_ctrl_in_sent
                0x00002138       0xa8 src/ASF/sam0/drivers/usb/stack_interface/usb_device_udd.o
 .text._usb_ep0_on_setup
                0x000021e0       0xe4 src/ASF/sam0/drivers/usb/stack_interface/usb_device_udd.o
 .text._usb_on_sof_notify
                0x000022c4       0x14 src/ASF/sam0/drivers/usb/stack_interface/usb_device_udd.o
 .text._usb_on_suspend
                0x000022d8       0x34 src/ASF/sam0/drivers/usb/stack_interface/usb_device_udd.o
 .text.udd_ep_abort
                0x0000230c       0x3c src/ASF/sam0/drivers/usb/stack_interface/usb_device_udd.o
                0x0000230c                udd_ep_abort
 .text.udd_get_frame_number
                0x00002348       0x10 src/ASF/sam0/drivers/usb/stack_interface/usb_device_udd.o
                0x00002348                udd_get_frame_number
 .text.udd_ep_free
                0x00002358       0x58 src/ASF/sam0/drivers/usb/stack_interface/usb_device_udd.o
                0x00002358                udd_ep_free
 .text.udd_ep_alloc
                0x000023b0      0x108 src/ASF/sam0/drivers/usb/stack_interface/usb_device_udd.o
                0x000023b0                udd_ep_alloc
 .text.udd_ep_is_halted
                0x000024b8       0x14 src/ASF/sam0/drivers/usb/stack_interface/usb_device_udd.o
                0x000024b8                udd_ep_is_halted
 .text.udd_ep_set_halt
                0x000024cc       0x2c src/ASF/sam0/drivers/usb/stack_interface/usb_device_udd.o
                0x000024cc                udd_ep_set_halt
 .text._usb_ep0_on_tansfer_ok
                0x000024f8      0x100 src/ASF/sam0/drivers/usb/stack_interface/usb_device_udd.o
 .text.udd_ep_clear_halt
                0x000025f8       0x44 src/ASF/sam0/drivers/usb/stack_interface/usb_device_udd.o
                0x000025f8                udd_ep_clear_halt
 .text.udd_set_address
                0x0000263c       0x10 src/ASF/sam0/drivers/usb/stack_interface/usb_device_udd.o
                0x0000263c                udd_set_address
 .text.udd_getaddress
                0x0000264c       0x10 src/ASF/sam0/drivers/usb/stack_interface/usb_device_udd.o
                0x0000264c                udd_getaddress
 .text.udd_send_remotewakeup
                0x0000265c       0x58 src/ASF/sam0/drivers/usb/stack_interface/usb_device_udd.o
                0x0000265c                udd_send_remotewakeup
 .text.udd_set_setup_payload
                0x000026b4        0xc src/ASF/sam0/drivers/usb/stack_interface/usb_device_udd.o
                0x000026b4                udd_set_setup_payload
 .text.udd_detach
                0x000026c0       0x20 src/ASF/sam0/drivers/usb/stack_interface/usb_device_udd.o
                0x000026c0                udd_detach
 .text.udd_attach
                0x000026e0       0x84 src/ASF/sam0/drivers/usb/stack_interface/usb_device_udd.o
                0x000026e0                udd_attach
 .text._uhd_vbus_handler
                0x00002764       0x3c src/ASF/sam0/drivers/usb/stack_interface/usb_device_udd.o
 .text.udd_enable
                0x000027a0       0xf0 src/ASF/sam0/drivers/usb/stack_interface/usb_device_udd.o
                0x000027a0                udd_enable
 .text.usb_device_register_callback
                0x00002890       0x24 src/ASF/sam0/drivers/usb/usb_sam_d_r/usb.o
                0x00002890                usb_device_register_callback
 .text.usb_device_enable_callback
                0x000028b4       0x20 src/ASF/sam0/drivers/usb/usb_sam_d_r/usb.o
                0x000028b4                usb_device_enable_callback
 .text.usb_device_disable_callback
                0x000028d4       0x1c src/ASF/sam0/drivers/usb/usb_sam_d_r/usb.o
                0x000028d4                usb_device_disable_callback
 .text.usb_device_endpoint_register_callback
                0x000028f0       0x28 src/ASF/sam0/drivers/usb/usb_sam_d_r/usb.o
                0x000028f0                usb_device_endpoint_register_callback
 .text.usb_device_endpoint_unregister_callback
                0x00002918       0x28 src/ASF/sam0/drivers/usb/usb_sam_d_r/usb.o
                0x00002918                usb_device_endpoint_unregister_callback
 .text.usb_device_endpoint_enable_callback
                0x00002940       0xdc src/ASF/sam0/drivers/usb/usb_sam_d_r/usb.o
                0x00002940                usb_device_endpoint_enable_callback
 .text.usb_device_endpoint_disable_callback
                0x00002a1c       0xdc src/ASF/sam0/drivers/usb/usb_sam_d_r/usb.o
                0x00002a1c                usb_device_endpoint_disable_callback
 .text.usb_device_endpoint_get_config_defaults
                0x00002af8       0x10 src/ASF/sam0/drivers/usb/usb_sam_d_r/usb.o
                0x00002af8                usb_device_endpoint_get_config_defaults
 .text.usb_device_endpoint_set_config
                0x00002b08      0x258 src/ASF/sam0/drivers/usb/usb_sam_d_r/usb.o
                0x00002b08                usb_device_endpoint_set_config
 .text.usb_device_endpoint_abort_job
                0x00002d60       0x38 src/ASF/sam0/drivers/usb/usb_sam_d_r/usb.o
                0x00002d60                usb_device_endpoint_abort_job
 .text.usb_device_endpoint_is_halted
                0x00002d98       0x2c src/ASF/sam0/drivers/usb/usb_sam_d_r/usb.o
                0x00002d98                usb_device_endpoint_is_halted
 .text.usb_device_endpoint_set_halt
                0x00002dc4       0x28 src/ASF/sam0/drivers/usb/usb_sam_d_r/usb.o
                0x00002dc4                usb_device_endpoint_set_halt
 .text.usb_device_endpoint_clear_halt
                0x00002dec       0x88 src/ASF/sam0/drivers/usb/usb_sam_d_r/usb.o
                0x00002dec                usb_device_endpoint_clear_halt
 .text.usb_device_endpoint_write_buffer_job
                0x00002e74       0x50 src/ASF/sam0/drivers/usb/usb_sam_d_r/usb.o
                0x00002e74                usb_device_endpoint_write_buffer_job
 .text.usb_device_endpoint_read_buffer_job
                0x00002ec4       0x4c src/ASF/sam0/drivers/usb/usb_sam_d_r/usb.o
                0x00002ec4                usb_device_endpoint_read_buffer_job
 .text.usb_device_endpoint_setup_buffer_job
                0x00002f10       0x30 src/ASF/sam0/drivers/usb/usb_sam_d_r/usb.o
                0x00002f10                usb_device_endpoint_setup_buffer_job
 .text.usb_enable
                0x00002f40       0x14 src/ASF/sam0/drivers/usb/usb_sam_d_r/usb.o
                0x00002f40                usb_enable
 .text.USB_Handler
                0x00002f54      0x594 src/ASF/sam0/drivers/usb/usb_sam_d_r/usb.o
                0x00002f54                USB_Handler
 .text.usb_get_config_defaults
                0x000034e8       0x10 src/ASF/sam0/drivers/usb/usb_sam_d_r/usb.o
                0x000034e8                usb_get_config_defaults
 .text.usb_init
                0x000034f8      0x1f4 src/ASF/sam0/drivers/usb/usb_sam_d_r/usb.o
                0x000034f8                usb_init
 .text.Dummy_Handler
                0x000036ec        0x4 src/ASF/sam0/utils/cmsis/samd21/source/gcc/startup_samd21.o
                0x000036ec                DMAC_Handler
                0x000036ec                HardFault_Handler
                0x000036ec                AC_Handler
                0x000036ec                SysTick_Handler
                0x000036ec                PendSV_Handler
                0x000036ec                NMI_Handler
                0x000036ec                SERCOM1_Handler
                0x000036ec                ADC_Handler
                0x000036ec                TCC1_Handler
                0x000036ec                SERCOM2_Handler
                0x000036ec                TCC0_Handler
                0x000036ec                RTC_Handler
                0x000036ec                WDT_Handler
                0x000036ec                TC4_Handler
                0x000036ec                TC3_Handler
                0x000036ec                Dummy_Handler
                0x000036ec                PM_Handler
                0x000036ec                SERCOM5_Handler
                0x000036ec                SVC_Handler
                0x000036ec                TCC2_Handler
                0x000036ec                EVSYS_Handler
                0x000036ec                SERCOM3_Handler
                0x000036ec                SERCOM4_Handler
                0x000036ec                I2S_Handler
                0x000036ec                NVMCTRL_Handler
                0x000036ec                SERCOM0_Handler
                0x000036ec                DAC_Handler
                0x000036ec                PTC_Handler
                0x000036ec                TC5_Handler
                0x000036ec                SYSCTRL_Handler
 .text.Reset_Handler
                0x000036f0       0xf8 src/ASF/sam0/utils/cmsis/samd21/source/gcc/startup_samd21.o
                0x000036f0                Reset_Handler
 .text.configure_port_pins
                0x000037e8       0x20 src/main.o
                0x000037e8                configure_port_pins
 .text.configure_extint_channel
                0x00003808       0x30 src/main.o
                0x00003808                configure_extint_channel
 .text.configure_extint_callbacks
                0x00003838       0x24 src/main.o
                0x00003838                configure_extint_callbacks
 .text.configure_RFM69_spi
                0x0000385c       0xd8 src/main.o
                0x0000385c                configure_RFM69_spi
 .text.configure_rtc_count
                0x00003934       0x4c src/main.o
                0x00003934                configure_rtc_count
 .text.reset_millis
                0x00003980       0x20 src/main.o
                0x00003980                reset_millis
 .text.millis   0x000039a0       0x20 src/main.o
                0x000039a0                millis
 .text.RFM69    0x000039c0       0x28 src/main.o
                0x000039c0                RFM69
 .text.selectrf
                0x000039e8       0x2c src/main.o
                0x000039e8                selectrf
 .text.maybeInterrupts
                0x00003a14       0x20 src/main.o
                0x00003a14                maybeInterrupts
 .text.unselect
                0x00003a34       0x24 src/main.o
                0x00003a34                unselect
 .text.readReg  0x00003a58       0x50 src/main.o
                0x00003a58                readReg
 .text.readRSSI
                0x00003aa8       0x2c src/main.o
                0x00003aa8                readRSSI
 .text.writeReg
                0x00003ad4       0x3c src/main.o
                0x00003ad4                writeReg
 .text.RFM_setHighPower
                0x00003b10       0x54 src/main.o
                0x00003b10                RFM_setHighPower
 .text.setHighPowerRegs
                0x00003b64       0x30 src/main.o
                0x00003b64                setHighPowerRegs
 .text.setMode  0x00003b94       0xe4 src/main.o
                0x00003b94                setMode
 .text.receiveBegin
                0x00003c78       0x74 src/main.o
                0x00003c78                receiveBegin
 .text.interruptHandler
                0x00003cec      0x174 src/main.o
                0x00003cec                interruptHandler
 .text.isr0     0x00003e60       0x1c src/main.o
 .text.RFM_encrypt
                0x00003e7c       0x80 src/main.o
                0x00003e7c                RFM_encrypt
 .text.RFM_initialize
                0x00003efc      0x254 src/main.o
                0x00003efc                RFM_initialize
 .text.main     0x00004150       0x6c src/main.o
                0x00004150                main
 .text.main_suspend_action
                0x000041bc        0xc src/main.o
                0x000041bc                main_suspend_action
 .text.main_resume_action
                0x000041c8        0xc src/main.o
                0x000041c8                main_resume_action
 .text.main_sof_action
                0x000041d4       0x20 src/main.o
                0x000041d4                main_sof_action
 .text.main_remotewakeup_enable
                0x000041f4        0xc src/main.o
                0x000041f4                main_remotewakeup_enable
 .text.main_remotewakeup_disable
                0x00004200        0xc src/main.o
                0x00004200                main_remotewakeup_disable
 .text.main_suspend_lpm_action
                0x0000420c        0xc src/main.o
                0x0000420c                main_suspend_lpm_action
 .text.main_remotewakeup_lpm_disable
                0x00004218        0xc src/main.o
                0x00004218                main_remotewakeup_lpm_disable
 .text.main_remotewakeup_lpm_enable
                0x00004224        0xc src/main.o
                0x00004224                main_remotewakeup_lpm_enable
 .text.main_mouse_enable
                0x00004230       0x10 src/main.o
                0x00004230                main_mouse_enable
 .text.main_mouse_disable
                0x00004240        0xc src/main.o
                0x00004240                main_mouse_disable
 .text          0x0000424c      0x114 c:/program files (x86)/atmel/studio/7.0/toolchain/arm/arm-gnu-toolchain/bin/../lib/gcc/arm-none-eabi/5.3.1/armv6-m\libgcc.a(_udivsi3.o)
                0x0000424c                __aeabi_uidiv
                0x0000424c                __udivsi3
                0x00004358                __aeabi_uidivmod
 .text          0x00004360      0x1d4 c:/program files (x86)/atmel/studio/7.0/toolchain/arm/arm-gnu-toolchain/bin/../lib/gcc/arm-none-eabi/5.3.1/armv6-m\libgcc.a(_divsi3.o)
                0x00004360                __divsi3
                0x00004360                __aeabi_idiv
                0x0000452c                __aeabi_idivmod
 .text          0x00004534        0x4 c:/program files (x86)/atmel/studio/7.0/toolchain/arm/arm-gnu-toolchain/bin/../lib/gcc/arm-none-eabi/5.3.1/armv6-m\libgcc.a(_dvmd_tls.o)
                0x00004534                __aeabi_idiv0
                0x00004534                __aeabi_ldiv0
 .text          0x00004538       0x40 c:/program files (x86)/atmel/studio/7.0/toolchain/arm/arm-gnu-toolchain/bin/../lib/gcc/arm-none-eabi/5.3.1/armv6-m\libgcc.a(_ctzsi2.o)
                0x00004538                __ctzsi2
 .text.__libc_init_array
                0x00004578       0x4c c:/program files (x86)/atmel/studio/7.0/toolchain/arm/arm-gnu-toolchain/bin/../lib/gcc/arm-none-eabi/5.3.1/../../../../arm-none-eabi/lib/armv6-m\libc_nano.a(lib_a-init.o)
                0x00004578                __libc_init_array
 .text.memcpy   0x000045c4       0x12 c:/program files (x86)/atmel/studio/7.0/toolchain/arm/arm-gnu-toolchain/bin/../lib/gcc/arm-none-eabi/5.3.1/../../../../arm-none-eabi/lib/armv6-m\libc_nano.a(lib_a-memcpy-stub.o)
                0x000045c4                memcpy
 .text.memset   0x000045d6       0x10 c:/program files (x86)/atmel/studio/7.0/toolchain/arm/arm-gnu-toolchain/bin/../lib/gcc/arm-none-eabi/5.3.1/../../../../arm-none-eabi/lib/armv6-m\libc_nano.a(lib_a-memset.o)
                0x000045d6                memset
 *(.glue_7t)
 .glue_7t       0x000045e6        0x0 linker stubs
 *(.glue_7)
 .glue_7        0x000045e6        0x0 linker stubs
 *(.rodata .rodata* .gnu.linkonce.r.*)
 *fill*         0x000045e6        0x2 
 .rodata        0x000045e8       0x18 src/ASF/sam0/drivers/sercom/sercom.o
 .rodata.system_clock_source_get_hz
                0x00004600       0x24 src/ASF/sam0/drivers/system/clock/clock_samd21_r21_da/clock.o
 .rodata.system_clock_source_enable
                0x00004624       0x24 src/ASF/sam0/drivers/system/clock/clock_samd21_r21_da/clock.o
 .rodata        0x00004648        0x4 src/ASF/sam0/drivers/usb/stack_interface/usb_device_udd.o
 .rodata.usb_device_endpoint_set_config
                0x0000464c       0x14 src/ASF/sam0/drivers/usb/usb_sam_d_r/usb.o
 .rodata._usb_device_irq_bits
                0x00004660        0xe src/ASF/sam0/drivers/usb/usb_sam_d_r/usb.o
 *fill*         0x0000466e        0x2 
 .rodata._usb_endpoint_irq_bits
                0x00004670        0x4 src/ASF/sam0/drivers/usb/usb_sam_d_r/usb.o
 .rodata.setMode
                0x00004674       0x14 src/main.o
 .rodata.str1.4
                0x00004688       0x14 src/main.o
                                 0x11 (size before relaxing)
 *(.ARM.extab* .gnu.linkonce.armextab.*)
                0x0000469c                . = ALIGN (0x4)
 *(.init)
 .init          0x0000469c        0x4 c:/program files (x86)/atmel/studio/7.0/toolchain/arm/arm-gnu-toolchain/bin/../lib/gcc/arm-none-eabi/5.3.1/armv6-m/crti.o
                0x0000469c                _init
 .init          0x000046a0        0x8 c:/program files (x86)/atmel/studio/7.0/toolchain/arm/arm-gnu-toolchain/bin/../lib/gcc/arm-none-eabi/5.3.1/armv6-m/crtn.o
                0x000046a8                . = ALIGN (0x4)
                0x000046a8                __preinit_array_start = .
 *(.preinit_array)
                0x000046a8                __preinit_array_end = .
                0x000046a8                . = ALIGN (0x4)
                0x000046a8                __init_array_start = .
 *(SORT(.init_array.*))
 *(.init_array)
 .init_array    0x000046a8        0x4 c:/program files (x86)/atmel/studio/7.0/toolchain/arm/arm-gnu-toolchain/bin/../lib/gcc/arm-none-eabi/5.3.1/armv6-m/crtbegin.o
                0x000046ac                __init_array_end = .
                0x000046ac                . = ALIGN (0x4)
 *crtbegin.o(.ctors)
 *(EXCLUDE_FILE(*crtend.o) .ctors)
 *(SORT(.ctors.*))
 *crtend.o(.ctors)
                0x000046ac                . = ALIGN (0x4)
 *(.fini)
 .fini          0x000046ac        0x4 c:/program files (x86)/atmel/studio/7.0/toolchain/arm/arm-gnu-toolchain/bin/../lib/gcc/arm-none-eabi/5.3.1/armv6-m/crti.o
                0x000046ac                _fini
 .fini          0x000046b0        0x8 c:/program files (x86)/atmel/studio/7.0/toolchain/arm/arm-gnu-toolchain/bin/../lib/gcc/arm-none-eabi/5.3.1/armv6-m/crtn.o
                0x000046b8                . = ALIGN (0x4)
                0x000046b8                __fini_array_start = .
 *(.fini_array)
 .fini_array    0x000046b8        0x4 c:/program files (x86)/atmel/studio/7.0/toolchain/arm/arm-gnu-toolchain/bin/../lib/gcc/arm-none-eabi/5.3.1/armv6-m/crtbegin.o
 *(SORT(.fini_array.*))
                0x000046bc                __fini_array_end = .
 *crtbegin.o(.dtors)
 *(EXCLUDE_FILE(*crtend.o) .dtors)
 *(SORT(.dtors.*))
 *crtend.o(.dtors)
                0x000046bc                . = ALIGN (0x4)
                0x000046bc                _efixed = .
                [!provide]                PROVIDE (__exidx_start, .)

.vfp11_veneer   0x000046bc        0x0
 .vfp11_veneer  0x000046bc        0x0 linker stubs

.v4_bx          0x000046bc        0x0
 .v4_bx         0x000046bc        0x0 linker stubs

.iplt           0x000046bc        0x0
 .iplt          0x000046bc        0x0 c:/program files (x86)/atmel/studio/7.0/toolchain/arm/arm-gnu-toolchain/bin/../lib/gcc/arm-none-eabi/5.3.1/armv6-m/crtbegin.o

.eh_frame       0x000046bc        0x0
 .eh_frame      0x000046bc        0x0 c:/program files (x86)/atmel/studio/7.0/toolchain/arm/arm-gnu-toolchain/bin/../lib/gcc/arm-none-eabi/5.3.1/armv6-m/crtbegin.o

.rel.dyn        0x000046bc        0x0
 .rel.iplt      0x000046bc        0x0 c:/program files (x86)/atmel/studio/7.0/toolchain/arm/arm-gnu-toolchain/bin/../lib/gcc/arm-none-eabi/5.3.1/armv6-m/crtbegin.o

.jcr            0x000046bc        0x0
 .jcr           0x000046bc        0x0 c:/program files (x86)/atmel/studio/7.0/toolchain/arm/arm-gnu-toolchain/bin/../lib/gcc/arm-none-eabi/5.3.1/armv6-m/crtbegin.o

.igot.plt       0x000046bc        0x0
 .igot.plt      0x000046bc        0x0 c:/program files (x86)/atmel/studio/7.0/toolchain/arm/arm-gnu-toolchain/bin/../lib/gcc/arm-none-eabi/5.3.1/armv6-m/crtbegin.o

.ARM.exidx
 *(.ARM.exidx* .gnu.linkonce.armexidx.*)
                [!provide]                PROVIDE (__exidx_end, .)
                0x000046bc                . = ALIGN (0x4)
                0x000046bc                _etext = .

.relocate       0x20000000       0xdc load address 0x000046bc
                0x20000000                . = ALIGN (0x4)
                0x20000000                _srelocate = .
 *(.ramfunc .ramfunc.*)
 *(.data .data.*)
 .data.udi_api_hid_mouse
                0x20000000       0x14 src/ASF/common/services/usb/class/hid/device/mouse/udi_hid_mouse.o
                0x20000000                udi_api_hid_mouse
 .data.udi_hid_mouse_report_desc
                0x20000014       0x35 src/ASF/common/services/usb/class/hid/device/mouse/udi_hid_mouse.o
                0x20000014                udi_hid_mouse_report_desc
 *fill*         0x20000049        0x3 
 .data.udc_desc
                0x2000004c       0x22 src/ASF/common/services/usb/class/hid/device/mouse/udi_hid_mouse_desc.o
                0x2000004c                udc_desc
 *fill*         0x2000006e        0x2 
 .data.udc_device_lpm
                0x20000070        0xc src/ASF/common/services/usb/class/hid/device/mouse/udi_hid_mouse_desc.o
                0x20000070                udc_device_lpm
 .data.udc_config_fshs
                0x2000007c        0x8 src/ASF/common/services/usb/class/hid/device/mouse/udi_hid_mouse_desc.o
                0x2000007c                udc_config_fshs
 .data.udc_config
                0x20000084        0xc src/ASF/common/services/usb/class/hid/device/mouse/udi_hid_mouse_desc.o
                0x20000084                udc_config
 .data.udi_apis
                0x20000090        0x4 src/ASF/common/services/usb/class/hid/device/mouse/udi_hid_mouse_desc.o
                0x20000090                udi_apis
 .data.udc_device_desc
                0x20000094       0x12 src/ASF/common/services/usb/class/hid/device/mouse/udi_hid_mouse_desc.o
                0x20000094                udc_device_desc
 *fill*         0x200000a6        0x2 
 .data.udc_string_product_name
                0x200000a8        0xa src/ASF/common/services/usb/udc/udc.o
 *fill*         0x200000b2        0x2 
 .data.udc_string_manufacturer_name
                0x200000b4        0xa src/ASF/common/services/usb/udc/udc.o
 *fill*         0x200000be        0x2 
 .data.udc_string_desc
                0x200000c0       0x14 src/ASF/common/services/usb/udc/udc.o
 .data.udc_string_desc_languageid
                0x200000d4        0x4 src/ASF/common/services/usb/udc/udc.o
 .data.g_interrupt_enabled
                0x200000d8        0x1 src/ASF/common/utils/interrupt/interrupt_sam_nvic.o
                0x200000d8                g_interrupt_enabled
                0x200000dc                . = ALIGN (0x4)
 *fill*         0x200000d9        0x3 
                0x200000dc                _erelocate = .

.bss            0x200000dc      0x484 load address 0x00004798
                0x200000dc                . = ALIGN (0x4)
                0x200000dc                _sbss = .
                0x200000dc                _szero = .
 *(.bss .bss.*)
 .bss           0x200000dc       0x1c c:/program files (x86)/atmel/studio/7.0/toolchain/arm/arm-gnu-toolchain/bin/../lib/gcc/arm-none-eabi/5.3.1/armv6-m/crtbegin.o
 .bss.cpt_sof.13525
                0x200000f8        0x1 src/ASF/common/services/usb/class/hid/device/mouse/example/samd21j18a_samd21_xplained_pro/ui.o
 *fill*         0x200000f9        0x3 
 .bss.udi_hid_mouse_report
                0x200000fc        0x7 src/ASF/common/services/usb/class/hid/device/mouse/udi_hid_mouse.o
 .bss.udi_hid_mouse_report_trans_ongoing
                0x20000103        0x1 src/ASF/common/services/usb/class/hid/device/mouse/udi_hid_mouse.o
 .bss.udi_hid_mouse_protocol
                0x20000104        0x1 src/ASF/common/services/usb/class/hid/device/mouse/udi_hid_mouse.o
 *fill*         0x20000105        0x3 
 .bss.udi_hid_mouse_rate
                0x20000108        0x1 src/ASF/common/services/usb/class/hid/device/mouse/udi_hid_mouse.o
 .bss.udi_hid_mouse_b_report_valid
                0x20000109        0x1 src/ASF/common/services/usb/class/hid/device/mouse/udi_hid_mouse.o
 .bss.udc_ep_status.12048
                0x2000010a        0x2 src/ASF/common/services/usb/udc/udc.o
 .bss.udc_ptr_conf
                0x2000010c        0x4 src/ASF/common/services/usb/udc/udc.o
 .bss.udc_iface_setting
                0x20000110        0x1 src/ASF/common/services/usb/udc/udc.o
 *fill*         0x20000111        0x1 
 .bss.udc_device_status
                0x20000112        0x2 src/ASF/common/services/usb/udc/udc.o
 .bss.udc_num_configuration
                0x20000114        0x1 src/ASF/common/services/usb/udc/udc.o
 *fill*         0x20000115        0x3 
 .bss.udc_ptr_iface
                0x20000118        0x4 src/ASF/common/services/usb/udc/udc.o
 .bss.cpu_irq_critical_section_counter
                0x2000011c        0x4 src/ASF/common/utils/interrupt/interrupt_sam_nvic.o
 .bss.cpu_irq_prev_interrupt_state
                0x20000120        0x1 src/ASF/common/utils/interrupt/interrupt_sam_nvic.o
 *fill*         0x20000121        0x3 
 .bss._sercom_config
                0x20000124        0x2 src/ASF/sam0/drivers/sercom/sercom.o
 *fill*         0x20000126        0x2 
 .bss._system_clock_inst
                0x20000128       0x18 src/ASF/sam0/drivers/system/clock/clock_samd21_r21_da/clock.o
 .bss.udd_ctrl_prev_payload_nb_trans
                0x20000140        0x2 src/ASF/sam0/drivers/usb/stack_interface/usb_device_udd.o
 .bss.b_shortpacket.13316
                0x20000142        0x1 src/ASF/sam0/drivers/usb/stack_interface/usb_device_udd.o
 .bss.udd_state.13173
                0x20000143        0x1 src/ASF/sam0/drivers/usb/stack_interface/usb_device_udd.o
 .bss.udd_ep_job
                0x20000144       0x28 src/ASF/sam0/drivers/usb/stack_interface/usb_device_udd.o
 .bss.udd_ctrl_payload_nb_trans
                0x2000016c        0x2 src/ASF/sam0/drivers/usb/stack_interface/usb_device_udd.o
 .bss.udd_ep_control_state
                0x2000016e        0x1 src/ASF/sam0/drivers/usb/stack_interface/usb_device_udd.o
 *fill*         0x2000016f        0x1 
 .bss.device_callback_lpm_wakeup_enable
                0x20000170        0x4 src/ASF/sam0/drivers/usb/usb_sam_d_r/usb.o
 .bss.pipe_callback_para
                0x20000174        0x6 src/ASF/sam0/drivers/usb/usb_sam_d_r/usb.o
 *fill*         0x2000017a        0x2 
 .bss.host_pipe_job_busy_status
                0x2000017c        0x4 src/ASF/sam0/drivers/usb/usb_sam_d_r/usb.o
                0x2000017c                host_pipe_job_busy_status
 .bss.ep_callback_para
                0x20000180        0x8 src/ASF/sam0/drivers/usb/usb_sam_d_r/usb.o
 .bss._usb_instances
                0x20000188        0x4 src/ASF/sam0/drivers/usb/usb_sam_d_r/usb.o
 .bss.read_buf  0x2000018c        0x2 src/main.o
                0x2000018c                read_buf
 .bss.main_b_mouse_enable
                0x2000018e        0x1 src/main.o
 *(COMMON)
 *fill*         0x2000018f        0x1 
 COMMON         0x20000190        0x4 src/ASF/sam0/drivers/rtc/rtc_sam_d_r/rtc_count.o
                0x20000190                _rtc_instance
 COMMON         0x20000194        0x5 src/ASF/common/services/sleepmgr/samd/sleepmgr.o
                0x20000194                sleepmgr_locks
 COMMON         0x20000199        0x1 src/ASF/sam0/drivers/extint/extint_callback.o
                0x20000199                _current_channel
 *fill*         0x2000019a        0x2 
 COMMON         0x2000019c       0x40 src/ASF/sam0/drivers/extint/extint_sam_d_r/extint.o
                0x2000019c                _extint_dev
 COMMON         0x200001dc      0x1c8 src/ASF/sam0/drivers/usb/stack_interface/usb_device_udd.o
                0x200001dc                udd_ep_out_cache_buffer
                0x2000021c                usb_device
                0x20000384                udd_g_ctrlreq
                0x2000039c                udd_ctrl_buffer
 COMMON         0x200003a4      0x100 src/ASF/sam0/drivers/usb/usb_sam_d_r/usb.o
                0x200003a4                usb_descriptor_table
 COMMON         0x200004a4       0xbb src/main.o
                0x200004a4                _interruptNum
                0x200004a6                RFM_SENDERID
                0x200004a8                rtc_instance
                0x200004b0                _powerLevel
                0x200004b1                _inISR
                0x200004b2                _address
                0x200004b4                LEDSPIbuffer
                0x200004bc                ACK_RECEIVED
                0x200004be                RFM_DATALEN
                0x200004c0                _promiscuousMode
                0x200004c1                _interruptPin
                0x200004c4                RFM_DATA
                0x2000053e                _slaveSelectPin
                0x20000540                PAYLOADLEN
                0x20000542                ACK_REQUESTED
                0x20000544                TARGETID
                0x20000546                _mode
                0x20000548                _isRFM69HW
                0x2000054c                spi_master_instance
                0x20000558                RFM_RSSI
                0x2000055c                slave
                0x20000560                . = ALIGN (0x4)
 *fill*         0x2000055f        0x1 
                0x20000560                _ebss = .
                0x20000560                _ezero = .

.stack          0x20000560     0x2000 load address 0x00004c1c
                0x20000560                . = ALIGN (0x8)
                0x20000560                _sstack = .
                0x20002560                . = (. + STACK_SIZE)
 *fill*         0x20000560     0x2000 
                0x20002560                . = ALIGN (0x8)
                0x20002560                _estack = .
                0x20002560                . = ALIGN (0x4)
                0x20002560                _end = .
OUTPUT(Dongle Module.elf elf32-littlearm)

.ARM.attributes
                0x00000000       0x28
 .ARM.attributes
                0x00000000       0x1e c:/program files (x86)/atmel/studio/7.0/toolchain/arm/arm-gnu-toolchain/bin/../lib/gcc/arm-none-eabi/5.3.1/armv6-m/crti.o
 .ARM.attributes
                0x0000001e       0x2c c:/program files (x86)/atmel/studio/7.0/toolchain/arm/arm-gnu-toolchain/bin/../lib/gcc/arm-none-eabi/5.3.1/armv6-m/crtbegin.o
 .ARM.attributes
                0x0000004a       0x32 src/ASF/sam0/drivers/rtc/rtc_sam_d_r/rtc_count.o
 .ARM.attributes
                0x0000007c       0x32 src/ASF/common/services/usb/class/hid/device/mouse/example/samd21j18a_samd21_xplained_pro/ui.o
 .ARM.attributes
                0x000000ae       0x32 src/ASF/common/services/sleepmgr/samd/sleepmgr.o
 .ARM.attributes
                0x000000e0       0x32 src/ASF/common/services/usb/class/hid/device/mouse/udi_hid_mouse.o
 .ARM.attributes
                0x00000112       0x32 src/ASF/common/services/usb/class/hid/device/mouse/udi_hid_mouse_desc.o
 .ARM.attributes
                0x00000144       0x32 src/ASF/common/services/usb/class/hid/device/udi_hid.o
 .ARM.attributes
                0x00000176       0x32 src/ASF/common/services/usb/udc/udc.o
 .ARM.attributes
                0x000001a8       0x32 src/ASF/common/utils/interrupt/interrupt_sam_nvic.o
 .ARM.attributes
                0x000001da       0x32 src/ASF/sam0/boards/samd21_xplained_pro/board_init.o
 .ARM.attributes
                0x0000020c       0x32 src/ASF/sam0/drivers/extint/extint_callback.o
 .ARM.attributes
                0x0000023e       0x32 src/ASF/sam0/drivers/extint/extint_sam_d_r/extint.o
 .ARM.attributes
                0x00000270       0x32 src/ASF/sam0/drivers/port/port.o
 .ARM.attributes
                0x000002a2       0x32 src/ASF/sam0/drivers/sercom/sercom.o
 .ARM.attributes
                0x000002d4       0x32 src/ASF/sam0/drivers/sercom/spi/spi.o
 .ARM.attributes
                0x00000306       0x32 src/ASF/sam0/drivers/system/clock/clock_samd21_r21_da/clock.o
 .ARM.attributes
                0x00000338       0x32 src/ASF/sam0/drivers/system/clock/clock_samd21_r21_da/gclk.o
 .ARM.attributes
                0x0000036a       0x32 src/ASF/sam0/drivers/system/pinmux/pinmux.o
 .ARM.attributes
                0x0000039c       0x32 src/ASF/sam0/drivers/system/system.o
 .ARM.attributes
                0x000003ce       0x32 src/ASF/sam0/drivers/usb/stack_interface/usb_device_udd.o
 .ARM.attributes
                0x00000400       0x32 src/ASF/sam0/drivers/usb/usb_sam_d_r/usb.o
 .ARM.attributes
                0x00000432       0x32 src/ASF/sam0/utils/cmsis/samd21/source/gcc/startup_samd21.o
 .ARM.attributes
                0x00000464       0x32 src/main.o
 .ARM.attributes
                0x00000496       0x1e c:/program files (x86)/atmel/studio/7.0/toolchain/arm/arm-gnu-toolchain/bin/../lib/gcc/arm-none-eabi/5.3.1/armv6-m\libgcc.a(_udivsi3.o)
 .ARM.attributes
                0x000004b4       0x1e c:/program files (x86)/atmel/studio/7.0/toolchain/arm/arm-gnu-toolchain/bin/../lib/gcc/arm-none-eabi/5.3.1/armv6-m\libgcc.a(_divsi3.o)
 .ARM.attributes
                0x000004d2       0x1e c:/program files (x86)/atmel/studio/7.0/toolchain/arm/arm-gnu-toolchain/bin/../lib/gcc/arm-none-eabi/5.3.1/armv6-m\libgcc.a(_dvmd_tls.o)
 .ARM.attributes
                0x000004f0       0x1e c:/program files (x86)/atmel/studio/7.0/toolchain/arm/arm-gnu-toolchain/bin/../lib/gcc/arm-none-eabi/5.3.1/armv6-m\libgcc.a(_ctzsi2.o)
 .ARM.attributes
                0x0000050e       0x2c c:/program files (x86)/atmel/studio/7.0/toolchain/arm/arm-gnu-toolchain/bin/../lib/gcc/arm-none-eabi/5.3.1/../../../../arm-none-eabi/lib/armv6-m\libc_nano.a(lib_a-init.o)
 .ARM.attributes
                0x0000053a       0x2c c:/program files (x86)/atmel/studio/7.0/toolchain/arm/arm-gnu-toolchain/bin/../lib/gcc/arm-none-eabi/5.3.1/../../../../arm-none-eabi/lib/armv6-m\libc_nano.a(lib_a-memcpy-stub.o)
 .ARM.attributes
                0x00000566       0x2c c:/program files (x86)/atmel/studio/7.0/toolchain/arm/arm-gnu-toolchain/bin/../lib/gcc/arm-none-eabi/5.3.1/../../../../arm-none-eabi/lib/armv6-m\libc_nano.a(lib_a-memset.o)
 .ARM.attributes
                0x00000592       0x1e c:/program files (x86)/atmel/studio/7.0/toolchain/arm/arm-gnu-toolchain/bin/../lib/gcc/arm-none-eabi/5.3.1/armv6-m/crtn.o

.comment        0x00000000       0x59
 .comment       0x00000000       0x59 src/ASF/sam0/drivers/rtc/rtc_sam_d_r/rtc_count.o
                                 0x5a (size before relaxing)
 .comment       0x00000059       0x5a src/ASF/common/services/usb/class/hid/device/mouse/example/samd21j18a_samd21_xplained_pro/ui.o
 .comment       0x00000059       0x5a src/ASF/common/services/sleepmgr/samd/sleepmgr.o
 .comment       0x00000059       0x5a src/ASF/common/services/usb/class/hid/device/mouse/udi_hid_mouse.o
 .comment       0x00000059       0x5a src/ASF/common/services/usb/class/hid/device/mouse/udi_hid_mouse_desc.o
 .comment       0x00000059       0x5a src/ASF/common/services/usb/class/hid/device/udi_hid.o
 .comment       0x00000059       0x5a src/ASF/common/services/usb/udc/udc.o
 .comment       0x00000059       0x5a src/ASF/common/utils/interrupt/interrupt_sam_nvic.o
 .comment       0x00000059       0x5a src/ASF/sam0/boards/samd21_xplained_pro/board_init.o
 .comment       0x00000059       0x5a src/ASF/sam0/drivers/extint/extint_callback.o
 .comment       0x00000059       0x5a src/ASF/sam0/drivers/extint/extint_sam_d_r/extint.o
 .comment       0x00000059       0x5a src/ASF/sam0/drivers/port/port.o
 .comment       0x00000059       0x5a src/ASF/sam0/drivers/sercom/sercom.o
 .comment       0x00000059       0x5a src/ASF/sam0/drivers/sercom/spi/spi.o
 .comment       0x00000059       0x5a src/ASF/sam0/drivers/system/clock/clock_samd21_r21_da/clock.o
 .comment       0x00000059       0x5a src/ASF/sam0/drivers/system/clock/clock_samd21_r21_da/gclk.o
 .comment       0x00000059       0x5a src/ASF/sam0/drivers/system/pinmux/pinmux.o
 .comment       0x00000059       0x5a src/ASF/sam0/drivers/system/system.o
 .comment       0x00000059       0x5a src/ASF/sam0/drivers/usb/stack_interface/usb_device_udd.o
 .comment       0x00000059       0x5a src/ASF/sam0/drivers/usb/usb_sam_d_r/usb.o
 .comment       0x00000059       0x5a src/ASF/sam0/utils/cmsis/samd21/source/gcc/startup_samd21.o
 .comment       0x00000059       0x5a src/main.o

.debug_info     0x00000000    0x2b836
 .debug_info    0x00000000     0x279f src/ASF/sam0/drivers/rtc/rtc_sam_d_r/rtc_count.o
 .debug_info    0x0000279f      0xc6d src/ASF/common/services/usb/class/hid/device/mouse/example/samd21j18a_samd21_xplained_pro/ui.o
 .debug_info    0x0000340c      0x176 src/ASF/common/services/sleepmgr/samd/sleepmgr.o
 .debug_info    0x00003582      0x888 src/ASF/common/services/usb/class/hid/device/mouse/udi_hid_mouse.o
 .debug_info    0x00003e0a      0x808 src/ASF/common/services/usb/class/hid/device/mouse/udi_hid_mouse_desc.o
 .debug_info    0x00004612      0x409 src/ASF/common/services/usb/class/hid/device/udi_hid.o
 .debug_info    0x00004a1b     0x1093 src/ASF/common/services/usb/udc/udc.o
 .debug_info    0x00005aae      0x1ea src/ASF/common/utils/interrupt/interrupt_sam_nvic.o
 .debug_info    0x00005c98      0x98e src/ASF/sam0/boards/samd21_xplained_pro/board_init.o
 .debug_info    0x00006626     0x10b9 src/ASF/sam0/drivers/extint/extint_callback.o
 .debug_info    0x000076df     0x21f5 src/ASF/sam0/drivers/extint/extint_sam_d_r/extint.o
 .debug_info    0x000098d4      0x984 src/ASF/sam0/drivers/port/port.o
 .debug_info    0x0000a258     0x254b src/ASF/sam0/drivers/sercom/sercom.o
 .debug_info    0x0000c7a3     0x5d1e src/ASF/sam0/drivers/sercom/spi/spi.o
 .debug_info    0x000124c1     0x2eb5 src/ASF/sam0/drivers/system/clock/clock_samd21_r21_da/clock.o
 .debug_info    0x00015376     0x155a src/ASF/sam0/drivers/system/clock/clock_samd21_r21_da/gclk.o
 .debug_info    0x000168d0      0xae5 src/ASF/sam0/drivers/system/pinmux/pinmux.o
 .debug_info    0x000173b5      0x17c src/ASF/sam0/drivers/system/system.o
 .debug_info    0x00017531     0x5ffa src/ASF/sam0/drivers/usb/stack_interface/usb_device_udd.o
 .debug_info    0x0001d52b     0x49a0 src/ASF/sam0/drivers/usb/usb_sam_d_r/usb.o
 .debug_info    0x00021ecb     0x3a83 src/ASF/sam0/utils/cmsis/samd21/source/gcc/startup_samd21.o
 .debug_info    0x0002594e     0x5ee8 src/main.o

.debug_abbrev   0x00000000     0x3ee8
 .debug_abbrev  0x00000000      0x393 src/ASF/sam0/drivers/rtc/rtc_sam_d_r/rtc_count.o
 .debug_abbrev  0x00000393      0x2c7 src/ASF/common/services/usb/class/hid/device/mouse/example/samd21j18a_samd21_xplained_pro/ui.o
 .debug_abbrev  0x0000065a       0x9a src/ASF/common/services/sleepmgr/samd/sleepmgr.o
 .debug_abbrev  0x000006f4      0x2ed src/ASF/common/services/usb/class/hid/device/mouse/udi_hid_mouse.o
 .debug_abbrev  0x000009e1      0x127 src/ASF/common/services/usb/class/hid/device/mouse/udi_hid_mouse_desc.o
 .debug_abbrev  0x00000b08      0x175 src/ASF/common/services/usb/class/hid/device/udi_hid.o
 .debug_abbrev  0x00000c7d      0x34c src/ASF/common/services/usb/udc/udc.o
 .debug_abbrev  0x00000fc9       0xf6 src/ASF/common/utils/interrupt/interrupt_sam_nvic.o
 .debug_abbrev  0x000010bf      0x224 src/ASF/sam0/boards/samd21_xplained_pro/board_init.o
 .debug_abbrev  0x000012e3      0x299 src/ASF/sam0/drivers/extint/extint_callback.o
 .debug_abbrev  0x0000157c      0x40f src/ASF/sam0/drivers/extint/extint_sam_d_r/extint.o
 .debug_abbrev  0x0000198b      0x1dc src/ASF/sam0/drivers/port/port.o
 .debug_abbrev  0x00001b67      0x308 src/ASF/sam0/drivers/sercom/sercom.o
 .debug_abbrev  0x00001e6f      0x473 src/ASF/sam0/drivers/sercom/spi/spi.o
 .debug_abbrev  0x000022e2      0x409 src/ASF/sam0/drivers/system/clock/clock_samd21_r21_da/clock.o
 .debug_abbrev  0x000026eb      0x338 src/ASF/sam0/drivers/system/clock/clock_samd21_r21_da/gclk.o
 .debug_abbrev  0x00002a23      0x2d2 src/ASF/sam0/drivers/system/pinmux/pinmux.o
 .debug_abbrev  0x00002cf5       0xbb src/ASF/sam0/drivers/system/system.o
 .debug_abbrev  0x00002db0      0x56f src/ASF/sam0/drivers/usb/stack_interface/usb_device_udd.o
 .debug_abbrev  0x0000331f      0x450 src/ASF/sam0/drivers/usb/usb_sam_d_r/usb.o
 .debug_abbrev  0x0000376f      0x217 src/ASF/sam0/utils/cmsis/samd21/source/gcc/startup_samd21.o
 .debug_abbrev  0x00003986      0x562 src/main.o

.debug_loc      0x00000000     0x9e35
 .debug_loc     0x00000000      0x75f src/ASF/sam0/drivers/rtc/rtc_sam_d_r/rtc_count.o
 .debug_loc     0x0000075f      0x241 src/ASF/common/services/usb/class/hid/device/mouse/example/samd21j18a_samd21_xplained_pro/ui.o
 .debug_loc     0x000009a0      0x427 src/ASF/common/services/usb/class/hid/device/mouse/udi_hid_mouse.o
 .debug_loc     0x00000dc7      0x1ff src/ASF/common/services/usb/class/hid/device/udi_hid.o
 .debug_loc     0x00000fc6      0x495 src/ASF/common/services/usb/udc/udc.o
 .debug_loc     0x0000145b       0x8a src/ASF/sam0/boards/samd21_xplained_pro/board_init.o
 .debug_loc     0x000014e5      0x219 src/ASF/sam0/drivers/extint/extint_callback.o
 .debug_loc     0x000016fe      0x413 src/ASF/sam0/drivers/extint/extint_sam_d_r/extint.o
 .debug_loc     0x00001b11      0x13d src/ASF/sam0/drivers/port/port.o
 .debug_loc     0x00001c4e      0x9ae src/ASF/sam0/drivers/sercom/sercom.o
 .debug_loc     0x000025fc     0x2778 src/ASF/sam0/drivers/sercom/spi/spi.o
 .debug_loc     0x00004d74      0xf60 src/ASF/sam0/drivers/system/clock/clock_samd21_r21_da/clock.o
 .debug_loc     0x00005cd4      0x4e3 src/ASF/sam0/drivers/system/clock/clock_samd21_r21_da/gclk.o
 .debug_loc     0x000061b7      0x37a src/ASF/sam0/drivers/system/pinmux/pinmux.o
 .debug_loc     0x00006531       0x20 src/ASF/sam0/drivers/system/system.o
 .debug_loc     0x00006551     0x1225 src/ASF/sam0/drivers/usb/stack_interface/usb_device_udd.o
 .debug_loc     0x00007776     0x17df src/ASF/sam0/drivers/usb/usb_sam_d_r/usb.o
 .debug_loc     0x00008f55       0x20 src/ASF/sam0/utils/cmsis/samd21/source/gcc/startup_samd21.o
 .debug_loc     0x00008f75      0xec0 src/main.o

.debug_aranges  0x00000000      0x998
 .debug_aranges
                0x00000000       0x88 src/ASF/sam0/drivers/rtc/rtc_sam_d_r/rtc_count.o
 .debug_aranges
                0x00000088       0x50 src/ASF/common/services/usb/class/hid/device/mouse/example/samd21j18a_samd21_xplained_pro/ui.o
 .debug_aranges
                0x000000d8       0x18 src/ASF/common/services/sleepmgr/samd/sleepmgr.o
 .debug_aranges
                0x000000f0       0x90 src/ASF/common/services/usb/class/hid/device/mouse/udi_hid_mouse.o
 .debug_aranges
                0x00000180       0x18 src/ASF/common/services/usb/class/hid/device/mouse/udi_hid_mouse_desc.o
 .debug_aranges
                0x00000198       0x20 src/ASF/common/services/usb/class/hid/device/udi_hid.o
 .debug_aranges
                0x000001b8       0x70 src/ASF/common/services/usb/udc/udc.o
 .debug_aranges
                0x00000228       0x28 src/ASF/common/utils/interrupt/interrupt_sam_nvic.o
 .debug_aranges
                0x00000250       0x20 src/ASF/sam0/boards/samd21_xplained_pro/board_init.o
 .debug_aranges
                0x00000270       0x48 src/ASF/sam0/drivers/extint/extint_callback.o
 .debug_aranges
                0x000002b8       0x50 src/ASF/sam0/drivers/extint/extint_sam_d_r/extint.o
 .debug_aranges
                0x00000308       0x28 src/ASF/sam0/drivers/port/port.o
 .debug_aranges
                0x00000330       0x40 src/ASF/sam0/drivers/sercom/sercom.o
 .debug_aranges
                0x00000370       0x58 src/ASF/sam0/drivers/sercom/spi/spi.o
 .debug_aranges
                0x000003c8       0x78 src/ASF/sam0/drivers/system/clock/clock_samd21_r21_da/clock.o
 .debug_aranges
                0x00000440       0x80 src/ASF/sam0/drivers/system/clock/clock_samd21_r21_da/gclk.o
 .debug_aranges
                0x000004c0       0x40 src/ASF/sam0/drivers/system/pinmux/pinmux.o
 .debug_aranges
                0x00000500       0x28 src/ASF/sam0/drivers/system/system.o
 .debug_aranges
                0x00000528      0x130 src/ASF/sam0/drivers/usb/stack_interface/usb_device_udd.o
 .debug_aranges
                0x00000658      0x158 src/ASF/sam0/drivers/usb/usb_sam_d_r/usb.o
 .debug_aranges
                0x000007b0       0x28 src/ASF/sam0/utils/cmsis/samd21/source/gcc/startup_samd21.o
 .debug_aranges
                0x000007d8      0x1c0 src/main.o

.debug_ranges   0x00000000      0xc78
 .debug_ranges  0x00000000       0x78 src/ASF/sam0/drivers/rtc/rtc_sam_d_r/rtc_count.o
 .debug_ranges  0x00000078       0x40 src/ASF/common/services/usb/class/hid/device/mouse/example/samd21j18a_samd21_xplained_pro/ui.o
 .debug_ranges  0x000000b8       0x80 src/ASF/common/services/usb/class/hid/device/mouse/udi_hid_mouse.o
 .debug_ranges  0x00000138       0x10 src/ASF/common/services/usb/class/hid/device/udi_hid.o
 .debug_ranges  0x00000148       0x90 src/ASF/common/services/usb/udc/udc.o
 .debug_ranges  0x000001d8       0x18 src/ASF/common/utils/interrupt/interrupt_sam_nvic.o
 .debug_ranges  0x000001f0       0x10 src/ASF/sam0/boards/samd21_xplained_pro/board_init.o
 .debug_ranges  0x00000200       0x60 src/ASF/sam0/drivers/extint/extint_callback.o
 .debug_ranges  0x00000260       0x40 src/ASF/sam0/drivers/extint/extint_sam_d_r/extint.o
 .debug_ranges  0x000002a0       0x18 src/ASF/sam0/drivers/port/port.o
 .debug_ranges  0x000002b8       0x48 src/ASF/sam0/drivers/sercom/sercom.o
 .debug_ranges  0x00000300      0x3c8 src/ASF/sam0/drivers/sercom/spi/spi.o
 .debug_ranges  0x000006c8       0x80 src/ASF/sam0/drivers/system/clock/clock_samd21_r21_da/clock.o
 .debug_ranges  0x00000748       0x70 src/ASF/sam0/drivers/system/clock/clock_samd21_r21_da/gclk.o
 .debug_ranges  0x000007b8       0x30 src/ASF/sam0/drivers/system/pinmux/pinmux.o
 .debug_ranges  0x000007e8       0x18 src/ASF/sam0/drivers/system/system.o
 .debug_ranges  0x00000800      0x138 src/ASF/sam0/drivers/usb/stack_interface/usb_device_udd.o
 .debug_ranges  0x00000938      0x148 src/ASF/sam0/drivers/usb/usb_sam_d_r/usb.o
 .debug_ranges  0x00000a80       0x18 src/ASF/sam0/utils/cmsis/samd21/source/gcc/startup_samd21.o
 .debug_ranges  0x00000a98      0x1e0 src/main.o

.debug_macro    0x00000000    0x1e72c
 .debug_macro   0x00000000      0x50c src/ASF/sam0/drivers/rtc/rtc_sam_d_r/rtc_count.o
 .debug_macro   0x0000050c      0x856 src/ASF/sam0/drivers/rtc/rtc_sam_d_r/rtc_count.o
 .debug_macro   0x00000d62      0x16d src/ASF/sam0/drivers/rtc/rtc_sam_d_r/rtc_count.o
 .debug_macro   0x00000ecf      0x645 src/ASF/sam0/drivers/rtc/rtc_sam_d_r/rtc_count.o
 .debug_macro   0x00001514       0x22 src/ASF/sam0/drivers/rtc/rtc_sam_d_r/rtc_count.o
 .debug_macro   0x00001536       0x87 src/ASF/sam0/drivers/rtc/rtc_sam_d_r/rtc_count.o
 .debug_macro   0x000015bd       0x44 src/ASF/sam0/drivers/rtc/rtc_sam_d_r/rtc_count.o
 .debug_macro   0x00001601       0xfd src/ASF/sam0/drivers/rtc/rtc_sam_d_r/rtc_count.o
 .debug_macro   0x000016fe       0x22 src/ASF/sam0/drivers/rtc/rtc_sam_d_r/rtc_count.o
 .debug_macro   0x00001720      0x1df src/ASF/sam0/drivers/rtc/rtc_sam_d_r/rtc_count.o
 .debug_macro   0x000018ff       0x10 src/ASF/sam0/drivers/rtc/rtc_sam_d_r/rtc_count.o
 .debug_macro   0x0000190f       0x76 src/ASF/sam0/drivers/rtc/rtc_sam_d_r/rtc_count.o
 .debug_macro   0x00001985       0x16 src/ASF/sam0/drivers/rtc/rtc_sam_d_r/rtc_count.o
 .debug_macro   0x0000199b      0x6e5 src/ASF/sam0/drivers/rtc/rtc_sam_d_r/rtc_count.o
 .debug_macro   0x00002080      0xde2 src/ASF/sam0/drivers/rtc/rtc_sam_d_r/rtc_count.o
 .debug_macro   0x00002e62       0x22 src/ASF/sam0/drivers/rtc/rtc_sam_d_r/rtc_count.o
 .debug_macro   0x00002e84       0x40 src/ASF/sam0/drivers/rtc/rtc_sam_d_r/rtc_count.o
 .debug_macro   0x00002ec4       0x3a src/ASF/sam0/drivers/rtc/rtc_sam_d_r/rtc_count.o
 .debug_macro   0x00002efe       0x1f src/ASF/sam0/drivers/rtc/rtc_sam_d_r/rtc_count.o
 .debug_macro   0x00002f1d      0x250 src/ASF/sam0/drivers/rtc/rtc_sam_d_r/rtc_count.o
 .debug_macro   0x0000316d      0x682 src/ASF/sam0/drivers/rtc/rtc_sam_d_r/rtc_count.o
 .debug_macro   0x000037ef      0x8c1 src/ASF/sam0/drivers/rtc/rtc_sam_d_r/rtc_count.o
 .debug_macro   0x000040b0      0x235 src/ASF/sam0/drivers/rtc/rtc_sam_d_r/rtc_count.o
 .debug_macro   0x000042e5      0xd66 src/ASF/sam0/drivers/rtc/rtc_sam_d_r/rtc_count.o
 .debug_macro   0x0000504b      0x4ce src/ASF/sam0/drivers/rtc/rtc_sam_d_r/rtc_count.o
 .debug_macro   0x00005519      0x9fb src/ASF/sam0/drivers/rtc/rtc_sam_d_r/rtc_count.o
 .debug_macro   0x00005f14      0x82e src/ASF/sam0/drivers/rtc/rtc_sam_d_r/rtc_count.o
 .debug_macro   0x00006742      0x462 src/ASF/sam0/drivers/rtc/rtc_sam_d_r/rtc_count.o
 .debug_macro   0x00006ba4       0x5e src/ASF/sam0/drivers/rtc/rtc_sam_d_r/rtc_count.o
 .debug_macro   0x00006c02      0x907 src/ASF/sam0/drivers/rtc/rtc_sam_d_r/rtc_count.o
 .debug_macro   0x00007509      0x226 src/ASF/sam0/drivers/rtc/rtc_sam_d_r/rtc_count.o
 .debug_macro   0x0000772f      0x9d3 src/ASF/sam0/drivers/rtc/rtc_sam_d_r/rtc_count.o
 .debug_macro   0x00008102       0x5e src/ASF/sam0/drivers/rtc/rtc_sam_d_r/rtc_count.o
 .debug_macro   0x00008160      0x682 src/ASF/sam0/drivers/rtc/rtc_sam_d_r/rtc_count.o
 .debug_macro   0x000087e2      0x3b8 src/ASF/sam0/drivers/rtc/rtc_sam_d_r/rtc_count.o
 .debug_macro   0x00008b9a      0xc55 src/ASF/sam0/drivers/rtc/rtc_sam_d_r/rtc_count.o
 .debug_macro   0x000097ef     0x1093 src/ASF/sam0/drivers/rtc/rtc_sam_d_r/rtc_count.o
 .debug_macro   0x0000a882      0xc4a src/ASF/sam0/drivers/rtc/rtc_sam_d_r/rtc_count.o
 .debug_macro   0x0000b4cc      0x6c2 src/ASF/sam0/drivers/rtc/rtc_sam_d_r/rtc_count.o
 .debug_macro   0x0000bb8e     0x1b4e src/ASF/sam0/drivers/rtc/rtc_sam_d_r/rtc_count.o
 .debug_macro   0x0000d6dc     0x144d src/ASF/sam0/drivers/rtc/rtc_sam_d_r/rtc_count.o
 .debug_macro   0x0000eb29      0x351 src/ASF/sam0/drivers/rtc/rtc_sam_d_r/rtc_count.o
 .debug_macro   0x0000ee7a       0x7c src/ASF/sam0/drivers/rtc/rtc_sam_d_r/rtc_count.o
 .debug_macro   0x0000eef6       0xa0 src/ASF/sam0/drivers/rtc/rtc_sam_d_r/rtc_count.o
 .debug_macro   0x0000ef96       0x4c src/ASF/sam0/drivers/rtc/rtc_sam_d_r/rtc_count.o
 .debug_macro   0x0000efe2       0xca src/ASF/sam0/drivers/rtc/rtc_sam_d_r/rtc_count.o
 .debug_macro   0x0000f0ac       0x94 src/ASF/sam0/drivers/rtc/rtc_sam_d_r/rtc_count.o
 .debug_macro   0x0000f140       0x58 src/ASF/sam0/drivers/rtc/rtc_sam_d_r/rtc_count.o
 .debug_macro   0x0000f198      0x38a src/ASF/sam0/drivers/rtc/rtc_sam_d_r/rtc_count.o
 .debug_macro   0x0000f522       0x82 src/ASF/sam0/drivers/rtc/rtc_sam_d_r/rtc_count.o
 .debug_macro   0x0000f5a4      0x19a src/ASF/sam0/drivers/rtc/rtc_sam_d_r/rtc_count.o
 .debug_macro   0x0000f73e       0xb8 src/ASF/sam0/drivers/rtc/rtc_sam_d_r/rtc_count.o
 .debug_macro   0x0000f7f6       0xa0 src/ASF/sam0/drivers/rtc/rtc_sam_d_r/rtc_count.o
 .debug_macro   0x0000f896       0xbe src/ASF/sam0/drivers/rtc/rtc_sam_d_r/rtc_count.o
 .debug_macro   0x0000f954       0x1c src/ASF/sam0/drivers/rtc/rtc_sam_d_r/rtc_count.o
 .debug_macro   0x0000f970       0x1c src/ASF/sam0/drivers/rtc/rtc_sam_d_r/rtc_count.o
 .debug_macro   0x0000f98c       0x1c src/ASF/sam0/drivers/rtc/rtc_sam_d_r/rtc_count.o
 .debug_macro   0x0000f9a8       0x82 src/ASF/sam0/drivers/rtc/rtc_sam_d_r/rtc_count.o
 .debug_macro   0x0000fa2a      0x164 src/ASF/sam0/drivers/rtc/rtc_sam_d_r/rtc_count.o
 .debug_macro   0x0000fb8e       0xdc src/ASF/sam0/drivers/rtc/rtc_sam_d_r/rtc_count.o
 .debug_macro   0x0000fc6a      0x132 src/ASF/sam0/drivers/rtc/rtc_sam_d_r/rtc_count.o
 .debug_macro   0x0000fd9c      0x132 src/ASF/sam0/drivers/rtc/rtc_sam_d_r/rtc_count.o
 .debug_macro   0x0000fece      0x132 src/ASF/sam0/drivers/rtc/rtc_sam_d_r/rtc_count.o
 .debug_macro   0x00010000      0x132 src/ASF/sam0/drivers/rtc/rtc_sam_d_r/rtc_count.o
 .debug_macro   0x00010132      0x132 src/ASF/sam0/drivers/rtc/rtc_sam_d_r/rtc_count.o
 .debug_macro   0x00010264      0x132 src/ASF/sam0/drivers/rtc/rtc_sam_d_r/rtc_count.o
 .debug_macro   0x00010396      0x11e src/ASF/sam0/drivers/rtc/rtc_sam_d_r/rtc_count.o
 .debug_macro   0x000104b4       0xe2 src/ASF/sam0/drivers/rtc/rtc_sam_d_r/rtc_count.o
 .debug_macro   0x00010596       0xe2 src/ASF/sam0/drivers/rtc/rtc_sam_d_r/rtc_count.o
 .debug_macro   0x00010678       0xe2 src/ASF/sam0/drivers/rtc/rtc_sam_d_r/rtc_count.o
 .debug_macro   0x0001075a      0x136 src/ASF/sam0/drivers/rtc/rtc_sam_d_r/rtc_count.o
 .debug_macro   0x00010890      0x106 src/ASF/sam0/drivers/rtc/rtc_sam_d_r/rtc_count.o
 .debug_macro   0x00010996       0xfa src/ASF/sam0/drivers/rtc/rtc_sam_d_r/rtc_count.o
 .debug_macro   0x00010a90      0x40f src/ASF/sam0/drivers/rtc/rtc_sam_d_r/rtc_count.o
 .debug_macro   0x00010e9f       0x40 src/ASF/sam0/drivers/rtc/rtc_sam_d_r/rtc_count.o
 .debug_macro   0x00010edf      0x361 src/ASF/sam0/drivers/rtc/rtc_sam_d_r/rtc_count.o
 .debug_macro   0x00011240     0x16ed src/ASF/sam0/drivers/rtc/rtc_sam_d_r/rtc_count.o
 .debug_macro   0x0001292d       0x51 src/ASF/sam0/drivers/rtc/rtc_sam_d_r/rtc_count.o
 .debug_macro   0x0001297e       0x52 src/ASF/sam0/drivers/rtc/rtc_sam_d_r/rtc_count.o
 .debug_macro   0x000129d0       0x35 src/ASF/sam0/drivers/rtc/rtc_sam_d_r/rtc_count.o
 .debug_macro   0x00012a05       0x9c src/ASF/sam0/drivers/rtc/rtc_sam_d_r/rtc_count.o
 .debug_macro   0x00012aa1       0x16 src/ASF/sam0/drivers/rtc/rtc_sam_d_r/rtc_count.o
 .debug_macro   0x00012ab7       0x35 src/ASF/sam0/drivers/rtc/rtc_sam_d_r/rtc_count.o
 .debug_macro   0x00012aec      0x330 src/ASF/sam0/drivers/rtc/rtc_sam_d_r/rtc_count.o
 .debug_macro   0x00012e1c       0x10 src/ASF/sam0/drivers/rtc/rtc_sam_d_r/rtc_count.o
 .debug_macro   0x00012e2c       0x52 src/ASF/sam0/drivers/rtc/rtc_sam_d_r/rtc_count.o
 .debug_macro   0x00012e7e       0x16 src/ASF/sam0/drivers/rtc/rtc_sam_d_r/rtc_count.o
 .debug_macro   0x00012e94       0x43 src/ASF/sam0/drivers/rtc/rtc_sam_d_r/rtc_count.o
 .debug_macro   0x00012ed7      0x187 src/ASF/sam0/drivers/rtc/rtc_sam_d_r/rtc_count.o
 .debug_macro   0x0001305e       0x22 src/ASF/sam0/drivers/rtc/rtc_sam_d_r/rtc_count.o
 .debug_macro   0x00013080       0x3a src/ASF/sam0/drivers/rtc/rtc_sam_d_r/rtc_count.o
 .debug_macro   0x000130ba       0x10 src/ASF/sam0/drivers/rtc/rtc_sam_d_r/rtc_count.o
 .debug_macro   0x000130ca       0x40 src/ASF/sam0/drivers/rtc/rtc_sam_d_r/rtc_count.o
 .debug_macro   0x0001310a       0x6c src/ASF/sam0/drivers/rtc/rtc_sam_d_r/rtc_count.o
 .debug_macro   0x00013176       0x16 src/ASF/sam0/drivers/rtc/rtc_sam_d_r/rtc_count.o
 .debug_macro   0x0001318c      0x182 src/ASF/sam0/drivers/rtc/rtc_sam_d_r/rtc_count.o
 .debug_macro   0x0001330e       0x16 src/ASF/sam0/drivers/rtc/rtc_sam_d_r/rtc_count.o
 .debug_macro   0x00013324       0x16 src/ASF/sam0/drivers/rtc/rtc_sam_d_r/rtc_count.o
 .debug_macro   0x0001333a       0x29 src/ASF/sam0/drivers/rtc/rtc_sam_d_r/rtc_count.o
 .debug_macro   0x00013363       0x51 src/ASF/sam0/drivers/rtc/rtc_sam_d_r/rtc_count.o
 .debug_macro   0x000133b4       0x3f src/ASF/sam0/drivers/rtc/rtc_sam_d_r/rtc_count.o
 .debug_macro   0x000133f3      0x3df src/ASF/sam0/drivers/rtc/rtc_sam_d_r/rtc_count.o
 .debug_macro   0x000137d2       0x11 src/ASF/sam0/drivers/rtc/rtc_sam_d_r/rtc_count.o
 .debug_macro   0x000137e3      0x29d src/ASF/sam0/drivers/rtc/rtc_sam_d_r/rtc_count.o
 .debug_macro   0x00013a80      0x6ef src/ASF/common/services/usb/class/hid/device/mouse/example/samd21j18a_samd21_xplained_pro/ui.o
 .debug_macro   0x0001416f       0x18 src/ASF/common/services/usb/class/hid/device/mouse/example/samd21j18a_samd21_xplained_pro/ui.o
 .debug_macro   0x00014187       0x19 src/ASF/common/services/usb/class/hid/device/mouse/example/samd21j18a_samd21_xplained_pro/ui.o
 .debug_macro   0x000141a0      0x2a3 src/ASF/common/services/usb/class/hid/device/mouse/example/samd21j18a_samd21_xplained_pro/ui.o
 .debug_macro   0x00014443       0x10 src/ASF/common/services/usb/class/hid/device/mouse/example/samd21j18a_samd21_xplained_pro/ui.o
 .debug_macro   0x00014453      0x9f7 src/ASF/common/services/usb/class/hid/device/mouse/example/samd21j18a_samd21_xplained_pro/ui.o
 .debug_macro   0x00014e4a       0x18 src/ASF/common/services/usb/class/hid/device/mouse/example/samd21j18a_samd21_xplained_pro/ui.o
 .debug_macro   0x00014e62       0x22 src/ASF/common/services/usb/class/hid/device/mouse/example/samd21j18a_samd21_xplained_pro/ui.o
 .debug_macro   0x00014e84       0x2e src/ASF/common/services/usb/class/hid/device/mouse/example/samd21j18a_samd21_xplained_pro/ui.o
 .debug_macro   0x00014eb2       0xb2 src/ASF/common/services/usb/class/hid/device/mouse/example/samd21j18a_samd21_xplained_pro/ui.o
 .debug_macro   0x00014f64       0x10 src/ASF/common/services/usb/class/hid/device/mouse/example/samd21j18a_samd21_xplained_pro/ui.o
 .debug_macro   0x00014f74       0x16 src/ASF/common/services/usb/class/hid/device/mouse/example/samd21j18a_samd21_xplained_pro/ui.o
 .debug_macro   0x00014f8a       0x1c src/ASF/common/services/usb/class/hid/device/mouse/example/samd21j18a_samd21_xplained_pro/ui.o
 .debug_macro   0x00014fa6       0x35 src/ASF/common/services/usb/class/hid/device/mouse/example/samd21j18a_samd21_xplained_pro/ui.o
 .debug_macro   0x00014fdb       0x10 src/ASF/common/services/usb/class/hid/device/mouse/example/samd21j18a_samd21_xplained_pro/ui.o
 .debug_macro   0x00014feb       0x7c src/ASF/common/services/usb/class/hid/device/mouse/example/samd21j18a_samd21_xplained_pro/ui.o
 .debug_macro   0x00015067       0x28 src/ASF/common/services/usb/class/hid/device/mouse/example/samd21j18a_samd21_xplained_pro/ui.o
 .debug_macro   0x0001508f      0x24b src/ASF/common/services/usb/class/hid/device/mouse/example/samd21j18a_samd21_xplained_pro/ui.o
 .debug_macro   0x000152da      0x162 src/ASF/common/services/usb/class/hid/device/mouse/example/samd21j18a_samd21_xplained_pro/ui.o
 .debug_macro   0x0001543c      0x44f src/ASF/common/services/usb/class/hid/device/mouse/example/samd21j18a_samd21_xplained_pro/ui.o
 .debug_macro   0x0001588b       0x16 src/ASF/common/services/usb/class/hid/device/mouse/example/samd21j18a_samd21_xplained_pro/ui.o
 .debug_macro   0x000158a1       0x24 src/ASF/common/services/usb/class/hid/device/mouse/example/samd21j18a_samd21_xplained_pro/ui.o
 .debug_macro   0x000158c5       0x22 src/ASF/common/services/usb/class/hid/device/mouse/example/samd21j18a_samd21_xplained_pro/ui.o
 .debug_macro   0x000158e7      0x534 src/ASF/common/services/sleepmgr/samd/sleepmgr.o
 .debug_macro   0x00015e1b      0x590 src/ASF/common/services/usb/class/hid/device/mouse/udi_hid_mouse.o
 .debug_macro   0x000163ab       0x76 src/ASF/common/services/usb/class/hid/device/mouse/udi_hid_mouse.o
 .debug_macro   0x00016421       0x1c src/ASF/common/services/usb/class/hid/device/mouse/udi_hid_mouse.o
 .debug_macro   0x0001643d      0x571 src/ASF/common/services/usb/class/hid/device/mouse/udi_hid_mouse_desc.o
 .debug_macro   0x000169ae      0x573 src/ASF/common/services/usb/class/hid/device/udi_hid.o
 .debug_macro   0x00016f21      0x578 src/ASF/common/services/usb/udc/udc.o
 .debug_macro   0x00017499      0x4d3 src/ASF/common/utils/interrupt/interrupt_sam_nvic.o
 .debug_macro   0x0001796c      0x50e src/ASF/sam0/boards/samd21_xplained_pro/board_init.o
 .debug_macro   0x00017e7a       0x12 src/ASF/sam0/boards/samd21_xplained_pro/board_init.o
 .debug_macro   0x00017e8c      0x4f8 src/ASF/sam0/drivers/extint/extint_callback.o
 .debug_macro   0x00018384      0x553 src/ASF/sam0/drivers/extint/extint_sam_d_r/extint.o
 .debug_macro   0x000188d7       0x1f src/ASF/sam0/drivers/extint/extint_sam_d_r/extint.o
 .debug_macro   0x000188f6       0x10 src/ASF/sam0/drivers/extint/extint_sam_d_r/extint.o
 .debug_macro   0x00018906      0x4ed src/ASF/sam0/drivers/port/port.o
 .debug_macro   0x00018df3      0x561 src/ASF/sam0/drivers/sercom/sercom.o
 .debug_macro   0x00019354      0x58c src/ASF/sam0/drivers/sercom/spi/spi.o
 .debug_macro   0x000198e0      0x553 src/ASF/sam0/drivers/system/clock/clock_samd21_r21_da/clock.o
 .debug_macro   0x00019e33      0x509 src/ASF/sam0/drivers/system/clock/clock_samd21_r21_da/gclk.o
 .debug_macro   0x0001a33c      0x4e3 src/ASF/sam0/drivers/system/pinmux/pinmux.o
 .debug_macro   0x0001a81f       0x12 src/ASF/sam0/drivers/system/pinmux/pinmux.o
 .debug_macro   0x0001a831      0x517 src/ASF/sam0/drivers/system/system.o
 .debug_macro   0x0001ad48      0x66e src/ASF/sam0/drivers/usb/stack_interface/usb_device_udd.o
 .debug_macro   0x0001b3b6       0x4c src/ASF/sam0/drivers/usb/stack_interface/usb_device_udd.o
 .debug_macro   0x0001b402       0x8d src/ASF/sam0/drivers/usb/stack_interface/usb_device_udd.o
 .debug_macro   0x0001b48f       0x4a src/ASF/sam0/drivers/usb/stack_interface/usb_device_udd.o
 .debug_macro   0x0001b4d9       0x10 src/ASF/sam0/drivers/usb/stack_interface/usb_device_udd.o
 .debug_macro   0x0001b4e9       0x1c src/ASF/sam0/drivers/usb/stack_interface/usb_device_udd.o
 .debug_macro   0x0001b505      0x9fd src/ASF/sam0/drivers/usb/stack_interface/usb_device_udd.o
 .debug_macro   0x0001bf02       0x1c src/ASF/sam0/drivers/usb/stack_interface/usb_device_udd.o
 .debug_macro   0x0001bf1e      0x593 src/ASF/sam0/drivers/usb/usb_sam_d_r/usb.o
 .debug_macro   0x0001c4b1      0x2e5 src/ASF/sam0/utils/cmsis/samd21/source/gcc/startup_samd21.o
 .debug_macro   0x0001c796       0x3a src/ASF/sam0/utils/cmsis/samd21/source/gcc/startup_samd21.o
 .debug_macro   0x0001c7d0      0x721 src/main.o
 .debug_macro   0x0001cef1     0x17b7 src/main.o
 .debug_macro   0x0001e6a8       0x84 src/main.o

.debug_line     0x00000000    0x1082d
 .debug_line    0x00000000      0xb1b src/ASF/sam0/drivers/rtc/rtc_sam_d_r/rtc_count.o
 .debug_line    0x00000b1b      0xf97 src/ASF/common/services/usb/class/hid/device/mouse/example/samd21j18a_samd21_xplained_pro/ui.o
 .debug_line    0x00001ab2      0xa1b src/ASF/common/services/sleepmgr/samd/sleepmgr.o
 .debug_line    0x000024cd      0xb55 src/ASF/common/services/usb/class/hid/device/mouse/udi_hid_mouse.o
 .debug_line    0x00003022      0x9c9 src/ASF/common/services/usb/class/hid/device/mouse/udi_hid_mouse_desc.o
 .debug_line    0x000039eb      0xa1a src/ASF/common/services/usb/class/hid/device/udi_hid.o
 .debug_line    0x00004405      0xbb6 src/ASF/common/services/usb/udc/udc.o
 .debug_line    0x00004fbb      0x89a src/ASF/common/utils/interrupt/interrupt_sam_nvic.o
 .debug_line    0x00005855      0x941 src/ASF/sam0/boards/samd21_xplained_pro/board_init.o
 .debug_line    0x00006196      0x98f src/ASF/sam0/drivers/extint/extint_callback.o
 .debug_line    0x00006b25      0xbf4 src/ASF/sam0/drivers/extint/extint_sam_d_r/extint.o
 .debug_line    0x00007719      0x8c6 src/ASF/sam0/drivers/port/port.o
 .debug_line    0x00007fdf      0xb96 src/ASF/sam0/drivers/sercom/sercom.o
 .debug_line    0x00008b75     0x130c src/ASF/sam0/drivers/sercom/spi/spi.o
 .debug_line    0x00009e81      0xc2d src/ASF/sam0/drivers/system/clock/clock_samd21_r21_da/clock.o
 .debug_line    0x0000aaae      0xc35 src/ASF/sam0/drivers/system/clock/clock_samd21_r21_da/gclk.o
 .debug_line    0x0000b6e3      0x905 src/ASF/sam0/drivers/system/pinmux/pinmux.o
 .debug_line    0x0000bfe8      0x9b5 src/ASF/sam0/drivers/system/system.o
 .debug_line    0x0000c99d     0x130a src/ASF/sam0/drivers/usb/stack_interface/usb_device_udd.o
 .debug_line    0x0000dca7      0xf9c src/ASF/sam0/drivers/usb/usb_sam_d_r/usb.o
 .debug_line    0x0000ec43      0x648 src/ASF/sam0/utils/cmsis/samd21/source/gcc/startup_samd21.o
 .debug_line    0x0000f28b     0x15a2 src/main.o

.debug_str      0x00000000    0x94dfd
 .debug_str     0x00000000    0x805a3 src/ASF/sam0/drivers/rtc/rtc_sam_d_r/rtc_count.o
                              0x80ed3 (size before relaxing)
 .debug_str     0x000805a3     0x6f23 src/ASF/common/services/usb/class/hid/device/mouse/example/samd21j18a_samd21_xplained_pro/ui.o
                              0x8701a (size before relaxing)
 .debug_str     0x000874c6       0xa8 src/ASF/common/services/sleepmgr/samd/sleepmgr.o
                              0x7f118 (size before relaxing)
 .debug_str     0x0008756e      0x3a9 src/ASF/common/services/usb/class/hid/device/mouse/udi_hid_mouse.o
                              0x81a5c (size before relaxing)
 .debug_str     0x00087917      0x5db src/ASF/common/services/usb/class/hid/device/mouse/udi_hid_mouse_desc.o
                              0x81c9e (size before relaxing)
 .debug_str     0x00087ef2      0x293 src/ASF/common/services/usb/class/hid/device/udi_hid.o
                              0x819ed (size before relaxing)
 .debug_str     0x00088185      0x626 src/ASF/common/services/usb/udc/udc.o
                              0x82194 (size before relaxing)
 .debug_str     0x000887ab       0x65 src/ASF/common/utils/interrupt/interrupt_sam_nvic.o
                              0x7ef96 (size before relaxing)
 .debug_str     0x00088810      0x131 src/ASF/sam0/boards/samd21_xplained_pro/board_init.o
                              0x82c11 (size before relaxing)
 .debug_str     0x00088941      0x4c3 src/ASF/sam0/drivers/extint/extint_callback.o
                              0x7f7d9 (size before relaxing)
 .debug_str     0x00088e04      0x8b6 src/ASF/sam0/drivers/extint/extint_sam_d_r/extint.o
                              0x80726 (size before relaxing)
 .debug_str     0x000896ba       0x4e src/ASF/sam0/drivers/port/port.o
                              0x7f386 (size before relaxing)
 .debug_str     0x00089708      0x9e7 src/ASF/sam0/drivers/sercom/sercom.o
                              0x80617 (size before relaxing)
 .debug_str     0x0008a0ef      0x9f8 src/ASF/sam0/drivers/sercom/spi/spi.o
                              0x81322 (size before relaxing)
 .debug_str     0x0008aae7     0x16e8 src/ASF/sam0/drivers/system/clock/clock_samd21_r21_da/clock.o
                              0x820fb (size before relaxing)
 .debug_str     0x0008c1cf      0x2cd src/ASF/sam0/drivers/system/clock/clock_samd21_r21_da/gclk.o
                              0x7fc15 (size before relaxing)
 .debug_str     0x0008c49c      0x1b5 src/ASF/sam0/drivers/system/pinmux/pinmux.o
                              0x7f438 (size before relaxing)
 .debug_str     0x0008c651       0x47 src/ASF/sam0/drivers/system/system.o
                              0x7f041 (size before relaxing)
 .debug_str     0x0008c698     0x15ff src/ASF/sam0/drivers/usb/stack_interface/usb_device_udd.o
                              0x87bc7 (size before relaxing)
 .debug_str     0x0008dc97      0xa89 src/ASF/sam0/drivers/usb/usb_sam_d_r/usb.o
                              0x819d5 (size before relaxing)
 .debug_str     0x0008e720      0x8ce src/ASF/sam0/utils/cmsis/samd21/source/gcc/startup_samd21.o
                              0x6b373 (size before relaxing)
 .debug_str     0x0008efee     0x5e0f src/main.o
                              0x8e613 (size before relaxing)

.debug_frame    0x00000000     0x197c
 .debug_frame   0x00000000      0x178 src/ASF/sam0/drivers/rtc/rtc_sam_d_r/rtc_count.o
 .debug_frame   0x00000178       0xac src/ASF/common/services/usb/class/hid/device/mouse/example/samd21j18a_samd21_xplained_pro/ui.o
 .debug_frame   0x00000224      0x178 src/ASF/common/services/usb/class/hid/device/mouse/udi_hid_mouse.o
 .debug_frame   0x0000039c       0x2c src/ASF/common/services/usb/class/hid/device/udi_hid.o
 .debug_frame   0x000003c8      0x138 src/ASF/common/services/usb/udc/udc.o
 .debug_frame   0x00000500       0x30 src/ASF/common/utils/interrupt/interrupt_sam_nvic.o
 .debug_frame   0x00000530       0x30 src/ASF/sam0/boards/samd21_xplained_pro/board_init.o
 .debug_frame   0x00000560       0x7c src/ASF/sam0/drivers/extint/extint_callback.o
 .debug_frame   0x000005dc       0xb8 src/ASF/sam0/drivers/extint/extint_sam_d_r/extint.o
 .debug_frame   0x00000694       0x44 src/ASF/sam0/drivers/port/port.o
 .debug_frame   0x000006d8       0x9c src/ASF/sam0/drivers/sercom/sercom.o
 .debug_frame   0x00000774      0x120 src/ASF/sam0/drivers/sercom/spi/spi.o
 .debug_frame   0x00000894      0x158 src/ASF/sam0/drivers/system/clock/clock_samd21_r21_da/clock.o
 .debug_frame   0x000009ec      0x148 src/ASF/sam0/drivers/system/clock/clock_samd21_r21_da/gclk.o
 .debug_frame   0x00000b34       0x98 src/ASF/sam0/drivers/system/pinmux/pinmux.o
 .debug_frame   0x00000bcc       0x38 src/ASF/sam0/drivers/system/system.o
 .debug_frame   0x00000c04      0x374 src/ASF/sam0/drivers/usb/stack_interface/usb_device_udd.o
 .debug_frame   0x00000f78      0x3b0 src/ASF/sam0/drivers/usb/usb_sam_d_r/usb.o
 .debug_frame   0x00001328       0x3c src/ASF/sam0/utils/cmsis/samd21/source/gcc/startup_samd21.o
 .debug_frame   0x00001364      0x564 src/main.o
 .debug_frame   0x000018c8       0x20 c:/program files (x86)/atmel/studio/7.0/toolchain/arm/arm-gnu-toolchain/bin/../lib/gcc/arm-none-eabi/5.3.1/armv6-m\libgcc.a(_udivsi3.o)
 .debug_frame   0x000018e8       0x20 c:/program files (x86)/atmel/studio/7.0/toolchain/arm/arm-gnu-toolchain/bin/../lib/gcc/arm-none-eabi/5.3.1/armv6-m\libgcc.a(_divsi3.o)
 .debug_frame   0x00001908       0x2c c:/program files (x86)/atmel/studio/7.0/toolchain/arm/arm-gnu-toolchain/bin/../lib/gcc/arm-none-eabi/5.3.1/../../../../arm-none-eabi/lib/armv6-m\libc_nano.a(lib_a-init.o)
 .debug_frame   0x00001934       0x28 c:/program files (x86)/atmel/studio/7.0/toolchain/arm/arm-gnu-toolchain/bin/../lib/gcc/arm-none-eabi/5.3.1/../../../../arm-none-eabi/lib/armv6-m\libc_nano.a(lib_a-memcpy-stub.o)
 .debug_frame   0x0000195c       0x20 c:/program files (x86)/atmel/studio/7.0/toolchain/arm/arm-gnu-toolchain/bin/../lib/gcc/arm-none-eabi/5.3.1/../../../../arm-none-eabi/lib/armv6-m\libc_nano.a(lib_a-memset.o)

Cross Reference Table

Symbol                                            File
ACKReceived                                       src/main.o
ACK_RECEIVED                                      src/main.o
ACK_REQUESTED                                     src/main.o
AC_Handler                                        src/ASF/sam0/utils/cmsis/samd21/source/gcc/startup_samd21.o
ADC_Handler                                       src/ASF/sam0/utils/cmsis/samd21/source/gcc/startup_samd21.o
DAC_Handler                                       src/ASF/sam0/utils/cmsis/samd21/source/gcc/startup_samd21.o
DMAC_Handler                                      src/ASF/sam0/utils/cmsis/samd21/source/gcc/startup_samd21.o
Dummy_Handler                                     src/ASF/sam0/utils/cmsis/samd21/source/gcc/startup_samd21.o
EIC_Handler                                       src/ASF/sam0/drivers/extint/extint_callback.o
EVSYS_Handler                                     src/ASF/sam0/utils/cmsis/samd21/source/gcc/startup_samd21.o
HardFault_Handler                                 src/ASF/sam0/utils/cmsis/samd21/source/gcc/startup_samd21.o
I2S_Handler                                       src/ASF/sam0/utils/cmsis/samd21/source/gcc/startup_samd21.o
LEDSPIbuffer                                      src/main.o
NMI_Handler                                       src/ASF/sam0/utils/cmsis/samd21/source/gcc/startup_samd21.o
NVMCTRL_Handler                                   src/ASF/sam0/utils/cmsis/samd21/source/gcc/startup_samd21.o
PAYLOADLEN                                        src/main.o
PM_Handler                                        src/ASF/sam0/utils/cmsis/samd21/source/gcc/startup_samd21.o
PTC_Handler                                       src/ASF/sam0/utils/cmsis/samd21/source/gcc/startup_samd21.o
PendSV_Handler                                    src/ASF/sam0/utils/cmsis/samd21/source/gcc/startup_samd21.o
RFM69                                             src/main.o
RFM_ACKRequested                                  src/main.o
RFM_DATA                                          src/main.o
RFM_DATALEN                                       src/main.o
RFM_RSSI                                          src/main.o
RFM_SENDERID                                      src/main.o
RFM_encrypt                                       src/main.o
RFM_initialize                                    src/main.o
RFM_promiscuous                                   src/main.o
RFM_receiveDone                                   src/main.o
RFM_send                                          src/main.o
RFM_sendACK                                       src/main.o
RFM_sendWithRetry                                 src/main.o
RFM_setHighPower                                  src/main.o
RTC_Handler                                       src/ASF/sam0/utils/cmsis/samd21/source/gcc/startup_samd21.o
Reset_Handler                                     src/ASF/sam0/utils/cmsis/samd21/source/gcc/startup_samd21.o
SERCOM0_Handler                                   src/ASF/sam0/utils/cmsis/samd21/source/gcc/startup_samd21.o
SERCOM1_Handler                                   src/ASF/sam0/utils/cmsis/samd21/source/gcc/startup_samd21.o
SERCOM2_Handler                                   src/ASF/sam0/utils/cmsis/samd21/source/gcc/startup_samd21.o
SERCOM3_Handler                                   src/ASF/sam0/utils/cmsis/samd21/source/gcc/startup_samd21.o
SERCOM4_Handler                                   src/ASF/sam0/utils/cmsis/samd21/source/gcc/startup_samd21.o
SERCOM5_Handler                                   src/ASF/sam0/utils/cmsis/samd21/source/gcc/startup_samd21.o
SVC_Handler                                       src/ASF/sam0/utils/cmsis/samd21/source/gcc/startup_samd21.o
SYSCTRL_Handler                                   src/ASF/sam0/utils/cmsis/samd21/source/gcc/startup_samd21.o
SysTick_Handler                                   src/ASF/sam0/utils/cmsis/samd21/source/gcc/startup_samd21.o
SystemCoreClock                                   src/ASF/sam0/utils/cmsis/samd21/source/system_samd21.o
SystemCoreClockUpdate                             src/ASF/sam0/utils/cmsis/samd21/source/system_samd21.o
SystemInit                                        src/ASF/sam0/utils/cmsis/samd21/source/system_samd21.o
TARGETID                                          src/main.o
TC3_Handler                                       src/ASF/sam0/utils/cmsis/samd21/source/gcc/startup_samd21.o
TC4_Handler                                       src/ASF/sam0/utils/cmsis/samd21/source/gcc/startup_samd21.o
TC5_Handler                                       src/ASF/sam0/utils/cmsis/samd21/source/gcc/startup_samd21.o
TCC0_Handler                                      src/ASF/sam0/utils/cmsis/samd21/source/gcc/startup_samd21.o
TCC1_Handler                                      src/ASF/sam0/utils/cmsis/samd21/source/gcc/startup_samd21.o
TCC2_Handler                                      src/ASF/sam0/utils/cmsis/samd21/source/gcc/startup_samd21.o
USB_Handler                                       src/ASF/sam0/drivers/usb/usb_sam_d_r/usb.o
WDT_Handler                                       src/ASF/sam0/utils/cmsis/samd21/source/gcc/startup_samd21.o
_Jv_RegisterClasses                               c:/program files (x86)/atmel/studio/7.0/toolchain/arm/arm-gnu-toolchain/bin/../lib/gcc/arm-none-eabi/5.3.1/armv6-m/crtbegin.o
__aeabi_cdcmpeq                                   c:/program files (x86)/atmel/studio/7.0/toolchain/arm/arm-gnu-toolchain/bin/../lib/gcc/arm-none-eabi/5.3.1/armv6-m\libgcc.a(_arm_cmpdf2.o)
__aeabi_cdcmple                                   c:/program files (x86)/atmel/studio/7.0/toolchain/arm/arm-gnu-toolchain/bin/../lib/gcc/arm-none-eabi/5.3.1/armv6-m\libgcc.a(_arm_cmpdf2.o)
__aeabi_cdrcmple                                  c:/program files (x86)/atmel/studio/7.0/toolchain/arm/arm-gnu-toolchain/bin/../lib/gcc/arm-none-eabi/5.3.1/armv6-m\libgcc.a(_arm_cmpdf2.o)
__aeabi_d2iz                                      c:/program files (x86)/atmel/studio/7.0/toolchain/arm/arm-gnu-toolchain/bin/../lib/gcc/arm-none-eabi/5.3.1/armv6-m\libgcc.a(fixdfsi.o)
                                                  c:/program files (x86)/atmel/studio/7.0/toolchain/arm/arm-gnu-toolchain/bin/../lib/gcc/arm-none-eabi/5.3.1/armv6-m\libgcc.a(_fixunsdfsi.o)
__aeabi_d2uiz                                     c:/program files (x86)/atmel/studio/7.0/toolchain/arm/arm-gnu-toolchain/bin/../lib/gcc/arm-none-eabi/5.3.1/armv6-m\libgcc.a(_fixunsdfsi.o)
                                                  src/main.o
__aeabi_dcmpeq                                    c:/program files (x86)/atmel/studio/7.0/toolchain/arm/arm-gnu-toolchain/bin/../lib/gcc/arm-none-eabi/5.3.1/armv6-m\libgcc.a(_arm_cmpdf2.o)
__aeabi_dcmpge                                    c:/program files (x86)/atmel/studio/7.0/toolchain/arm/arm-gnu-toolchain/bin/../lib/gcc/arm-none-eabi/5.3.1/armv6-m\libgcc.a(_arm_cmpdf2.o)
                                                  c:/program files (x86)/atmel/studio/7.0/toolchain/arm/arm-gnu-toolchain/bin/../lib/gcc/arm-none-eabi/5.3.1/armv6-m\libgcc.a(_fixunsdfsi.o)
__aeabi_dcmpgt                                    c:/program files (x86)/atmel/studio/7.0/toolchain/arm/arm-gnu-toolchain/bin/../lib/gcc/arm-none-eabi/5.3.1/armv6-m\libgcc.a(_arm_cmpdf2.o)
__aeabi_dcmple                                    c:/program files (x86)/atmel/studio/7.0/toolchain/arm/arm-gnu-toolchain/bin/../lib/gcc/arm-none-eabi/5.3.1/armv6-m\libgcc.a(_arm_cmpdf2.o)
__aeabi_dcmplt                                    c:/program files (x86)/atmel/studio/7.0/toolchain/arm/arm-gnu-toolchain/bin/../lib/gcc/arm-none-eabi/5.3.1/armv6-m\libgcc.a(_arm_cmpdf2.o)
__aeabi_ddiv                                      c:/program files (x86)/atmel/studio/7.0/toolchain/arm/arm-gnu-toolchain/bin/../lib/gcc/arm-none-eabi/5.3.1/armv6-m\libgcc.a(divdf3.o)
                                                  src/main.o
__aeabi_dmul                                      c:/program files (x86)/atmel/studio/7.0/toolchain/arm/arm-gnu-toolchain/bin/../lib/gcc/arm-none-eabi/5.3.1/armv6-m\libgcc.a(muldf3.o)
                                                  src/main.o
__aeabi_dsub                                      c:/program files (x86)/atmel/studio/7.0/toolchain/arm/arm-gnu-toolchain/bin/../lib/gcc/arm-none-eabi/5.3.1/armv6-m\libgcc.a(subdf3.o)